DEBUG - 2025-07-11 04:16:31 --> Session: Class initialized using 'CodeIgniter\Session\Handlers\FileHandler' driver.
DEBUG - 2025-07-11 04:16:31 --> AJAX estimateShipping dipanggil.
DEBUG - 2025-07-11 04:16:31 --> Jarak Haversine dihitung: 3.4252553620752 km antara (-3.4398799,114.8332947) dan (-3.4603045339626,114.85639572144)
DEBUG - 2025-07-11 04:16:31 --> START Perhitungan Ongkir: Jarak: 3.4252553620752 km. Ada Bunga Papan: TIDAK
DEBUG - 2025-07-11 04:16:31 --> Logika Ongkir Normal Aktif.
DEBUG - 2025-07-11 04:16:31 --> Normal: 1-5 km, Ongkir: 20000
DEBUG - 2025-07-11 04:16:31 --> END Perhitungan Ongkir. Hasil akhir: 20000
DEBUG - 2025-07-11 04:17:39 --> Session: Class initialized using 'CodeIgniter\Session\Handlers\FileHandler' driver.
DEBUG - 2025-07-11 04:17:39 --> AJAX estimateShipping dipanggil.
DEBUG - 2025-07-11 04:17:39 --> Jarak Haversine dihitung: 2.6175449815141 km antara (-3.4398799,114.8332947) dan (-3.447002772372,114.81081746963)
DEBUG - 2025-07-11 04:17:39 --> START Perhitungan Ongkir: Jarak: 2.6175449815141 km. Ada Bunga Papan: TIDAK
DEBUG - 2025-07-11 04:17:39 --> Logika Ongkir Normal Aktif.
DEBUG - 2025-07-11 04:17:39 --> Normal: 1-5 km, Ongkir: 20000
DEBUG - 2025-07-11 04:17:39 --> END Perhitungan Ongkir. Hasil akhir: 20000
DEBUG - 2025-07-11 04:18:24 --> Session: Class initialized using 'CodeIgniter\Session\Handlers\FileHandler' driver.
DEBUG - 2025-07-11 04:18:24 --> AJAX estimateShipping dipanggil.
DEBUG - 2025-07-11 04:18:24 --> Jarak Haversine dihitung: 3.4432198970327 km antara (-3.4398799,114.8332947) dan (-3.4549429209038,114.8603987848)
DEBUG - 2025-07-11 04:18:24 --> START Perhitungan Ongkir: Jarak: 3.4432198970327 km. Ada Bunga Papan: TIDAK
DEBUG - 2025-07-11 04:18:24 --> Logika Ongkir Normal Aktif.
DEBUG - 2025-07-11 04:18:24 --> Normal: 1-5 km, Ongkir: 20000
DEBUG - 2025-07-11 04:18:24 --> END Perhitungan Ongkir. Hasil akhir: 20000
DEBUG - 2025-07-11 04:20:14 --> Session: Class initialized using 'CodeIgniter\Session\Handlers\FileHandler' driver.
DEBUG - 2025-07-11 04:20:14 --> AJAX estimateShipping dipanggil.
DEBUG - 2025-07-11 04:20:14 --> Jarak Haversine dihitung: 2.2647299998348 km antara (-3.4398799,114.8332947) dan (-3.4451971970144,114.85299110238)
DEBUG - 2025-07-11 04:20:14 --> START Perhitungan Ongkir: Jarak: 2.2647299998348 km. Ada Bunga Papan: TIDAK
DEBUG - 2025-07-11 04:20:14 --> Logika Ongkir Normal Aktif.
DEBUG - 2025-07-11 04:20:14 --> Normal: 1-5 km, Ongkir: 20000
DEBUG - 2025-07-11 04:20:14 --> END Perhitungan Ongkir. Hasil akhir: 20000
DEBUG - 2025-07-11 04:23:31 --> Session: Class initialized using 'CodeIgniter\Session\Handlers\FileHandler' driver.
DEBUG - 2025-07-11 04:23:31 --> User tidak login saat akses checkout.
DEBUG - 2025-07-11 04:23:47 --> Session: Class initialized using 'CodeIgniter\Session\Handlers\FileHandler' driver.
DEBUG - 2025-07-11 04:23:47 --> User tidak login saat akses checkout.
DEBUG - 2025-07-11 04:23:52 --> Session: Class initialized using 'CodeIgniter\Session\Handlers\FileHandler' driver.
DEBUG - 2025-07-11 04:23:52 --> AJAX estimateShipping dipanggil.
DEBUG - 2025-07-11 04:23:52 --> Jarak Haversine dihitung: 170.74969433791 km antara (-3.4398799,114.8332947) dan (-2.20731637645,113.91629219055)
DEBUG - 2025-07-11 04:23:52 --> START Perhitungan Ongkir: Jarak: 170.74969433791 km. Ada Bunga Papan: TIDAK
DEBUG - 2025-07-11 04:23:52 --> Logika Ongkir Normal Aktif.
DEBUG - 2025-07-11 04:23:52 --> Normal: >15 km, Ongkir: 100000
DEBUG - 2025-07-11 04:23:52 --> END Perhitungan Ongkir. Hasil akhir: 100000
DEBUG - 2025-07-11 04:24:36 --> Session: Class initialized using 'CodeIgniter\Session\Handlers\FileHandler' driver.
DEBUG - 2025-07-11 04:24:36 --> AJAX estimateShipping dipanggil.
DEBUG - 2025-07-11 04:24:36 --> Jarak Haversine dihitung: 21.887347022437 km antara (-3.4398799,114.8332947) dan (-3.3427523138243,114.66178893956)
DEBUG - 2025-07-11 04:24:36 --> START Perhitungan Ongkir: Jarak: 21.887347022437 km. Ada Bunga Papan: TIDAK
DEBUG - 2025-07-11 04:24:36 --> Logika Ongkir Normal Aktif.
DEBUG - 2025-07-11 04:24:36 --> Normal: >15 km, Ongkir: 100000
DEBUG - 2025-07-11 04:24:36 --> END Perhitungan Ongkir. Hasil akhir: 100000
DEBUG - 2025-07-11 04:24:48 --> Session: Class initialized using 'CodeIgniter\Session\Handlers\FileHandler' driver.
DEBUG - 2025-07-11 04:24:48 --> User tidak login saat akses checkout.
DEBUG - 2025-07-11 04:29:16 --> Session: Class initialized using 'CodeIgniter\Session\Handlers\FileHandler' driver.
DEBUG - 2025-07-11 04:29:16 --> User tidak login saat akses checkout.
DEBUG - 2025-07-11 04:30:46 --> Session: Class initialized using 'CodeIgniter\Session\Handlers\FileHandler' driver.
DEBUG - 2025-07-11 04:30:46 --> User tidak login saat akses checkout.
DEBUG - 2025-07-11 04:32:01 --> Session: Class initialized using 'CodeIgniter\Session\Handlers\FileHandler' driver.
DEBUG - 2025-07-11 04:32:01 --> User tidak login saat akses checkout.
DEBUG - 2025-07-11 04:32:30 --> Session: Class initialized using 'CodeIgniter\Session\Handlers\FileHandler' driver.
DEBUG - 2025-07-11 04:32:30 --> AJAX estimateShipping dipanggil.
DEBUG - 2025-07-11 04:32:30 --> Jarak Haversine dihitung: 21.17458659815 km antara (-3.4398799,114.8332947) dan (-3.4914894304598,114.64965817519)
DEBUG - 2025-07-11 04:32:30 --> START Perhitungan Ongkir: Jarak: 21.17458659815 km. Ada Bunga Papan: TIDAK
DEBUG - 2025-07-11 04:32:30 --> Logika Ongkir Normal Aktif.
DEBUG - 2025-07-11 04:32:30 --> Normal: >15 km, Ongkir: 100000
DEBUG - 2025-07-11 04:32:30 --> END Perhitungan Ongkir. Hasil akhir: 100000
DEBUG - 2025-07-11 04:33:26 --> Session: Class initialized using 'CodeIgniter\Session\Handlers\FileHandler' driver.
DEBUG - 2025-07-11 04:33:26 --> User tidak login saat akses checkout.
DEBUG - 2025-07-11 04:33:48 --> Session: Class initialized using 'CodeIgniter\Session\Handlers\FileHandler' driver.
DEBUG - 2025-07-11 04:33:48 --> AJAX estimateShipping dipanggil.
DEBUG - 2025-07-11 04:33:48 --> Jarak Haversine dihitung: 5.1610599507748 km antara (-3.4398799,114.8332947) dan (-3.486292017633,114.8328208919)
DEBUG - 2025-07-11 04:33:48 --> START Perhitungan Ongkir: Jarak: 5.1610599507748 km. Ada Bunga Papan: TIDAK
DEBUG - 2025-07-11 04:33:48 --> Logika Ongkir Normal Aktif.
DEBUG - 2025-07-11 04:33:48 --> Normal: 1-5 km, Ongkir: 20000
DEBUG - 2025-07-11 04:33:48 --> END Perhitungan Ongkir. Hasil akhir: 20000
DEBUG - 2025-07-11 04:34:03 --> Session: Class initialized using 'CodeIgniter\Session\Handlers\FileHandler' driver.
DEBUG - 2025-07-11 04:34:03 --> AJAX estimateShipping dipanggil.
DEBUG - 2025-07-11 04:34:03 --> Jarak Haversine dihitung: 2.8832732691598 km antara (-3.4398799,114.8332947) dan (-3.4624749377388,114.84603881661)
DEBUG - 2025-07-11 04:34:03 --> START Perhitungan Ongkir: Jarak: 2.8832732691598 km. Ada Bunga Papan: TIDAK
DEBUG - 2025-07-11 04:34:03 --> Logika Ongkir Normal Aktif.
DEBUG - 2025-07-11 04:34:03 --> Normal: 1-5 km, Ongkir: 20000
DEBUG - 2025-07-11 04:34:03 --> END Perhitungan Ongkir. Hasil akhir: 20000
DEBUG - 2025-07-11 04:37:13 --> Session: Class initialized using 'CodeIgniter\Session\Handlers\FileHandler' driver.
DEBUG - 2025-07-11 04:37:48 --> Session: Class initialized using 'CodeIgniter\Session\Handlers\FileHandler' driver.
DEBUG - 2025-07-11 04:37:58 --> Session: Class initialized using 'CodeIgniter\Session\Handlers\FileHandler' driver.
DEBUG - 2025-07-11 04:38:34 --> Session: Class initialized using 'CodeIgniter\Session\Handlers\FileHandler' driver.
DEBUG - 2025-07-11 04:38:34 --> User tidak login saat akses checkout.
DEBUG - 2025-07-11 04:38:48 --> Session: Class initialized using 'CodeIgniter\Session\Handlers\FileHandler' driver.
DEBUG - 2025-07-11 04:38:48 --> AJAX estimateShipping dipanggil.
DEBUG - 2025-07-11 04:38:48 --> Jarak Haversine dihitung: 170.01000141286 km antara (-3.4398799,114.8332947) dan (-2.2093207325183,113.92477512349)
DEBUG - 2025-07-11 04:38:48 --> START Perhitungan Ongkir: Jarak: 170.01000141286 km. Ada Bunga Papan: TIDAK
DEBUG - 2025-07-11 04:38:48 --> Logika Ongkir Normal Aktif.
DEBUG - 2025-07-11 04:38:48 --> Normal: >15 km, Ongkir: 100000
DEBUG - 2025-07-11 04:38:48 --> END Perhitungan Ongkir. Hasil akhir: 100000
DEBUG - 2025-07-11 04:39:11 --> Session: Class initialized using 'CodeIgniter\Session\Handlers\FileHandler' driver.
DEBUG - 2025-07-11 04:39:11 --> AJAX estimateShipping dipanggil.
DEBUG - 2025-07-11 04:39:11 --> Jarak Haversine dihitung: 29.277627411012 km antara (-3.4398799,114.8332947) dan (-3.3237872622896,114.5965576137)
DEBUG - 2025-07-11 04:39:11 --> START Perhitungan Ongkir: Jarak: 29.277627411012 km. Ada Bunga Papan: TIDAK
DEBUG - 2025-07-11 04:39:11 --> Logika Ongkir Normal Aktif.
DEBUG - 2025-07-11 04:39:11 --> Normal: >15 km, Ongkir: 100000
DEBUG - 2025-07-11 04:39:11 --> END Perhitungan Ongkir. Hasil akhir: 100000
DEBUG - 2025-07-11 04:44:30 --> Session: Class initialized using 'CodeIgniter\Session\Handlers\FileHandler' driver.
DEBUG - 2025-07-11 04:44:30 --> User tidak login saat akses checkout.
DEBUG - 2025-07-11 04:44:46 --> Session: Class initialized using 'CodeIgniter\Session\Handlers\FileHandler' driver.
DEBUG - 2025-07-11 04:44:46 --> AJAX estimateShipping dipanggil.
DEBUG - 2025-07-11 04:44:46 --> Jarak Haversine dihitung: 161.11440925453 km antara (-3.4398799,114.8332947) dan (-2.1784300254539,114.11956786411)
DEBUG - 2025-07-11 04:44:47 --> START Perhitungan Ongkir: Jarak: 161.11440925453 km. Ada Bunga Papan: TIDAK
DEBUG - 2025-07-11 04:44:47 --> Logika Ongkir Normal Aktif.
DEBUG - 2025-07-11 04:44:47 --> Normal: >15 km, Ongkir: 100000
DEBUG - 2025-07-11 04:44:47 --> END Perhitungan Ongkir. Hasil akhir: 100000
DEBUG - 2025-07-11 04:44:53 --> Session: Class initialized using 'CodeIgniter\Session\Handlers\FileHandler' driver.
DEBUG - 2025-07-11 04:44:53 --> AJAX estimateShipping dipanggil.
DEBUG - 2025-07-11 04:44:53 --> Jarak Haversine dihitung: 7.1452129550196 km antara (-3.4398799,114.8332947) dan (-3.4505947373563,114.76982116525)
DEBUG - 2025-07-11 04:44:53 --> START Perhitungan Ongkir: Jarak: 7.1452129550196 km. Ada Bunga Papan: TIDAK
DEBUG - 2025-07-11 04:44:53 --> Logika Ongkir Normal Aktif.
DEBUG - 2025-07-11 04:44:53 --> Normal: 6-10 km, Ongkir: 30000
DEBUG - 2025-07-11 04:44:53 --> END Perhitungan Ongkir. Hasil akhir: 30000
DEBUG - 2025-07-11 04:45:17 --> Session: Class initialized using 'CodeIgniter\Session\Handlers\FileHandler' driver.
DEBUG - 2025-07-11 04:45:17 --> AJAX estimateShipping dipanggil.
DEBUG - 2025-07-11 04:45:17 --> Jarak Haversine dihitung: 0.89561975504357 km antara (-3.4398799,114.8332947) dan (-3.4467107953614,114.83757018956)
DEBUG - 2025-07-11 04:45:17 --> START Perhitungan Ongkir: Jarak: 0.89561975504357 km. Ada Bunga Papan: TIDAK
DEBUG - 2025-07-11 04:45:17 --> Logika Ongkir Normal Aktif.
DEBUG - 2025-07-11 04:45:17 --> Normal: Jarak < 1 km, Ongkir: 0
DEBUG - 2025-07-11 04:45:17 --> END Perhitungan Ongkir. Hasil akhir: 0
DEBUG - 2025-07-11 04:45:19 --> Session: Class initialized using 'CodeIgniter\Session\Handlers\FileHandler' driver.
DEBUG - 2025-07-11 04:45:19 --> AJAX estimateShipping dipanggil.
DEBUG - 2025-07-11 04:45:19 --> Jarak Haversine dihitung: 1.201983325126 km antara (-3.4398799,114.8332947) dan (-3.4480816013066,114.82624053868)
DEBUG - 2025-07-11 04:45:19 --> START Perhitungan Ongkir: Jarak: 1.201983325126 km. Ada Bunga Papan: TIDAK
DEBUG - 2025-07-11 04:45:19 --> Logika Ongkir Normal Aktif.
DEBUG - 2025-07-11 04:45:19 --> Normal: 1-5 km, Ongkir: 20000
DEBUG - 2025-07-11 04:45:19 --> END Perhitungan Ongkir. Hasil akhir: 20000
DEBUG - 2025-07-11 04:45:54 --> Session: Class initialized using 'CodeIgniter\Session\Handlers\FileHandler' driver.
DEBUG - 2025-07-11 04:45:54 --> AJAX estimateShipping dipanggil.
DEBUG - 2025-07-11 04:45:54 --> Jarak Haversine dihitung: 1.201983325126 km antara (-3.4398799,114.8332947) dan (-3.4480816013066,114.82624053868)
DEBUG - 2025-07-11 04:45:54 --> START Perhitungan Ongkir: Jarak: 1.201983325126 km. Ada Bunga Papan: TIDAK
DEBUG - 2025-07-11 04:45:54 --> Logika Ongkir Normal Aktif.
DEBUG - 2025-07-11 04:45:54 --> Normal: 1-5 km, Ongkir: 20000
DEBUG - 2025-07-11 04:45:54 --> END Perhitungan Ongkir. Hasil akhir: 20000
DEBUG - 2025-07-11 04:45:55 --> Session: Class initialized using 'CodeIgniter\Session\Handlers\FileHandler' driver.
DEBUG - 2025-07-11 04:45:55 --> AJAX estimateShipping dipanggil.
DEBUG - 2025-07-11 04:45:55 --> Jarak Haversine dihitung: 1.201983325126 km antara (-3.4398799,114.8332947) dan (-3.4480816013066,114.82624053868)
DEBUG - 2025-07-11 04:45:55 --> START Perhitungan Ongkir: Jarak: 1.201983325126 km. Ada Bunga Papan: TIDAK
DEBUG - 2025-07-11 04:45:55 --> Logika Ongkir Normal Aktif.
DEBUG - 2025-07-11 04:45:55 --> Normal: 1-5 km, Ongkir: 20000
DEBUG - 2025-07-11 04:45:55 --> END Perhitungan Ongkir. Hasil akhir: 20000
DEBUG - 2025-07-11 04:45:56 --> Session: Class initialized using 'CodeIgniter\Session\Handlers\FileHandler' driver.
DEBUG - 2025-07-11 04:45:56 --> AJAX estimateShipping dipanggil.
DEBUG - 2025-07-11 04:45:56 --> Jarak Haversine dihitung: 1.201983325126 km antara (-3.4398799,114.8332947) dan (-3.4480816013066,114.82624053868)
DEBUG - 2025-07-11 04:45:56 --> START Perhitungan Ongkir: Jarak: 1.201983325126 km. Ada Bunga Papan: TIDAK
DEBUG - 2025-07-11 04:45:56 --> Logika Ongkir Normal Aktif.
DEBUG - 2025-07-11 04:45:56 --> Normal: 1-5 km, Ongkir: 20000
DEBUG - 2025-07-11 04:45:56 --> END Perhitungan Ongkir. Hasil akhir: 20000
DEBUG - 2025-07-11 04:45:58 --> Session: Class initialized using 'CodeIgniter\Session\Handlers\FileHandler' driver.
DEBUG - 2025-07-11 04:45:58 --> AJAX estimateShipping dipanggil.
DEBUG - 2025-07-11 04:45:58 --> Jarak Haversine dihitung: 1.201983325126 km antara (-3.4398799,114.8332947) dan (-3.4480816013066,114.82624053868)
DEBUG - 2025-07-11 04:45:58 --> START Perhitungan Ongkir: Jarak: 1.201983325126 km. Ada Bunga Papan: TIDAK
DEBUG - 2025-07-11 04:45:58 --> Logika Ongkir Normal Aktif.
DEBUG - 2025-07-11 04:45:58 --> Normal: 1-5 km, Ongkir: 20000
DEBUG - 2025-07-11 04:45:58 --> END Perhitungan Ongkir. Hasil akhir: 20000
DEBUG - 2025-07-11 04:46:17 --> Session: Class initialized using 'CodeIgniter\Session\Handlers\FileHandler' driver.
DEBUG - 2025-07-11 04:46:17 --> AJAX estimateShipping dipanggil.
DEBUG - 2025-07-11 04:46:17 --> Jarak Haversine dihitung: 1.201983325126 km antara (-3.4398799,114.8332947) dan (-3.4480816013066,114.82624053868)
DEBUG - 2025-07-11 04:46:17 --> START Perhitungan Ongkir: Jarak: 1.201983325126 km. Ada Bunga Papan: TIDAK
DEBUG - 2025-07-11 04:46:17 --> Logika Ongkir Normal Aktif.
DEBUG - 2025-07-11 04:46:17 --> Normal: 1-5 km, Ongkir: 20000
DEBUG - 2025-07-11 04:46:17 --> END Perhitungan Ongkir. Hasil akhir: 20000
DEBUG - 2025-07-11 04:47:03 --> Session: Class initialized using 'CodeIgniter\Session\Handlers\FileHandler' driver.
DEBUG - 2025-07-11 04:47:03 --> Memulai proses pesanan di processOrder().
DEBUG - 2025-07-11 04:47:03 --> Validasi dasar form BERHASIL.
DEBUG - 2025-07-11 04:47:03 --> Keranjang memiliki 2 item.
DEBUG - 2025-07-11 04:47:03 --> Subtotal produk: 285000
DEBUG - 2025-07-11 04:47:03 --> Jarak Haversine dihitung: 1.201983325126 km antara (-3.4398799,114.8332947) dan (-3.4480816013066,114.82624053868)
DEBUG - 2025-07-11 04:47:03 --> START Perhitungan Ongkir: Jarak: 1.201983325126 km. Ada Bunga Papan: TIDAK
DEBUG - 2025-07-11 04:47:03 --> Logika Ongkir Normal Aktif.
DEBUG - 2025-07-11 04:47:03 --> Normal: 1-5 km, Ongkir: 20000
DEBUG - 2025-07-11 04:47:03 --> END Perhitungan Ongkir. Hasil akhir: 20000
DEBUG - 2025-07-11 04:47:03 --> Tipe pengantaran: Delivery. Jarak: 1.201983325126 km. Biaya: 20000. Lat: -3.4480816013066318, Lng: 114.82624053867768
DEBUG - 2025-07-11 04:47:03 --> Total keseluruhan pesanan (produk + pengiriman): 305000
DEBUG - 2025-07-11 04:47:03 --> Nama Penerima Lengkap: Ardi Wibowo
DEBUG - 2025-07-11 04:47:03 --> Nomor HP Penerima: 098765431232
DEBUG - 2025-07-11 04:47:03 --> Alamat Teks: jl. Tjilik Riwut Km.29
DEBUG - 2025-07-11 04:47:03 --> Tanggal Pengantaran: 2025-07-11
DEBUG - 2025-07-11 04:47:03 --> Metode Pembayaran: Cash On Delivery
DEBUG - 2025-07-11 04:47:03 --> Final $orderData untuk insert: {"user_id":null,"tanggal_pesan":"2025-07-11 04:47:03","status_pesanan":"Pending","total_harga":305000,"metode_pembayaran":"Cash On Delivery","tanggal_pengantaran":"2025-07-11","tipe_pengantaran":"Delivery","catatan_penerima":"","penerima_nama":"Ardi Wibowo","penerima_nomor_hp":"098765431232","alamat_pengiriman_teks":"jl. Tjilik Riwut Km.29","alamat_latitude":"-3.4480816013066318","alamat_longitude":"114.82624053867768"}
DEBUG - 2025-07-11 04:47:03 --> Hasil insert() dari OrderModel: TRUE
DEBUG - 2025-07-11 04:47:03 --> Order ID setelah insert: 8
DEBUG - 2025-07-11 04:47:03 --> Order berhasil diinsert dengan ID: 8
DEBUG - 2025-07-11 04:47:03 --> Processing order item for product code: PRDK04
DEBUG - 2025-07-11 04:47:03 --> Item data: {"id":"PRDK04","name":"Bucket Mawar + Aster + Daun LL","price":132000,"quantity":1,"image":"6667871ceb0b5.png"}
DEBUG - 2025-07-11 04:47:03 --> Final $orderItemData untuk insert OrderItem: {"order_id":8,"product_id":"PRDK04","kuantitas":1,"harga_satuan":132000}
DEBUG - 2025-07-11 04:47:03 --> Hasil OrderItem Insert: TRUE
DEBUG - 2025-07-11 04:47:03 --> Processing order item for product code: PRDK03
DEBUG - 2025-07-11 04:47:03 --> Item data: {"id":"PRDK03","name":"Bucket Mawar + Aster","price":153000,"quantity":1,"image":"666786b6583c4.png"}
DEBUG - 2025-07-11 04:47:03 --> Final $orderItemData untuk insert OrderItem: {"order_id":8,"product_id":"PRDK03","kuantitas":1,"harga_satuan":153000}
DEBUG - 2025-07-11 04:47:03 --> Hasil OrderItem Insert: TRUE
DEBUG - 2025-07-11 04:47:03 --> Semua order items berhasil diinsert.
DEBUG - 2025-07-11 04:47:04 --> Transaksi database Committed.
DEBUG - 2025-07-11 04:47:04 --> Keranjang dibersihkan dari sesi.
DEBUG - 2025-07-11 04:47:06 --> Session: Class initialized using 'CodeIgniter\Session\Handlers\FileHandler' driver.
DEBUG - 2025-07-11 04:47:06 --> Keranjang kosong saat akses checkout. Redirect ke halaman keranjang.
DEBUG - 2025-07-11 04:47:06 --> Session: Class initialized using 'CodeIgniter\Session\Handlers\FileHandler' driver.
DEBUG - 2025-07-11 04:47:34 --> Session: Class initialized using 'CodeIgniter\Session\Handlers\FileHandler' driver.
DEBUG - 2025-07-11 04:47:41 --> Session: Class initialized using 'CodeIgniter\Session\Handlers\FileHandler' driver.
DEBUG - 2025-07-11 04:47:45 --> Session: Class initialized using 'CodeIgniter\Session\Handlers\FileHandler' driver.
DEBUG - 2025-07-11 04:47:45 --> User tidak login saat akses checkout.
DEBUG - 2025-07-11 04:48:02 --> Session: Class initialized using 'CodeIgniter\Session\Handlers\FileHandler' driver.
DEBUG - 2025-07-11 04:48:02 --> AJAX estimateShipping dipanggil.
DEBUG - 2025-07-11 04:48:02 --> Jarak Haversine dihitung: 12.271648220398 km antara (-3.4398799,114.8332947) dan (-3.5353521454009,114.77783197537)
DEBUG - 2025-07-11 04:48:02 --> START Perhitungan Ongkir: Jarak: 12.271648220398 km. Ada Bunga Papan: TIDAK
DEBUG - 2025-07-11 04:48:02 --> Logika Ongkir Normal Aktif.
DEBUG - 2025-07-11 04:48:02 --> Normal: 11-15 km, Ongkir: 50000
DEBUG - 2025-07-11 04:48:02 --> END Perhitungan Ongkir. Hasil akhir: 50000
DEBUG - 2025-07-11 04:48:29 --> Session: Class initialized using 'CodeIgniter\Session\Handlers\FileHandler' driver.
DEBUG - 2025-07-11 04:48:29 --> Memulai proses pesanan di processOrder().
DEBUG - 2025-07-11 04:48:29 --> Validasi dasar form BERHASIL.
DEBUG - 2025-07-11 04:48:29 --> Keranjang memiliki 1 item.
DEBUG - 2025-07-11 04:48:29 --> Subtotal produk: 120000
DEBUG - 2025-07-11 04:48:29 --> Jarak Haversine dihitung: 12.271648220398 km antara (-3.4398799,114.8332947) dan (-3.5353521454009,114.77783197537)
DEBUG - 2025-07-11 04:48:29 --> START Perhitungan Ongkir: Jarak: 12.271648220398 km. Ada Bunga Papan: TIDAK
DEBUG - 2025-07-11 04:48:29 --> Logika Ongkir Normal Aktif.
DEBUG - 2025-07-11 04:48:29 --> Normal: 11-15 km, Ongkir: 50000
DEBUG - 2025-07-11 04:48:29 --> END Perhitungan Ongkir. Hasil akhir: 50000
DEBUG - 2025-07-11 04:48:29 --> Tipe pengantaran: Delivery. Jarak: 12.271648220398 km. Biaya: 50000. Lat: -3.535352145400865, Lng: 114.77783197537066
DEBUG - 2025-07-11 04:48:29 --> Total keseluruhan pesanan (produk + pengiriman): 170000
DEBUG - 2025-07-11 04:48:29 --> Nama Penerima Lengkap: coba anu
DEBUG - 2025-07-11 04:48:29 --> Nomor HP Penerima: 098765431232
DEBUG - 2025-07-11 04:48:29 --> Alamat Teks: Bentok Kampung, Tanah Laut, South Kalimantan, Kalimantan, Indonesia
DEBUG - 2025-07-11 04:48:29 --> Tanggal Pengantaran: 2025-07-11
DEBUG - 2025-07-11 04:48:29 --> Metode Pembayaran: Cash On Delivery
DEBUG - 2025-07-11 04:48:29 --> Final $orderData untuk insert: {"user_id":null,"tanggal_pesan":"2025-07-11 04:48:29","status_pesanan":"Pending","total_harga":170000,"metode_pembayaran":"Cash On Delivery","tanggal_pengantaran":"2025-07-11","tipe_pengantaran":"Delivery","catatan_penerima":"","penerima_nama":"coba anu","penerima_nomor_hp":"098765431232","alamat_pengiriman_teks":"Bentok Kampung, Tanah Laut, South Kalimantan, Kalimantan, Indonesia","alamat_latitude":"-3.535352145400865","alamat_longitude":"114.77783197537066"}
DEBUG - 2025-07-11 04:48:29 --> Hasil insert() dari OrderModel: TRUE
DEBUG - 2025-07-11 04:48:29 --> Order ID setelah insert: 9
DEBUG - 2025-07-11 04:48:29 --> Order berhasil diinsert dengan ID: 9
DEBUG - 2025-07-11 04:48:29 --> Processing order item for product code: PRDK01
DEBUG - 2025-07-11 04:48:29 --> Item data: {"id":"PRDK01","name":"Bucket Mawar + Pikok","price":120000,"quantity":1,"image":"666785862bdb8.png"}
DEBUG - 2025-07-11 04:48:29 --> Final $orderItemData untuk insert OrderItem: {"order_id":9,"product_id":"PRDK01","kuantitas":1,"harga_satuan":120000}
DEBUG - 2025-07-11 04:48:29 --> Hasil OrderItem Insert: TRUE
DEBUG - 2025-07-11 04:48:29 --> Semua order items berhasil diinsert.
DEBUG - 2025-07-11 04:48:29 --> Transaksi database Committed.
DEBUG - 2025-07-11 04:48:29 --> Keranjang dibersihkan dari sesi.
DEBUG - 2025-07-11 04:48:49 --> Session: Class initialized using 'CodeIgniter\Session\Handlers\FileHandler' driver.
DEBUG - 2025-07-11 04:48:49 --> Keranjang kosong saat akses checkout. Redirect ke halaman keranjang.
DEBUG - 2025-07-11 04:48:49 --> Session: Class initialized using 'CodeIgniter\Session\Handlers\FileHandler' driver.
DEBUG - 2025-07-11 04:48:57 --> Session: Class initialized using 'CodeIgniter\Session\Handlers\FileHandler' driver.
DEBUG - 2025-07-11 05:54:45 --> Session: Class initialized using 'CodeIgniter\Session\Handlers\FileHandler' driver.
DEBUG - 2025-07-11 06:40:56 --> Session: Class initialized using 'CodeIgniter\Session\Handlers\FileHandler' driver.
DEBUG - 2025-07-11 06:41:02 --> Session: Class initialized using 'CodeIgniter\Session\Handlers\FileHandler' driver.
DEBUG - 2025-07-11 06:41:06 --> Session: Class initialized using 'CodeIgniter\Session\Handlers\FileHandler' driver.
DEBUG - 2025-07-11 06:41:09 --> Session: Class initialized using 'CodeIgniter\Session\Handlers\FileHandler' driver.
DEBUG - 2025-07-11 06:41:09 --> User tidak login saat akses checkout.
DEBUG - 2025-07-11 06:41:47 --> Session: Class initialized using 'CodeIgniter\Session\Handlers\FileHandler' driver.
DEBUG - 2025-07-11 06:41:47 --> AJAX estimateShipping dipanggil.
DEBUG - 2025-07-11 06:41:48 --> Jarak Haversine dihitung: 8.7054366312901 km antara (-3.4398799,114.8332947) dan (-3.4453971049128,114.75505828814)
DEBUG - 2025-07-11 06:41:48 --> START Perhitungan Ongkir: Jarak: 8.7054366312901 km. Ada Bunga Papan: TIDAK
DEBUG - 2025-07-11 06:41:48 --> Logika Ongkir Normal Aktif.
DEBUG - 2025-07-11 06:41:48 --> Normal: 6-10 km, Ongkir: 30000
DEBUG - 2025-07-11 06:41:48 --> END Perhitungan Ongkir. Hasil akhir: 30000
DEBUG - 2025-07-11 07:18:31 --> Session: Class initialized using 'CodeIgniter\Session\Handlers\FileHandler' driver.
DEBUG - 2025-07-11 07:18:41 --> Session: Class initialized using 'CodeIgniter\Session\Handlers\FileHandler' driver.
DEBUG - 2025-07-11 07:39:49 --> Session: Class initialized using 'CodeIgniter\Session\Handlers\FileHandler' driver.
DEBUG - 2025-07-11 07:39:49 --> User tidak login saat akses checkout.
DEBUG - 2025-07-11 08:13:03 --> Session: Class initialized using 'CodeIgniter\Session\Handlers\FileHandler' driver.
DEBUG - 2025-07-11 08:13:03 --> User tidak login saat akses checkout.
DEBUG - 2025-07-11 08:13:35 --> Session: Class initialized using 'CodeIgniter\Session\Handlers\FileHandler' driver.
DEBUG - 2025-07-11 08:13:35 --> Memulai proses pesanan di processOrder().
ERROR - 2025-07-11 08:13:35 --> Validasi form GAGAL: {"alamat_pengiriman_teks":"The alamat_pengiriman_teks field is required when tipe_pengantaran,Delivery is present."}
DEBUG - 2025-07-11 08:13:35 --> Session: Class initialized using 'CodeIgniter\Session\Handlers\FileHandler' driver.
DEBUG - 2025-07-11 08:13:35 --> User tidak login saat akses checkout.
DEBUG - 2025-07-11 08:13:54 --> Session: Class initialized using 'CodeIgniter\Session\Handlers\FileHandler' driver.
DEBUG - 2025-07-11 08:13:54 --> AJAX estimateShipping dipanggil.
DEBUG - 2025-07-11 08:13:54 --> Jarak Haversine dihitung: 5.9648312469545 km antara (-3.4398799,114.8332947) dan (-3.4659018919488,114.78630065743)
DEBUG - 2025-07-11 08:13:54 --> START Perhitungan Ongkir: Jarak: 5.9648312469545 km. Ada Bunga Papan: TIDAK
DEBUG - 2025-07-11 08:13:54 --> Logika Ongkir Normal Aktif.
DEBUG - 2025-07-11 08:13:54 --> Normal: 1-5 km, Ongkir: 20000
DEBUG - 2025-07-11 08:13:54 --> END Perhitungan Ongkir. Hasil akhir: 20000
DEBUG - 2025-07-11 08:13:59 --> Session: Class initialized using 'CodeIgniter\Session\Handlers\FileHandler' driver.
DEBUG - 2025-07-11 08:13:59 --> Memulai proses pesanan di processOrder().
DEBUG - 2025-07-11 08:13:59 --> Validasi dasar form BERHASIL.
DEBUG - 2025-07-11 08:13:59 --> Keranjang memiliki 1 item.
DEBUG - 2025-07-11 08:13:59 --> Subtotal produk: 120000
DEBUG - 2025-07-11 08:13:59 --> Jarak Haversine dihitung: 5.9648312469545 km antara (-3.4398799,114.8332947) dan (-3.4659018919488,114.78630065743)
DEBUG - 2025-07-11 08:13:59 --> START Perhitungan Ongkir: Jarak: 5.9648312469545 km. Ada Bunga Papan: TIDAK
DEBUG - 2025-07-11 08:13:59 --> Logika Ongkir Normal Aktif.
DEBUG - 2025-07-11 08:13:59 --> Normal: 1-5 km, Ongkir: 20000
DEBUG - 2025-07-11 08:13:59 --> END Perhitungan Ongkir. Hasil akhir: 20000
DEBUG - 2025-07-11 08:13:59 --> Tipe pengantaran: Delivery. Jarak: 5.9648312469545 km. Biaya: 20000. Lat: -3.465901891948764, Lng: 114.78630065743347
DEBUG - 2025-07-11 08:13:59 --> Total keseluruhan pesanan (produk + pengiriman): 140000
DEBUG - 2025-07-11 08:13:59 --> Nama Penerima Lengkap: Ardi Wibowo
DEBUG - 2025-07-11 08:13:59 --> Nomor HP Penerima: 098765431232
DEBUG - 2025-07-11 08:13:59 --> Alamat Teks: Banjarbaru, South Kalimantan, Kalimantan, 70721, Indonesia
DEBUG - 2025-07-11 08:13:59 --> Tanggal Pengantaran: 2025-07-11
DEBUG - 2025-07-11 08:13:59 --> Metode Pembayaran: Cash On Delivery
DEBUG - 2025-07-11 08:13:59 --> Final $orderData untuk insert: {"user_id":null,"tanggal_pesan":"2025-07-11 08:13:59","status_pesanan":"Pending","total_harga":140000,"metode_pembayaran":"Cash On Delivery","tanggal_pengantaran":"2025-07-11","tipe_pengantaran":"Delivery","catatan_penerima":"","penerima_nama":"Ardi Wibowo","penerima_nomor_hp":"098765431232","alamat_pengiriman_teks":"Banjarbaru, South Kalimantan, Kalimantan, 70721, Indonesia","alamat_latitude":"-3.465901891948764","alamat_longitude":"114.78630065743347"}
DEBUG - 2025-07-11 08:13:59 --> Hasil insert() dari OrderModel: TRUE
DEBUG - 2025-07-11 08:13:59 --> Order ID setelah insert: 10
DEBUG - 2025-07-11 08:13:59 --> Order berhasil diinsert dengan ID: 10
DEBUG - 2025-07-11 08:13:59 --> Processing order item for product code: PRDK01
DEBUG - 2025-07-11 08:13:59 --> Item data: {"id":"PRDK01","name":"Bucket Mawar + Pikok","price":120000,"quantity":1,"image":"666785862bdb8.png"}
DEBUG - 2025-07-11 08:13:59 --> Final $orderItemData untuk insert OrderItem: {"order_id":10,"product_id":"PRDK01","kuantitas":1,"harga_satuan":120000}
DEBUG - 2025-07-11 08:13:59 --> Hasil OrderItem Insert: TRUE
DEBUG - 2025-07-11 08:13:59 --> Semua order items berhasil diinsert.
DEBUG - 2025-07-11 08:13:59 --> Transaksi database Committed.
DEBUG - 2025-07-11 08:13:59 --> Keranjang dibersihkan dari sesi.
DEBUG - 2025-07-11 08:14:10 --> Session: Class initialized using 'CodeIgniter\Session\Handlers\FileHandler' driver.
DEBUG - 2025-07-11 08:14:20 --> Session: Class initialized using 'CodeIgniter\Session\Handlers\FileHandler' driver.
DEBUG - 2025-07-11 08:14:34 --> Session: Class initialized using 'CodeIgniter\Session\Handlers\FileHandler' driver.
DEBUG - 2025-07-11 08:14:34 --> Keranjang kosong saat akses checkout. Redirect ke halaman keranjang.
DEBUG - 2025-07-11 08:14:34 --> Session: Class initialized using 'CodeIgniter\Session\Handlers\FileHandler' driver.
DEBUG - 2025-07-11 08:14:34 --> Session: Class initialized using 'CodeIgniter\Session\Handlers\FileHandler' driver.
DEBUG - 2025-07-11 08:14:34 --> Keranjang kosong saat akses checkout. Redirect ke halaman keranjang.
DEBUG - 2025-07-11 08:14:35 --> Session: Class initialized using 'CodeIgniter\Session\Handlers\FileHandler' driver.
DEBUG - 2025-07-11 08:14:36 --> Session: Class initialized using 'CodeIgniter\Session\Handlers\FileHandler' driver.
DEBUG - 2025-07-11 08:15:21 --> Session: Class initialized using 'CodeIgniter\Session\Handlers\FileHandler' driver.
DEBUG - 2025-07-11 08:15:29 --> Session: Class initialized using 'CodeIgniter\Session\Handlers\FileHandler' driver.
DEBUG - 2025-07-11 08:15:32 --> Session: Class initialized using 'CodeIgniter\Session\Handlers\FileHandler' driver.
DEBUG - 2025-07-11 08:15:32 --> User tidak login saat akses checkout.
DEBUG - 2025-07-11 08:15:48 --> Session: Class initialized using 'CodeIgniter\Session\Handlers\FileHandler' driver.
DEBUG - 2025-07-11 08:15:48 --> Memulai proses pesanan di processOrder().
ERROR - 2025-07-11 08:15:48 --> Validasi form GAGAL: {"alamat_pengiriman_teks":"The alamat_pengiriman_teks field is required when tipe_pengantaran,Delivery is present."}
DEBUG - 2025-07-11 08:15:49 --> Session: Class initialized using 'CodeIgniter\Session\Handlers\FileHandler' driver.
DEBUG - 2025-07-11 08:15:49 --> User tidak login saat akses checkout.
DEBUG - 2025-07-11 08:15:53 --> Session: Class initialized using 'CodeIgniter\Session\Handlers\FileHandler' driver.
DEBUG - 2025-07-11 08:15:53 --> Memulai proses pesanan di processOrder().
ERROR - 2025-07-11 08:15:53 --> Validasi form GAGAL: {"alamat_pengiriman_teks":"The alamat_pengiriman_teks field is required when tipe_pengantaran,Delivery is present."}
DEBUG - 2025-07-11 08:15:53 --> Session: Class initialized using 'CodeIgniter\Session\Handlers\FileHandler' driver.
DEBUG - 2025-07-11 08:15:53 --> User tidak login saat akses checkout.
DEBUG - 2025-07-11 08:17:26 --> Session: Class initialized using 'CodeIgniter\Session\Handlers\FileHandler' driver.
DEBUG - 2025-07-11 08:17:26 --> User tidak login saat akses checkout.
DEBUG - 2025-07-11 08:17:37 --> Session: Class initialized using 'CodeIgniter\Session\Handlers\FileHandler' driver.
DEBUG - 2025-07-11 08:17:37 --> Memulai proses pesanan di processOrder().
DEBUG - 2025-07-11 08:17:37 --> Validasi dasar form BERHASIL.
DEBUG - 2025-07-11 08:17:37 --> Keranjang memiliki 1 item.
DEBUG - 2025-07-11 08:17:37 --> Subtotal produk: 120000
DEBUG - 2025-07-11 08:17:37 --> Tipe pengantaran: Self-Pickup. Biaya: 0.
DEBUG - 2025-07-11 08:17:37 --> Total keseluruhan pesanan (produk + pengiriman): 120000
DEBUG - 2025-07-11 08:17:37 --> Nama Penerima Lengkap: Ardi Wibowo
DEBUG - 2025-07-11 08:17:37 --> Nomor HP Penerima: 098765431232
DEBUG - 2025-07-11 08:17:37 --> Alamat Teks: 
DEBUG - 2025-07-11 08:17:37 --> Tanggal Pengantaran: 2025-07-11
DEBUG - 2025-07-11 08:17:37 --> Metode Pembayaran: Cash On Delivery
DEBUG - 2025-07-11 08:17:37 --> Final $orderData untuk insert: {"user_id":null,"tanggal_pesan":"2025-07-11 08:17:37","status_pesanan":"Pending","total_harga":120000,"metode_pembayaran":"Cash On Delivery","tanggal_pengantaran":"2025-07-11","tipe_pengantaran":"Self-Pickup","catatan_penerima":"","penerima_nama":"Ardi Wibowo","penerima_nomor_hp":"098765431232","alamat_pengiriman_teks":"","alamat_latitude":null,"alamat_longitude":null}
DEBUG - 2025-07-11 08:17:37 --> Hasil insert() dari OrderModel: TRUE
DEBUG - 2025-07-11 08:17:37 --> Order ID setelah insert: 11
DEBUG - 2025-07-11 08:17:37 --> Order berhasil diinsert dengan ID: 11
DEBUG - 2025-07-11 08:17:37 --> Processing order item for product code: PRDK01
DEBUG - 2025-07-11 08:17:37 --> Item data: {"id":"PRDK01","name":"Bucket Mawar + Pikok","price":120000,"quantity":1,"image":"666785862bdb8.png"}
DEBUG - 2025-07-11 08:17:37 --> Final $orderItemData untuk insert OrderItem: {"order_id":11,"product_id":"PRDK01","kuantitas":1,"harga_satuan":120000}
DEBUG - 2025-07-11 08:17:37 --> Hasil OrderItem Insert: TRUE
DEBUG - 2025-07-11 08:17:37 --> Semua order items berhasil diinsert.
DEBUG - 2025-07-11 08:17:37 --> Transaksi database Committed.
DEBUG - 2025-07-11 08:17:37 --> Keranjang dibersihkan dari sesi.
DEBUG - 2025-07-11 08:20:37 --> Session: Class initialized using 'CodeIgniter\Session\Handlers\FileHandler' driver.
DEBUG - 2025-07-11 08:20:45 --> Session: Class initialized using 'CodeIgniter\Session\Handlers\FileHandler' driver.
DEBUG - 2025-07-11 08:20:50 --> Session: Class initialized using 'CodeIgniter\Session\Handlers\FileHandler' driver.
DEBUG - 2025-07-11 08:20:54 --> Session: Class initialized using 'CodeIgniter\Session\Handlers\FileHandler' driver.
DEBUG - 2025-07-11 08:20:54 --> Session: Class initialized using 'CodeIgniter\Session\Handlers\FileHandler' driver.
DEBUG - 2025-07-11 08:20:58 --> Session: Class initialized using 'CodeIgniter\Session\Handlers\FileHandler' driver.
DEBUG - 2025-07-11 08:20:58 --> User tidak login saat akses checkout.
DEBUG - 2025-07-11 09:25:12 --> Session: Class initialized using 'CodeIgniter\Session\Handlers\FileHandler' driver.
DEBUG - 2025-07-11 09:25:12 --> User tidak login saat akses checkout.
DEBUG - 2025-07-11 09:26:14 --> Session: Class initialized using 'CodeIgniter\Session\Handlers\FileHandler' driver.
DEBUG - 2025-07-11 09:26:14 --> Memulai proses pesanan di processOrder().
ERROR - 2025-07-11 09:26:14 --> Validasi form GAGAL: {"alamat_pengiriman_teks":"The alamat_pengiriman_teks field is required when tipe_pengantaran,Delivery is present."}
DEBUG - 2025-07-11 09:26:14 --> Session: Class initialized using 'CodeIgniter\Session\Handlers\FileHandler' driver.
DEBUG - 2025-07-11 09:26:14 --> User tidak login saat akses checkout.
DEBUG - 2025-07-11 09:38:20 --> Session: Class initialized using 'CodeIgniter\Session\Handlers\FileHandler' driver.
DEBUG - 2025-07-11 09:38:20 --> Memulai proses pesanan di processOrder().
ERROR - 2025-07-11 09:38:20 --> Validasi form GAGAL: {"alamat_pengiriman_teks":"The alamat_pengiriman_teks field is required when tipe_pengantaran,Delivery is present."}
DEBUG - 2025-07-11 09:38:20 --> Session: Class initialized using 'CodeIgniter\Session\Handlers\FileHandler' driver.
DEBUG - 2025-07-11 09:38:20 --> User tidak login saat akses checkout.
DEBUG - 2025-07-11 09:38:51 --> Session: Class initialized using 'CodeIgniter\Session\Handlers\FileHandler' driver.
DEBUG - 2025-07-11 09:38:51 --> User tidak login saat akses checkout.
DEBUG - 2025-07-11 09:39:02 --> Session: Class initialized using 'CodeIgniter\Session\Handlers\FileHandler' driver.
DEBUG - 2025-07-11 09:39:02 --> Memulai proses pesanan di processOrder().
DEBUG - 2025-07-11 09:39:02 --> Validasi dasar form BERHASIL.
DEBUG - 2025-07-11 09:39:02 --> Keranjang memiliki 1 item.
DEBUG - 2025-07-11 09:39:02 --> Subtotal produk: 270000
DEBUG - 2025-07-11 09:39:02 --> Tipe pengantaran: Self-Pickup. Biaya: 0.
DEBUG - 2025-07-11 09:39:02 --> Total keseluruhan pesanan (produk + pengiriman): 270000
DEBUG - 2025-07-11 09:39:02 --> Nama Penerima Lengkap: Ardi Wibowo
DEBUG - 2025-07-11 09:39:02 --> Nomor HP Penerima: 098765431232
DEBUG - 2025-07-11 09:39:02 --> Alamat Teks: 
DEBUG - 2025-07-11 09:39:02 --> Tanggal Pengantaran: 2025-07-11
DEBUG - 2025-07-11 09:39:02 --> Metode Pembayaran: Direct Bank Transfer
DEBUG - 2025-07-11 09:39:02 --> Initial $orderDataTemp: {"user_id":null,"tanggal_pesan":"2025-07-11 09:39:02","status_pesanan":"Menunggu Bukti Transfer","total_harga":270000,"metode_pembayaran":"Direct Bank Transfer","tanggal_pengantaran":"2025-07-11","tipe_pengantaran":"Self-Pickup","catatan_penerima":"","penerima_nama":"Ardi Wibowo","penerima_nomor_hp":"098765431232","alamat_latitude":null,"alamat_longitude":null,"bukti_bayar":null}
ERROR - 2025-07-11 09:39:02 --> mysqli_sql_exception: Column 'bukti_bayar' cannot be null in C:\xampp\htdocs\jsflorist\vendor\codeigniter4\framework\system\Database\MySQLi\Connection.php:327
Stack trace:
#0 C:\xampp\htdocs\jsflorist\vendor\codeigniter4\framework\system\Database\MySQLi\Connection.php(327): mysqli->query('INSERT INTO `or...', 0)
#1 C:\xampp\htdocs\jsflorist\vendor\codeigniter4\framework\system\Database\BaseConnection.php(738): CodeIgniter\Database\MySQLi\Connection->execute('INSERT INTO `or...')
#2 C:\xampp\htdocs\jsflorist\vendor\codeigniter4\framework\system\Database\BaseConnection.php(652): CodeIgniter\Database\BaseConnection->simpleQuery('INSERT INTO `or...')
#3 C:\xampp\htdocs\jsflorist\vendor\codeigniter4\framework\system\Database\BaseBuilder.php(2345): CodeIgniter\Database\BaseConnection->query('INSERT INTO `or...', Array, false)
#4 C:\xampp\htdocs\jsflorist\vendor\codeigniter4\framework\system\Model.php(394): CodeIgniter\Database\BaseBuilder->insert()
#5 C:\xampp\htdocs\jsflorist\vendor\codeigniter4\framework\system\BaseModel.php(843): CodeIgniter\Model->doInsert(Array)
#6 C:\xampp\htdocs\jsflorist\vendor\codeigniter4\framework\system\Model.php(800): CodeIgniter\BaseModel->insert(Array, false)
#7 C:\xampp\htdocs\jsflorist\app\Controllers\CheckoutController.php(278): CodeIgniter\Model->insert(Array, false)
#8 C:\xampp\htdocs\jsflorist\vendor\codeigniter4\framework\system\CodeIgniter.php(933): App\Controllers\CheckoutController->processOrder()
#9 C:\xampp\htdocs\jsflorist\vendor\codeigniter4\framework\system\CodeIgniter.php(507): CodeIgniter\CodeIgniter->runController(Object(App\Controllers\CheckoutController))
#10 C:\xampp\htdocs\jsflorist\vendor\codeigniter4\framework\system\CodeIgniter.php(354): CodeIgniter\CodeIgniter->handleRequest(NULL, Object(Config\Cache), false)
#11 C:\xampp\htdocs\jsflorist\vendor\codeigniter4\framework\system\Boot.php(334): CodeIgniter\CodeIgniter->run()
#12 C:\xampp\htdocs\jsflorist\vendor\codeigniter4\framework\system\Boot.php(67): CodeIgniter\Boot::runCodeIgniter(Object(CodeIgniter\CodeIgniter))
#13 C:\xampp\htdocs\jsflorist\public\index.php(59): CodeIgniter\Boot::bootWeb(Object(Config\Paths))
#14 C:\xampp\htdocs\jsflorist\vendor\codeigniter4\framework\system\rewrite.php(44): require_once('C:\\xampp\\htdocs...')
#15 {main}
ERROR - 2025-07-11 09:39:02 --> GAGAL insert Order awal: {"code":0,"message":""}
ERROR - 2025-07-11 09:39:02 --> Transaksi database Rolled Back.
ERROR - 2025-07-11 09:39:02 --> EXCEPTION TERDETEKSI saat memproses pesanan: Failed to insert initial order: {"code":0,"message":""} Trace: #0 C:\xampp\htdocs\jsflorist\vendor\codeigniter4\framework\system\CodeIgniter.php(933): App\Controllers\CheckoutController->processOrder()
#1 C:\xampp\htdocs\jsflorist\vendor\codeigniter4\framework\system\CodeIgniter.php(507): CodeIgniter\CodeIgniter->runController(Object(App\Controllers\CheckoutController))
#2 C:\xampp\htdocs\jsflorist\vendor\codeigniter4\framework\system\CodeIgniter.php(354): CodeIgniter\CodeIgniter->handleRequest(NULL, Object(Config\Cache), false)
#3 C:\xampp\htdocs\jsflorist\vendor\codeigniter4\framework\system\Boot.php(334): CodeIgniter\CodeIgniter->run()
#4 C:\xampp\htdocs\jsflorist\vendor\codeigniter4\framework\system\Boot.php(67): CodeIgniter\Boot::runCodeIgniter(Object(CodeIgniter\CodeIgniter))
#5 C:\xampp\htdocs\jsflorist\public\index.php(59): CodeIgniter\Boot::bootWeb(Object(Config\Paths))
#6 C:\xampp\htdocs\jsflorist\vendor\codeigniter4\framework\system\rewrite.php(44): require_once('C:\\xampp\\htdocs...')
#7 {main}
DEBUG - 2025-07-11 09:39:02 --> Session: Class initialized using 'CodeIgniter\Session\Handlers\FileHandler' driver.
DEBUG - 2025-07-11 09:39:02 --> User tidak login saat akses checkout.
DEBUG - 2025-07-11 09:40:54 --> Session: Class initialized using 'CodeIgniter\Session\Handlers\FileHandler' driver.
DEBUG - 2025-07-11 09:40:54 --> Memulai proses pesanan di processOrder().
DEBUG - 2025-07-11 09:40:54 --> Validasi dasar form BERHASIL.
DEBUG - 2025-07-11 09:40:54 --> Keranjang memiliki 1 item.
DEBUG - 2025-07-11 09:40:54 --> Subtotal produk: 270000
DEBUG - 2025-07-11 09:40:54 --> Tipe pengantaran: Self-Pickup. Biaya: 0.
DEBUG - 2025-07-11 09:40:54 --> Total keseluruhan pesanan (produk + pengiriman): 270000
DEBUG - 2025-07-11 09:40:54 --> Nama Penerima Lengkap: Ardi Wibowo
DEBUG - 2025-07-11 09:40:54 --> Nomor HP Penerima: 098765431232
DEBUG - 2025-07-11 09:40:54 --> Alamat Teks: 
DEBUG - 2025-07-11 09:40:54 --> Tanggal Pengantaran: 2025-07-11
DEBUG - 2025-07-11 09:40:54 --> Metode Pembayaran: Direct Bank Transfer
DEBUG - 2025-07-11 09:40:54 --> Initial $orderDataTemp: {"user_id":null,"tanggal_pesan":"2025-07-11 09:40:54","status_pesanan":"Menunggu Bukti Transfer","total_harga":270000,"metode_pembayaran":"Direct Bank Transfer","tanggal_pengantaran":"2025-07-11","tipe_pengantaran":"Self-Pickup","catatan_penerima":"","penerima_nama":"Ardi Wibowo","penerima_nomor_hp":"098765431232","alamat_latitude":null,"alamat_longitude":null,"bukti_bayar":null}
DEBUG - 2025-07-11 09:40:54 --> Order awal berhasil diinsert dengan ID: 12
DEBUG - 2025-07-11 09:40:54 --> Semua order items berhasil diinsert.
DEBUG - 2025-07-11 09:40:54 --> Bank Transfer dipilih, redirect ke halaman konfirmasi Bank.
DEBUG - 2025-07-11 09:40:55 --> Session: Class initialized using 'CodeIgniter\Session\Handlers\FileHandler' driver.
DEBUG - 2025-07-11 09:41:17 --> Session: Class initialized using 'CodeIgniter\Session\Handlers\FileHandler' driver.
DEBUG - 2025-07-11 09:41:33 --> Session: Class initialized using 'CodeIgniter\Session\Handlers\FileHandler' driver.
DEBUG - 2025-07-11 09:42:21 --> Session: Class initialized using 'CodeIgniter\Session\Handlers\FileHandler' driver.
DEBUG - 2025-07-11 09:43:51 --> Session: Class initialized using 'CodeIgniter\Session\Handlers\FileHandler' driver.
DEBUG - 2025-07-11 09:43:51 --> Mengakses halaman Order Success untuk Order ID: 12
DEBUG - 2025-07-11 09:43:57 --> Session: Class initialized using 'CodeIgniter\Session\Handlers\FileHandler' driver.
DEBUG - 2025-07-11 09:44:02 --> Session: Class initialized using 'CodeIgniter\Session\Handlers\FileHandler' driver.
DEBUG - 2025-07-11 09:56:13 --> Session: Class initialized using 'CodeIgniter\Session\Handlers\FileHandler' driver.
DEBUG - 2025-07-11 09:56:16 --> Session: Class initialized using 'CodeIgniter\Session\Handlers\FileHandler' driver.
DEBUG - 2025-07-11 09:56:20 --> Session: Class initialized using 'CodeIgniter\Session\Handlers\FileHandler' driver.
DEBUG - 2025-07-11 09:56:20 --> User tidak login saat akses checkout.
DEBUG - 2025-07-11 09:59:24 --> Session: Class initialized using 'CodeIgniter\Session\Handlers\FileHandler' driver.
DEBUG - 2025-07-11 09:59:24 --> Memulai proses pesanan di processOrder().
DEBUG - 2025-07-11 09:59:24 --> Validasi dasar form BERHASIL.
DEBUG - 2025-07-11 09:59:24 --> Keranjang memiliki 1 item.
DEBUG - 2025-07-11 09:59:24 --> Subtotal produk: 135000
DEBUG - 2025-07-11 09:59:24 --> Tipe pengantaran: Self-Pickup. Biaya: 0.
DEBUG - 2025-07-11 09:59:24 --> Total keseluruhan pesanan (produk + pengiriman): 135000
DEBUG - 2025-07-11 09:59:24 --> Nama Penerima Lengkap: Ardi Wibowo
DEBUG - 2025-07-11 09:59:24 --> Nomor HP Penerima: 098765431232
DEBUG - 2025-07-11 09:59:24 --> Alamat Teks: 
DEBUG - 2025-07-11 09:59:24 --> Tanggal Pengantaran: 2025-07-11
DEBUG - 2025-07-11 09:59:24 --> Metode Pembayaran: Direct Bank Transfer
DEBUG - 2025-07-11 09:59:24 --> Initial $orderDataTemp: {"user_id":null,"tanggal_pesan":"2025-07-11 09:59:24","status_pesanan":"Menunggu Bukti Transfer","total_harga":135000,"metode_pembayaran":"Direct Bank Transfer","tanggal_pengantaran":"2025-07-11","tipe_pengantaran":"Self-Pickup","catatan_penerima":"","penerima_nama":"Ardi Wibowo","penerima_nomor_hp":"098765431232","alamat_latitude":null,"alamat_longitude":null,"bukti_bayar":null}
DEBUG - 2025-07-11 09:59:24 --> Order awal berhasil diinsert dengan ID: 13
DEBUG - 2025-07-11 09:59:24 --> Semua order items berhasil diinsert.
DEBUG - 2025-07-11 09:59:24 --> Bank Transfer dipilih, redirect ke halaman konfirmasi Bank.
DEBUG - 2025-07-11 09:59:24 --> Session: Class initialized using 'CodeIgniter\Session\Handlers\FileHandler' driver.
DEBUG - 2025-07-11 10:00:52 --> Session: Class initialized using 'CodeIgniter\Session\Handlers\FileHandler' driver.
DEBUG - 2025-07-11 10:00:55 --> Session: Class initialized using 'CodeIgniter\Session\Handlers\FileHandler' driver.
DEBUG - 2025-07-11 10:00:59 --> Session: Class initialized using 'CodeIgniter\Session\Handlers\FileHandler' driver.
DEBUG - 2025-07-11 10:01:10 --> Session: Class initialized using 'CodeIgniter\Session\Handlers\FileHandler' driver.
DEBUG - 2025-07-11 10:01:13 --> Session: Class initialized using 'CodeIgniter\Session\Handlers\FileHandler' driver.
DEBUG - 2025-07-11 10:02:04 --> Session: Class initialized using 'CodeIgniter\Session\Handlers\FileHandler' driver.
DEBUG - 2025-07-11 10:02:04 --> Session: Class initialized using 'CodeIgniter\Session\Handlers\FileHandler' driver.
DEBUG - 2025-07-11 10:02:04 --> Mengakses halaman Order Success untuk Order ID: 13
DEBUG - 2025-07-11 10:02:08 --> Session: Class initialized using 'CodeIgniter\Session\Handlers\FileHandler' driver.
