DEBUG - 2025-07-18 10:49:15 --> Session: Class initialized using 'CodeIgniter\Session\Handlers\FileHandler' driver.
DEBUG - 2025-07-18 10:49:22 --> Session: Class initialized using 'CodeIgniter\Session\Handlers\FileHandler' driver.
DEBUG - 2025-07-18 10:49:33 --> Session: Class initialized using 'CodeIgniter\Session\Handlers\FileHandler' driver.
DEBUG - 2025-07-18 10:49:37 --> Session: Class initialized using 'CodeIgniter\Session\Handlers\FileHandler' driver.
DEBUG - 2025-07-18 10:49:38 --> Session: Class initialized using 'CodeIgniter\Session\Handlers\FileHandler' driver.
DEBUG - 2025-07-18 10:49:44 --> Session: Class initialized using 'CodeIgniter\Session\Handlers\FileHandler' driver.
DEBUG - 2025-07-18 10:49:44 --> Session: Class initialized using 'CodeIgniter\Session\Handlers\FileHandler' driver.
DEBUG - 2025-07-18 10:50:22 --> Session: Class initialized using 'CodeIgniter\Session\Handlers\FileHandler' driver.
DEBUG - 2025-07-18 10:51:06 --> Session: Class initialized using 'CodeIgniter\Session\Handlers\FileHandler' driver.
DEBUG - 2025-07-18 10:51:06 --> Session: Class initialized using 'CodeIgniter\Session\Handlers\FileHandler' driver.
DEBUG - 2025-07-18 10:52:16 --> Session: Class initialized using 'CodeIgniter\Session\Handlers\FileHandler' driver.
DEBUG - 2025-07-18 10:52:48 --> Session: Class initialized using 'CodeIgniter\Session\Handlers\FileHandler' driver.
DEBUG - 2025-07-18 10:52:48 --> Session: Class initialized using 'CodeIgniter\Session\Handlers\FileHandler' driver.
DEBUG - 2025-07-18 10:52:51 --> Session: Class initialized using 'CodeIgniter\Session\Handlers\FileHandler' driver.
DEBUG - 2025-07-18 10:52:56 --> Session: Class initialized using 'CodeIgniter\Session\Handlers\FileHandler' driver.
DEBUG - 2025-07-18 10:52:59 --> Session: Class initialized using 'CodeIgniter\Session\Handlers\FileHandler' driver.
DEBUG - 2025-07-18 10:53:56 --> Session: Class initialized using 'CodeIgniter\Session\Handlers\FileHandler' driver.
DEBUG - 2025-07-18 10:53:56 --> Session: Class initialized using 'CodeIgniter\Session\Handlers\FileHandler' driver.
DEBUG - 2025-07-18 10:53:59 --> Session: Class initialized using 'CodeIgniter\Session\Handlers\FileHandler' driver.
DEBUG - 2025-07-18 10:54:47 --> Session: Class initialized using 'CodeIgniter\Session\Handlers\FileHandler' driver.
DEBUG - 2025-07-18 10:54:47 --> Session: Class initialized using 'CodeIgniter\Session\Handlers\FileHandler' driver.
DEBUG - 2025-07-18 10:54:49 --> Session: Class initialized using 'CodeIgniter\Session\Handlers\FileHandler' driver.
DEBUG - 2025-07-18 10:55:13 --> Session: Class initialized using 'CodeIgniter\Session\Handlers\FileHandler' driver.
DEBUG - 2025-07-18 10:55:13 --> Session: Class initialized using 'CodeIgniter\Session\Handlers\FileHandler' driver.
DEBUG - 2025-07-18 10:55:18 --> Session: Class initialized using 'CodeIgniter\Session\Handlers\FileHandler' driver.
DEBUG - 2025-07-18 10:55:21 --> Session: Class initialized using 'CodeIgniter\Session\Handlers\FileHandler' driver.
DEBUG - 2025-07-18 10:55:24 --> Session: Class initialized using 'CodeIgniter\Session\Handlers\FileHandler' driver.
DEBUG - 2025-07-18 12:28:53 --> Session: Class initialized using 'CodeIgniter\Session\Handlers\FileHandler' driver.
DEBUG - 2025-07-18 13:05:04 --> Session: Class initialized using 'CodeIgniter\Session\Handlers\FileHandler' driver.
DEBUG - 2025-07-18 13:05:05 --> Session: Class initialized using 'CodeIgniter\Session\Handlers\FileHandler' driver.
DEBUG - 2025-07-18 13:05:07 --> Session: Class initialized using 'CodeIgniter\Session\Handlers\FileHandler' driver.
DEBUG - 2025-07-18 13:05:09 --> Session: Class initialized using 'CodeIgniter\Session\Handlers\FileHandler' driver.
DEBUG - 2025-07-18 13:05:17 --> Session: Class initialized using 'CodeIgniter\Session\Handlers\FileHandler' driver.
DEBUG - 2025-07-18 13:05:20 --> Session: Class initialized using 'CodeIgniter\Session\Handlers\FileHandler' driver.
DEBUG - 2025-07-18 13:05:26 --> Session: Class initialized using 'CodeIgniter\Session\Handlers\FileHandler' driver.
DEBUG - 2025-07-18 13:05:29 --> Session: Class initialized using 'CodeIgniter\Session\Handlers\FileHandler' driver.
DEBUG - 2025-07-18 13:05:51 --> Session: Class initialized using 'CodeIgniter\Session\Handlers\FileHandler' driver.
DEBUG - 2025-07-18 13:05:56 --> Session: Class initialized using 'CodeIgniter\Session\Handlers\FileHandler' driver.
DEBUG - 2025-07-18 13:06:02 --> Session: Class initialized using 'CodeIgniter\Session\Handlers\FileHandler' driver.
DEBUG - 2025-07-18 13:06:10 --> Session: Class initialized using 'CodeIgniter\Session\Handlers\FileHandler' driver.
DEBUG - 2025-07-18 13:06:45 --> Session: Class initialized using 'CodeIgniter\Session\Handlers\FileHandler' driver.
DEBUG - 2025-07-18 13:06:46 --> Session: Class initialized using 'CodeIgniter\Session\Handlers\FileHandler' driver.
DEBUG - 2025-07-18 13:06:52 --> Session: Class initialized using 'CodeIgniter\Session\Handlers\FileHandler' driver.
DEBUG - 2025-07-18 13:06:53 --> Session: Class initialized using 'CodeIgniter\Session\Handlers\FileHandler' driver.
DEBUG - 2025-07-18 13:07:19 --> Session: Class initialized using 'CodeIgniter\Session\Handlers\FileHandler' driver.
DEBUG - 2025-07-18 13:07:22 --> Session: Class initialized using 'CodeIgniter\Session\Handlers\FileHandler' driver.
DEBUG - 2025-07-18 13:07:25 --> Session: Class initialized using 'CodeIgniter\Session\Handlers\FileHandler' driver.
DEBUG - 2025-07-18 13:07:27 --> Session: Class initialized using 'CodeIgniter\Session\Handlers\FileHandler' driver.
DEBUG - 2025-07-18 13:07:30 --> Session: Class initialized using 'CodeIgniter\Session\Handlers\FileHandler' driver.
DEBUG - 2025-07-18 13:07:46 --> Session: Class initialized using 'CodeIgniter\Session\Handlers\FileHandler' driver.
DEBUG - 2025-07-18 13:08:11 --> Session: Class initialized using 'CodeIgniter\Session\Handlers\FileHandler' driver.
DEBUG - 2025-07-18 13:08:27 --> Session: Class initialized using 'CodeIgniter\Session\Handlers\FileHandler' driver.
DEBUG - 2025-07-18 13:08:27 --> Session: Class initialized using 'CodeIgniter\Session\Handlers\FileHandler' driver.
DEBUG - 2025-07-18 13:08:33 --> Session: Class initialized using 'CodeIgniter\Session\Handlers\FileHandler' driver.
DEBUG - 2025-07-18 13:09:14 --> Session: Class initialized using 'CodeIgniter\Session\Handlers\FileHandler' driver.
DEBUG - 2025-07-18 13:09:17 --> Session: Class initialized using 'CodeIgniter\Session\Handlers\FileHandler' driver.
DEBUG - 2025-07-18 13:09:19 --> Session: Class initialized using 'CodeIgniter\Session\Handlers\FileHandler' driver.
DEBUG - 2025-07-18 13:09:22 --> Session: Class initialized using 'CodeIgniter\Session\Handlers\FileHandler' driver.
DEBUG - 2025-07-18 13:09:24 --> Session: Class initialized using 'CodeIgniter\Session\Handlers\FileHandler' driver.
DEBUG - 2025-07-18 13:09:24 --> User tidak login saat akses checkout.
DEBUG - 2025-07-18 13:09:32 --> Session: Class initialized using 'CodeIgniter\Session\Handlers\FileHandler' driver.
DEBUG - 2025-07-18 13:09:59 --> Session: Class initialized using 'CodeIgniter\Session\Handlers\FileHandler' driver.
DEBUG - 2025-07-18 13:10:01 --> Session: Class initialized using 'CodeIgniter\Session\Handlers\FileHandler' driver.
DEBUG - 2025-07-18 13:10:02 --> Session: Class initialized using 'CodeIgniter\Session\Handlers\FileHandler' driver.
DEBUG - 2025-07-18 13:10:04 --> Session: Class initialized using 'CodeIgniter\Session\Handlers\FileHandler' driver.
DEBUG - 2025-07-18 13:10:16 --> Session: Class initialized using 'CodeIgniter\Session\Handlers\FileHandler' driver.
DEBUG - 2025-07-18 13:10:16 --> AJAX estimateShipping dipanggil.
DEBUG - 2025-07-18 13:10:16 --> Jarak Haversine dihitung: 169.50742663792 km antara (-3.4398799,114.8332947) dan (-2.2249472,113.9113984)
DEBUG - 2025-07-18 13:10:16 --> START Perhitungan Ongkir: Jarak: 169.50742663792 km. Ada Bunga Papan: TIDAK
DEBUG - 2025-07-18 13:10:16 --> Logika Ongkir Normal Aktif.
DEBUG - 2025-07-18 13:10:16 --> Normal: >15 km, Ongkir: 100000
DEBUG - 2025-07-18 13:10:16 --> END Perhitungan Ongkir. Hasil akhir: 100000
DEBUG - 2025-07-18 13:10:23 --> Session: Class initialized using 'CodeIgniter\Session\Handlers\FileHandler' driver.
DEBUG - 2025-07-18 13:10:23 --> AJAX estimateShipping dipanggil.
DEBUG - 2025-07-18 13:10:23 --> Jarak Haversine dihitung: 169.50742663792 km antara (-3.4398799,114.8332947) dan (-2.2249472,113.9113984)
DEBUG - 2025-07-18 13:10:23 --> START Perhitungan Ongkir: Jarak: 169.50742663792 km. Ada Bunga Papan: TIDAK
DEBUG - 2025-07-18 13:10:23 --> Logika Ongkir Normal Aktif.
DEBUG - 2025-07-18 13:10:23 --> Normal: >15 km, Ongkir: 100000
DEBUG - 2025-07-18 13:10:23 --> END Perhitungan Ongkir. Hasil akhir: 100000
DEBUG - 2025-07-18 13:10:24 --> Session: Class initialized using 'CodeIgniter\Session\Handlers\FileHandler' driver.
DEBUG - 2025-07-18 13:10:24 --> AJAX estimateShipping dipanggil.
DEBUG - 2025-07-18 13:10:24 --> Jarak Haversine dihitung: 169.50742663792 km antara (-3.4398799,114.8332947) dan (-2.2249472,113.9113984)
DEBUG - 2025-07-18 13:10:24 --> START Perhitungan Ongkir: Jarak: 169.50742663792 km. Ada Bunga Papan: TIDAK
DEBUG - 2025-07-18 13:10:24 --> Logika Ongkir Normal Aktif.
DEBUG - 2025-07-18 13:10:24 --> Normal: >15 km, Ongkir: 100000
DEBUG - 2025-07-18 13:10:24 --> END Perhitungan Ongkir. Hasil akhir: 100000
DEBUG - 2025-07-18 13:10:29 --> Session: Class initialized using 'CodeIgniter\Session\Handlers\FileHandler' driver.
DEBUG - 2025-07-18 13:10:29 --> AJAX estimateShipping dipanggil.
DEBUG - 2025-07-18 13:10:29 --> Jarak Haversine dihitung: 129.18924992958 km antara (-3.4398799,114.8332947) dan (-2.3833455768534,114.34936522041)
DEBUG - 2025-07-18 13:10:29 --> START Perhitungan Ongkir: Jarak: 129.18924992958 km. Ada Bunga Papan: TIDAK
DEBUG - 2025-07-18 13:10:29 --> Logika Ongkir Normal Aktif.
DEBUG - 2025-07-18 13:10:29 --> Normal: >15 km, Ongkir: 100000
DEBUG - 2025-07-18 13:10:29 --> END Perhitungan Ongkir. Hasil akhir: 100000
DEBUG - 2025-07-18 13:10:33 --> Session: Class initialized using 'CodeIgniter\Session\Handlers\FileHandler' driver.
DEBUG - 2025-07-18 13:10:33 --> AJAX estimateShipping dipanggil.
DEBUG - 2025-07-18 13:10:33 --> Jarak Haversine dihitung: 26.075802634077 km antara (-3.4398799,114.8332947) dan (-3.4366581585591,114.59838867188)
DEBUG - 2025-07-18 13:10:34 --> START Perhitungan Ongkir: Jarak: 26.075802634077 km. Ada Bunga Papan: TIDAK
DEBUG - 2025-07-18 13:10:34 --> Logika Ongkir Normal Aktif.
DEBUG - 2025-07-18 13:10:34 --> Normal: >15 km, Ongkir: 100000
DEBUG - 2025-07-18 13:10:34 --> END Perhitungan Ongkir. Hasil akhir: 100000
DEBUG - 2025-07-18 13:10:39 --> Session: Class initialized using 'CodeIgniter\Session\Handlers\FileHandler' driver.
DEBUG - 2025-07-18 13:10:39 --> AJAX estimateShipping dipanggil.
DEBUG - 2025-07-18 13:10:39 --> Jarak Haversine dihitung: 11.484982656475 km antara (-3.4398799,114.8332947) dan (-3.4489954712748,114.73022460938)
DEBUG - 2025-07-18 13:10:39 --> START Perhitungan Ongkir: Jarak: 11.484982656475 km. Ada Bunga Papan: TIDAK
DEBUG - 2025-07-18 13:10:39 --> Logika Ongkir Normal Aktif.
DEBUG - 2025-07-18 13:10:39 --> Normal: 11-15 km, Ongkir: 50000
DEBUG - 2025-07-18 13:10:39 --> END Perhitungan Ongkir. Hasil akhir: 50000
DEBUG - 2025-07-18 13:10:43 --> Session: Class initialized using 'CodeIgniter\Session\Handlers\FileHandler' driver.
DEBUG - 2025-07-18 13:10:43 --> AJAX estimateShipping dipanggil.
DEBUG - 2025-07-18 13:10:43 --> Jarak Haversine dihitung: 11.232015014292 km antara (-3.4398799,114.8332947) dan (-3.4531078732957,114.73297119141)
DEBUG - 2025-07-18 13:10:43 --> START Perhitungan Ongkir: Jarak: 11.232015014292 km. Ada Bunga Papan: TIDAK
DEBUG - 2025-07-18 13:10:43 --> Logika Ongkir Normal Aktif.
DEBUG - 2025-07-18 13:10:43 --> Normal: 11-15 km, Ongkir: 50000
DEBUG - 2025-07-18 13:10:43 --> END Perhitungan Ongkir. Hasil akhir: 50000
DEBUG - 2025-07-18 13:11:19 --> Session: Class initialized using 'CodeIgniter\Session\Handlers\FileHandler' driver.
DEBUG - 2025-07-18 13:11:19 --> Memulai proses pesanan di processOrder().
DEBUG - 2025-07-18 13:11:19 --> Validasi dasar form BERHASIL.
DEBUG - 2025-07-18 13:11:19 --> Keranjang memiliki 1 item.
DEBUG - 2025-07-18 13:11:19 --> Subtotal produk: 610000
DEBUG - 2025-07-18 13:11:19 --> Tipe pengantaran: Delivery. Biaya: 0. Lat: -3.453107873295672, Lng: 114.73297119140625
DEBUG - 2025-07-18 13:11:19 --> Total keseluruhan pesanan (produk + pengiriman): 610000
DEBUG - 2025-07-18 13:11:19 --> Nama Penerima Lengkap: Ardi Wibowo
DEBUG - 2025-07-18 13:11:19 --> Nomor HP Penerima: 098765431232
DEBUG - 2025-07-18 13:11:19 --> Alamat Teks: Landasan Ulin Tengah, Banjarbaru, South Kalimantan, Kalimantan, 70723, Indonesia
DEBUG - 2025-07-18 13:11:19 --> Nomor Pemesan: 083854672921
DEBUG - 2025-07-18 13:11:19 --> Tanggal Pengantaran: 2025-07-19T13:10
DEBUG - 2025-07-18 13:11:19 --> Metode Pembayaran: Direct Bank Transfer
DEBUG - 2025-07-18 13:11:19 --> Initial $orderDataTemp: {"user_id":null,"tanggal_pesan":"2025-07-18 13:11:19","status_pesanan":"Menunggu Bukti Transfer","total_harga":610000,"metode_pembayaran":"Direct Bank Transfer","tanggal_pengantaran":"2025-07-19T13:10","tipe_pengantaran":"Delivery","catatan_penerima":"tambahin coklat","penerima_nama":"Ardi Wibowo","penerima_nomor_hp":"098765431232","alamat_pengiriman_teks":"Landasan Ulin Tengah, Banjarbaru, South Kalimantan, Kalimantan, 70723, Indonesia","alamat_latitude":"-3.453107873295672","alamat_longitude":"114.73297119140625","bukti_bayar":null,"nomor_pemesan":"083854672921"}
DEBUG - 2025-07-18 13:11:19 --> Order awal berhasil diinsert dengan ID: 40
DEBUG - 2025-07-18 13:11:19 --> Semua order items berhasil diinsert.
DEBUG - 2025-07-18 13:11:19 --> Bank Transfer dipilih, redirect ke halaman konfirmasi Bank untuk order ID: 40
DEBUG - 2025-07-18 13:11:19 --> Session: Class initialized using 'CodeIgniter\Session\Handlers\FileHandler' driver.
DEBUG - 2025-07-18 13:11:26 --> Session: Class initialized using 'CodeIgniter\Session\Handlers\FileHandler' driver.
DEBUG - 2025-07-18 13:11:29 --> Session: Class initialized using 'CodeIgniter\Session\Handlers\FileHandler' driver.
DEBUG - 2025-07-18 13:11:59 --> Session: Class initialized using 'CodeIgniter\Session\Handlers\FileHandler' driver.
DEBUG - 2025-07-18 13:12:07 --> Session: Class initialized using 'CodeIgniter\Session\Handlers\FileHandler' driver.
DEBUG - 2025-07-18 13:12:11 --> Session: Class initialized using 'CodeIgniter\Session\Handlers\FileHandler' driver.
DEBUG - 2025-07-18 13:14:24 --> Session: Class initialized using 'CodeIgniter\Session\Handlers\FileHandler' driver.
DEBUG - 2025-07-18 13:14:24 --> Session: Class initialized using 'CodeIgniter\Session\Handlers\FileHandler' driver.
DEBUG - 2025-07-18 13:14:30 --> Session: Class initialized using 'CodeIgniter\Session\Handlers\FileHandler' driver.
DEBUG - 2025-07-18 13:14:33 --> Session: Class initialized using 'CodeIgniter\Session\Handlers\FileHandler' driver.
DEBUG - 2025-07-18 13:14:35 --> Session: Class initialized using 'CodeIgniter\Session\Handlers\FileHandler' driver.
DEBUG - 2025-07-18 13:14:37 --> Session: Class initialized using 'CodeIgniter\Session\Handlers\FileHandler' driver.
DEBUG - 2025-07-18 13:14:39 --> Session: Class initialized using 'CodeIgniter\Session\Handlers\FileHandler' driver.
DEBUG - 2025-07-18 13:14:39 --> User tidak login saat akses checkout.
DEBUG - 2025-07-18 13:14:44 --> Session: Class initialized using 'CodeIgniter\Session\Handlers\FileHandler' driver.
DEBUG - 2025-07-18 13:14:44 --> AJAX estimateShipping dipanggil.
DEBUG - 2025-07-18 13:14:44 --> Jarak Haversine dihitung: 0.0075117517668184 km antara (-3.4398799,114.8332947) dan (-3.439813,114.8332853)
DEBUG - 2025-07-18 13:14:44 --> START Perhitungan Ongkir: Jarak: 0.0075117517668184 km. Ada Bunga Papan: TIDAK
DEBUG - 2025-07-18 13:14:44 --> Logika Ongkir Normal Aktif.
DEBUG - 2025-07-18 13:14:44 --> Normal: Jarak < 1 km, Ongkir: 0
DEBUG - 2025-07-18 13:14:44 --> END Perhitungan Ongkir. Hasil akhir: 0
DEBUG - 2025-07-18 13:14:53 --> Session: Class initialized using 'CodeIgniter\Session\Handlers\FileHandler' driver.
DEBUG - 2025-07-18 13:14:53 --> AJAX estimateShipping dipanggil.
DEBUG - 2025-07-18 13:14:53 --> Jarak Haversine dihitung: 1.9312132235852 km antara (-3.4398799,114.8332947) dan (-3.4440262950999,114.81639862061)
DEBUG - 2025-07-18 13:14:53 --> START Perhitungan Ongkir: Jarak: 1.9312132235852 km. Ada Bunga Papan: TIDAK
DEBUG - 2025-07-18 13:14:53 --> Logika Ongkir Normal Aktif.
DEBUG - 2025-07-18 13:14:53 --> Normal: 1-5 km, Ongkir: 20000
DEBUG - 2025-07-18 13:14:53 --> END Perhitungan Ongkir. Hasil akhir: 20000
DEBUG - 2025-07-18 13:15:00 --> Session: Class initialized using 'CodeIgniter\Session\Handlers\FileHandler' driver.
DEBUG - 2025-07-18 13:15:00 --> Memulai proses pesanan di processOrder().
DEBUG - 2025-07-18 13:15:00 --> Validasi dasar form BERHASIL.
DEBUG - 2025-07-18 13:15:00 --> Keranjang memiliki 1 item.
DEBUG - 2025-07-18 13:15:00 --> Subtotal produk: 520000
DEBUG - 2025-07-18 13:15:00 --> Tipe pengantaran: Delivery. Biaya: 0. Lat: -3.4440262950999347, Lng: 114.81639862060548
DEBUG - 2025-07-18 13:15:00 --> Total keseluruhan pesanan (produk + pengiriman): 520000
DEBUG - 2025-07-18 13:15:00 --> Nama Penerima Lengkap: Ardi Wibowo
DEBUG - 2025-07-18 13:15:00 --> Nomor HP Penerima: 098765431232
DEBUG - 2025-07-18 13:15:00 --> Alamat Teks: Jalan Jenderal Achmad Yani, Loktabat Selatan, Banjarbaru, South Kalimantan, Kalimantan, 70712, Indonesia
DEBUG - 2025-07-18 13:15:00 --> Nomor Pemesan: 083854672921
DEBUG - 2025-07-18 13:15:00 --> Tanggal Pengantaran: 2025-07-18T16:14
DEBUG - 2025-07-18 13:15:00 --> Metode Pembayaran: Direct Bank Transfer
DEBUG - 2025-07-18 13:15:00 --> Initial $orderDataTemp: {"user_id":null,"tanggal_pesan":"2025-07-18 13:15:00","status_pesanan":"Menunggu Bukti Transfer","total_harga":520000,"metode_pembayaran":"Direct Bank Transfer","tanggal_pengantaran":"2025-07-18T16:14","tipe_pengantaran":"Delivery","catatan_penerima":"","penerima_nama":"Ardi Wibowo","penerima_nomor_hp":"098765431232","alamat_pengiriman_teks":"Jalan Jenderal Achmad Yani, Loktabat Selatan, Banjarbaru, South Kalimantan, Kalimantan, 70712, Indonesia","alamat_latitude":"-3.4440262950999347","alamat_longitude":"114.81639862060548","bukti_bayar":null,"nomor_pemesan":"083854672921"}
DEBUG - 2025-07-18 13:15:00 --> Order awal berhasil diinsert dengan ID: 41
DEBUG - 2025-07-18 13:15:00 --> Semua order items berhasil diinsert.
DEBUG - 2025-07-18 13:15:00 --> Bank Transfer dipilih, redirect ke halaman konfirmasi Bank untuk order ID: 41
DEBUG - 2025-07-18 13:15:00 --> Session: Class initialized using 'CodeIgniter\Session\Handlers\FileHandler' driver.
DEBUG - 2025-07-18 13:15:07 --> Session: Class initialized using 'CodeIgniter\Session\Handlers\FileHandler' driver.
DEBUG - 2025-07-18 13:15:09 --> Session: Class initialized using 'CodeIgniter\Session\Handlers\FileHandler' driver.
DEBUG - 2025-07-18 13:16:45 --> Session: Class initialized using 'CodeIgniter\Session\Handlers\FileHandler' driver.
DEBUG - 2025-07-18 13:16:45 --> Session: Class initialized using 'CodeIgniter\Session\Handlers\FileHandler' driver.
DEBUG - 2025-07-18 13:17:01 --> Session: Class initialized using 'CodeIgniter\Session\Handlers\FileHandler' driver.
DEBUG - 2025-07-18 13:17:02 --> Session: Class initialized using 'CodeIgniter\Session\Handlers\FileHandler' driver.
DEBUG - 2025-07-18 13:17:02 --> Mengakses halaman Order Success untuk Order ID: 41
DEBUG - 2025-07-18 13:17:45 --> Session: Class initialized using 'CodeIgniter\Session\Handlers\FileHandler' driver.
DEBUG - 2025-07-18 13:22:09 --> Session: Class initialized using 'CodeIgniter\Session\Handlers\FileHandler' driver.
DEBUG - 2025-07-18 13:59:59 --> Session: Class initialized using 'CodeIgniter\Session\Handlers\FileHandler' driver.
CRITICAL - 2025-07-18 13:59:59 --> ErrorException: Undefined array key "nama_sub_kategori"
[Method: GET, Route: shop]
in APPPATH\Views\shop.php on line 203.
 1 APPPATH\Views\shop.php(203): CodeIgniter\Debug\Exceptions->errorHandler(2, 'Undefined array key "nama_sub_kategori"', 'C:\\xampp\\htdocs\\jsflorist\\app\\Views\\shop.php', 203)
 2 SYSTEMPATH\View\View.php(224): include('C:\\xampp\\htdocs\\jsflorist\\app\\Views\\shop.php')
 3 SYSTEMPATH\View\View.php(227): CodeIgniter\View\View->CodeIgniter\View\{closure}()
 4 SYSTEMPATH\Common.php(1173): CodeIgniter\View\View->render('shop', [], true)
 5 APPPATH\Controllers\ShopController.php(32): view('shop', [...])
 6 SYSTEMPATH\CodeIgniter.php(933): App\Controllers\ShopController->index()
 7 SYSTEMPATH\CodeIgniter.php(507): CodeIgniter\CodeIgniter->runController(Object(App\Controllers\ShopController))
 8 SYSTEMPATH\CodeIgniter.php(354): CodeIgniter\CodeIgniter->handleRequest(null, Object(Config\Cache), false)
 9 SYSTEMPATH\Boot.php(334): CodeIgniter\CodeIgniter->run()
10 SYSTEMPATH\Boot.php(67): CodeIgniter\Boot::runCodeIgniter(Object(CodeIgniter\CodeIgniter))
11 FCPATH\index.php(59): CodeIgniter\Boot::bootWeb(Object(Config\Paths))
12 SYSTEMPATH\rewrite.php(44): require_once('C:\\xampp\\htdocs\\jsflorist\\public\\index.php')
DEBUG - 2025-07-18 14:02:07 --> Session: Class initialized using 'CodeIgniter\Session\Handlers\FileHandler' driver.
DEBUG - 2025-07-18 14:02:18 --> Session: Class initialized using 'CodeIgniter\Session\Handlers\FileHandler' driver.
DEBUG - 2025-07-18 14:02:20 --> Session: Class initialized using 'CodeIgniter\Session\Handlers\FileHandler' driver.
DEBUG - 2025-07-18 14:02:22 --> Session: Class initialized using 'CodeIgniter\Session\Handlers\FileHandler' driver.
DEBUG - 2025-07-18 14:02:25 --> Session: Class initialized using 'CodeIgniter\Session\Handlers\FileHandler' driver.
DEBUG - 2025-07-18 14:02:30 --> Session: Class initialized using 'CodeIgniter\Session\Handlers\FileHandler' driver.
DEBUG - 2025-07-18 14:02:34 --> Session: Class initialized using 'CodeIgniter\Session\Handlers\FileHandler' driver.
DEBUG - 2025-07-18 14:07:39 --> Session: Class initialized using 'CodeIgniter\Session\Handlers\FileHandler' driver.
DEBUG - 2025-07-18 14:07:45 --> Session: Class initialized using 'CodeIgniter\Session\Handlers\FileHandler' driver.
DEBUG - 2025-07-18 14:07:53 --> Session: Class initialized using 'CodeIgniter\Session\Handlers\FileHandler' driver.
DEBUG - 2025-07-18 14:07:56 --> Session: Class initialized using 'CodeIgniter\Session\Handlers\FileHandler' driver.
DEBUG - 2025-07-18 14:08:01 --> Session: Class initialized using 'CodeIgniter\Session\Handlers\FileHandler' driver.
DEBUG - 2025-07-18 14:08:04 --> Session: Class initialized using 'CodeIgniter\Session\Handlers\FileHandler' driver.
DEBUG - 2025-07-18 14:08:35 --> Session: Class initialized using 'CodeIgniter\Session\Handlers\FileHandler' driver.
DEBUG - 2025-07-18 14:08:42 --> Session: Class initialized using 'CodeIgniter\Session\Handlers\FileHandler' driver.
DEBUG - 2025-07-18 14:08:45 --> Session: Class initialized using 'CodeIgniter\Session\Handlers\FileHandler' driver.
DEBUG - 2025-07-18 14:09:18 --> Session: Class initialized using 'CodeIgniter\Session\Handlers\FileHandler' driver.
DEBUG - 2025-07-18 14:09:22 --> Session: Class initialized using 'CodeIgniter\Session\Handlers\FileHandler' driver.
DEBUG - 2025-07-18 14:20:42 --> Session: Class initialized using 'CodeIgniter\Session\Handlers\FileHandler' driver.
DEBUG - 2025-07-18 14:20:57 --> Session: Class initialized using 'CodeIgniter\Session\Handlers\FileHandler' driver.
DEBUG - 2025-07-18 14:21:06 --> Session: Class initialized using 'CodeIgniter\Session\Handlers\FileHandler' driver.
DEBUG - 2025-07-18 14:21:18 --> Session: Class initialized using 'CodeIgniter\Session\Handlers\FileHandler' driver.
DEBUG - 2025-07-18 14:21:20 --> Session: Class initialized using 'CodeIgniter\Session\Handlers\FileHandler' driver.
DEBUG - 2025-07-18 15:35:39 --> Session: Class initialized using 'CodeIgniter\Session\Handlers\FileHandler' driver.
DEBUG - 2025-07-18 15:35:52 --> Session: Class initialized using 'CodeIgniter\Session\Handlers\FileHandler' driver.
DEBUG - 2025-07-18 15:36:16 --> Session: Class initialized using 'CodeIgniter\Session\Handlers\FileHandler' driver.
DEBUG - 2025-07-18 15:36:48 --> Session: Class initialized using 'CodeIgniter\Session\Handlers\FileHandler' driver.
DEBUG - 2025-07-18 15:36:48 --> Session: Class initialized using 'CodeIgniter\Session\Handlers\FileHandler' driver.
DEBUG - 2025-07-18 15:36:54 --> Session: Class initialized using 'CodeIgniter\Session\Handlers\FileHandler' driver.
DEBUG - 2025-07-18 15:36:57 --> Session: Class initialized using 'CodeIgniter\Session\Handlers\FileHandler' driver.
DEBUG - 2025-07-18 15:37:02 --> Session: Class initialized using 'CodeIgniter\Session\Handlers\FileHandler' driver.
DEBUG - 2025-07-18 15:37:03 --> Session: Class initialized using 'CodeIgniter\Session\Handlers\FileHandler' driver.
DEBUG - 2025-07-18 15:37:42 --> Session: Class initialized using 'CodeIgniter\Session\Handlers\FileHandler' driver.
DEBUG - 2025-07-18 15:38:04 --> Session: Class initialized using 'CodeIgniter\Session\Handlers\FileHandler' driver.
DEBUG - 2025-07-18 15:38:09 --> Session: Class initialized using 'CodeIgniter\Session\Handlers\FileHandler' driver.
DEBUG - 2025-07-18 16:07:08 --> Session: Class initialized using 'CodeIgniter\Session\Handlers\FileHandler' driver.
DEBUG - 2025-07-18 16:07:10 --> Session: Class initialized using 'CodeIgniter\Session\Handlers\FileHandler' driver.
CRITICAL - 2025-07-18 16:07:10 --> CodeIgniter\View\Exceptions\ViewException: Invalid file: "admin/layout/template.php"
[Method: GET, Route: admin/articles]
in SYSTEMPATH\Exceptions\FrameworkException.php on line 39.
 1 SYSTEMPATH\View\View.php(212): CodeIgniter\Exceptions\FrameworkException::forInvalidFile('admin/layout/template.php')
 2 SYSTEMPATH\View\View.php(240): CodeIgniter\View\View->render('admin/layout/template', [], true)
 3 SYSTEMPATH\Common.php(1173): CodeIgniter\View\View->render('admin/articles/index', [], true)
 4 APPPATH\Controllers\Admin\ArticleController.php(26): view('admin/articles/index', [...])
 5 SYSTEMPATH\CodeIgniter.php(933): App\Controllers\Admin\ArticleController->index()
 6 SYSTEMPATH\CodeIgniter.php(507): CodeIgniter\CodeIgniter->runController(Object(App\Controllers\Admin\ArticleController))
 7 SYSTEMPATH\CodeIgniter.php(354): CodeIgniter\CodeIgniter->handleRequest(null, Object(Config\Cache), false)
 8 SYSTEMPATH\Boot.php(334): CodeIgniter\CodeIgniter->run()
 9 SYSTEMPATH\Boot.php(67): CodeIgniter\Boot::runCodeIgniter(Object(CodeIgniter\CodeIgniter))
10 FCPATH\index.php(59): CodeIgniter\Boot::bootWeb(Object(Config\Paths))
11 SYSTEMPATH\rewrite.php(44): require_once('C:\\xampp\\htdocs\\jsflorist\\public\\index.php')
DEBUG - 2025-07-18 16:07:50 --> Session: Class initialized using 'CodeIgniter\Session\Handlers\FileHandler' driver.
DEBUG - 2025-07-18 16:08:00 --> Session: Class initialized using 'CodeIgniter\Session\Handlers\FileHandler' driver.
DEBUG - 2025-07-18 16:08:03 --> Session: Class initialized using 'CodeIgniter\Session\Handlers\FileHandler' driver.
DEBUG - 2025-07-18 16:08:52 --> Session: Class initialized using 'CodeIgniter\Session\Handlers\FileHandler' driver.
DEBUG - 2025-07-18 16:08:52 --> Session: Class initialized using 'CodeIgniter\Session\Handlers\FileHandler' driver.
ERROR - 2025-07-18 16:09:06 --> mysqli_sql_exception: Unknown column 'updated_at' in 'field list' in C:\xampp\htdocs\jsflorist\vendor\codeigniter4\framework\system\Database\MySQLi\Connection.php:327
Stack trace:
#0 C:\xampp\htdocs\jsflorist\vendor\codeigniter4\framework\system\Database\MySQLi\Connection.php(327): mysqli->query('INSERT INTO `ar...', 0)
#1 C:\xampp\htdocs\jsflorist\vendor\codeigniter4\framework\system\Database\BaseConnection.php(738): CodeIgniter\Database\MySQLi\Connection->execute('INSERT INTO `ar...')
#2 C:\xampp\htdocs\jsflorist\vendor\codeigniter4\framework\system\Database\BaseConnection.php(652): CodeIgniter\Database\BaseConnection->simpleQuery('INSERT INTO `ar...')
#3 C:\xampp\htdocs\jsflorist\vendor\codeigniter4\framework\system\Database\BaseBuilder.php(2345): CodeIgniter\Database\BaseConnection->query('INSERT INTO `ar...', Array, false)
#4 C:\xampp\htdocs\jsflorist\vendor\codeigniter4\framework\system\Model.php(394): CodeIgniter\Database\BaseBuilder->insert()
#5 C:\xampp\htdocs\jsflorist\vendor\codeigniter4\framework\system\BaseModel.php(843): CodeIgniter\Model->doInsert(Array)
#6 C:\xampp\htdocs\jsflorist\vendor\codeigniter4\framework\system\Model.php(800): CodeIgniter\BaseModel->insert(Array, false)
#7 C:\xampp\htdocs\jsflorist\vendor\codeigniter4\framework\system\BaseModel.php(754): CodeIgniter\Model->insert(Array, false)
#8 C:\xampp\htdocs\jsflorist\app\Controllers\Admin\ArticleController.php(60): CodeIgniter\BaseModel->save(Array)
#9 C:\xampp\htdocs\jsflorist\vendor\codeigniter4\framework\system\CodeIgniter.php(933): App\Controllers\Admin\ArticleController->store()
#10 C:\xampp\htdocs\jsflorist\vendor\codeigniter4\framework\system\CodeIgniter.php(507): CodeIgniter\CodeIgniter->runController(Object(App\Controllers\Admin\ArticleController))
#11 C:\xampp\htdocs\jsflorist\vendor\codeigniter4\framework\system\CodeIgniter.php(354): CodeIgniter\CodeIgniter->handleRequest(NULL, Object(Config\Cache), false)
#12 C:\xampp\htdocs\jsflorist\vendor\codeigniter4\framework\system\Boot.php(334): CodeIgniter\CodeIgniter->run()
#13 C:\xampp\htdocs\jsflorist\vendor\codeigniter4\framework\system\Boot.php(67): CodeIgniter\Boot::runCodeIgniter(Object(CodeIgniter\CodeIgniter))
#14 C:\xampp\htdocs\jsflorist\public\index.php(59): CodeIgniter\Boot::bootWeb(Object(Config\Paths))
#15 C:\xampp\htdocs\jsflorist\vendor\codeigniter4\framework\system\rewrite.php(44): require_once('C:\\xampp\\htdocs...')
#16 {main}
CRITICAL - 2025-07-18 16:09:06 --> CodeIgniter\Database\Exceptions\DatabaseException: Unknown column 'updated_at' in 'field list'
[Method: POST, Route: admin/articles/store]
in SYSTEMPATH\Database\BaseConnection.php on line 692.
 1 SYSTEMPATH\Database\BaseBuilder.php(2345): CodeIgniter\Database\BaseConnection->query('INSERT INTO `artikel` (`judul`, `isi`, `gambar`, `produk_terkait`, `tanggal_dibuat`, `updated_at`) VALUES (:judul:, :isi:, :gambar:, :produk_terkait:, :tanggal_dibuat:, :updated_at:)', [...], false)
 2 SYSTEMPATH\Model.php(394): CodeIgniter\Database\BaseBuilder->insert()
 3 SYSTEMPATH\BaseModel.php(843): CodeIgniter\Model->doInsert([...])
 4 SYSTEMPATH\Model.php(800): CodeIgniter\BaseModel->insert([...], false)
 5 SYSTEMPATH\BaseModel.php(754): CodeIgniter\Model->insert([...], false)
 6 APPPATH\Controllers\Admin\ArticleController.php(60): CodeIgniter\BaseModel->save([...])
 7 SYSTEMPATH\CodeIgniter.php(933): App\Controllers\Admin\ArticleController->store()
 8 SYSTEMPATH\CodeIgniter.php(507): CodeIgniter\CodeIgniter->runController(Object(App\Controllers\Admin\ArticleController))
 9 SYSTEMPATH\CodeIgniter.php(354): CodeIgniter\CodeIgniter->handleRequest(null, Object(Config\Cache), false)
10 SYSTEMPATH\Boot.php(334): CodeIgniter\CodeIgniter->run()
11 SYSTEMPATH\Boot.php(67): CodeIgniter\Boot::runCodeIgniter(Object(CodeIgniter\CodeIgniter))
12 FCPATH\index.php(59): CodeIgniter\Boot::bootWeb(Object(Config\Paths))
13 SYSTEMPATH\rewrite.php(44): require_once('C:\\xampp\\htdocs\\jsflorist\\public\\index.php')
CRITICAL - 2025-07-18 16:09:06 --> [Caused by] CodeIgniter\Database\Exceptions\DatabaseException: Unknown column 'updated_at' in 'field list'
in SYSTEMPATH\Database\MySQLi\Connection.php on line 332.
 1 SYSTEMPATH\Database\BaseConnection.php(738): CodeIgniter\Database\MySQLi\Connection->execute('INSERT INTO `artikel` (`judul`, `isi`, `gambar`, `produk_terkait`, `tanggal_dibuat`, `updated_at`) VALUES (\'Coba Gaes\', \'akskjsvjksiefhf assssssssssssss jjjjjjjjjjjjlajf\', \'1752826146_9c909582d3b38e6e5674.png\', \'null\', \'2025-07-18 16:09:06\', \'2025-07-18 16:09:06\')')
 2 SYSTEMPATH\Database\BaseConnection.php(652): CodeIgniter\Database\BaseConnection->simpleQuery('INSERT INTO `artikel` (`judul`, `isi`, `gambar`, `produk_terkait`, `tanggal_dibuat`, `updated_at`) VALUES (\'Coba Gaes\', \'akskjsvjksiefhf assssssssssssss jjjjjjjjjjjjlajf\', \'1752826146_9c909582d3b38e6e5674.png\', \'null\', \'2025-07-18 16:09:06\', \'2025-07-18 16:09:06\')')
 3 SYSTEMPATH\Database\BaseBuilder.php(2345): CodeIgniter\Database\BaseConnection->query('INSERT INTO `artikel` (`judul`, `isi`, `gambar`, `produk_terkait`, `tanggal_dibuat`, `updated_at`) VALUES (:judul:, :isi:, :gambar:, :produk_terkait:, :tanggal_dibuat:, :updated_at:)', [...], false)
 4 SYSTEMPATH\Model.php(394): CodeIgniter\Database\BaseBuilder->insert()
 5 SYSTEMPATH\BaseModel.php(843): CodeIgniter\Model->doInsert([...])
 6 SYSTEMPATH\Model.php(800): CodeIgniter\BaseModel->insert([...], false)
 7 SYSTEMPATH\BaseModel.php(754): CodeIgniter\Model->insert([...], false)
 8 APPPATH\Controllers\Admin\ArticleController.php(60): CodeIgniter\BaseModel->save([...])
 9 SYSTEMPATH\CodeIgniter.php(933): App\Controllers\Admin\ArticleController->store()
10 SYSTEMPATH\CodeIgniter.php(507): CodeIgniter\CodeIgniter->runController(Object(App\Controllers\Admin\ArticleController))
11 SYSTEMPATH\CodeIgniter.php(354): CodeIgniter\CodeIgniter->handleRequest(null, Object(Config\Cache), false)
12 SYSTEMPATH\Boot.php(334): CodeIgniter\CodeIgniter->run()
13 SYSTEMPATH\Boot.php(67): CodeIgniter\Boot::runCodeIgniter(Object(CodeIgniter\CodeIgniter))
14 FCPATH\index.php(59): CodeIgniter\Boot::bootWeb(Object(Config\Paths))
15 SYSTEMPATH\rewrite.php(44): require_once('C:\\xampp\\htdocs\\jsflorist\\public\\index.php')
CRITICAL - 2025-07-18 16:09:06 --> [Caused by] mysqli_sql_exception: Unknown column 'updated_at' in 'field list'
in SYSTEMPATH\Database\MySQLi\Connection.php on line 327.
 1 SYSTEMPATH\Database\MySQLi\Connection.php(327): mysqli->query('INSERT INTO `artikel` (`judul`, `isi`, `gambar`, `produk_terkait`, `tanggal_dibuat`, `updated_at`) VALUES (\'Coba Gaes\', \'akskjsvjksiefhf assssssssssssss jjjjjjjjjjjjlajf\', \'1752826146_9c909582d3b38e6e5674.png\', \'null\', \'2025-07-18 16:09:06\', \'2025-07-18 16:09:06\')', 0)
 2 SYSTEMPATH\Database\BaseConnection.php(738): CodeIgniter\Database\MySQLi\Connection->execute('INSERT INTO `artikel` (`judul`, `isi`, `gambar`, `produk_terkait`, `tanggal_dibuat`, `updated_at`) VALUES (\'Coba Gaes\', \'akskjsvjksiefhf assssssssssssss jjjjjjjjjjjjlajf\', \'1752826146_9c909582d3b38e6e5674.png\', \'null\', \'2025-07-18 16:09:06\', \'2025-07-18 16:09:06\')')
 3 SYSTEMPATH\Database\BaseConnection.php(652): CodeIgniter\Database\BaseConnection->simpleQuery('INSERT INTO `artikel` (`judul`, `isi`, `gambar`, `produk_terkait`, `tanggal_dibuat`, `updated_at`) VALUES (\'Coba Gaes\', \'akskjsvjksiefhf assssssssssssss jjjjjjjjjjjjlajf\', \'1752826146_9c909582d3b38e6e5674.png\', \'null\', \'2025-07-18 16:09:06\', \'2025-07-18 16:09:06\')')
 4 SYSTEMPATH\Database\BaseBuilder.php(2345): CodeIgniter\Database\BaseConnection->query('INSERT INTO `artikel` (`judul`, `isi`, `gambar`, `produk_terkait`, `tanggal_dibuat`, `updated_at`) VALUES (:judul:, :isi:, :gambar:, :produk_terkait:, :tanggal_dibuat:, :updated_at:)', [...], false)
 5 SYSTEMPATH\Model.php(394): CodeIgniter\Database\BaseBuilder->insert()
 6 SYSTEMPATH\BaseModel.php(843): CodeIgniter\Model->doInsert([...])
 7 SYSTEMPATH\Model.php(800): CodeIgniter\BaseModel->insert([...], false)
 8 SYSTEMPATH\BaseModel.php(754): CodeIgniter\Model->insert([...], false)
 9 APPPATH\Controllers\Admin\ArticleController.php(60): CodeIgniter\BaseModel->save([...])
10 SYSTEMPATH\CodeIgniter.php(933): App\Controllers\Admin\ArticleController->store()
11 SYSTEMPATH\CodeIgniter.php(507): CodeIgniter\CodeIgniter->runController(Object(App\Controllers\Admin\ArticleController))
12 SYSTEMPATH\CodeIgniter.php(354): CodeIgniter\CodeIgniter->handleRequest(null, Object(Config\Cache), false)
13 SYSTEMPATH\Boot.php(334): CodeIgniter\CodeIgniter->run()
14 SYSTEMPATH\Boot.php(67): CodeIgniter\Boot::runCodeIgniter(Object(CodeIgniter\CodeIgniter))
15 FCPATH\index.php(59): CodeIgniter\Boot::bootWeb(Object(Config\Paths))
16 SYSTEMPATH\rewrite.php(44): require_once('C:\\xampp\\htdocs\\jsflorist\\public\\index.php')
DEBUG - 2025-07-18 16:10:28 --> Session: Class initialized using 'CodeIgniter\Session\Handlers\FileHandler' driver.
DEBUG - 2025-07-18 16:10:28 --> Session: Class initialized using 'CodeIgniter\Session\Handlers\FileHandler' driver.
DEBUG - 2025-07-18 16:10:36 --> Session: Class initialized using 'CodeIgniter\Session\Handlers\FileHandler' driver.
DEBUG - 2025-07-18 16:10:38 --> Session: Class initialized using 'CodeIgniter\Session\Handlers\FileHandler' driver.
DEBUG - 2025-07-18 16:11:02 --> Session: Class initialized using 'CodeIgniter\Session\Handlers\FileHandler' driver.
DEBUG - 2025-07-18 16:11:06 --> Session: Class initialized using 'CodeIgniter\Session\Handlers\FileHandler' driver.
DEBUG - 2025-07-18 16:11:06 --> Session: Class initialized using 'CodeIgniter\Session\Handlers\FileHandler' driver.
DEBUG - 2025-07-18 16:11:10 --> Session: Class initialized using 'CodeIgniter\Session\Handlers\FileHandler' driver.
DEBUG - 2025-07-18 16:28:39 --> Session: Class initialized using 'CodeIgniter\Session\Handlers\FileHandler' driver.
DEBUG - 2025-07-18 16:28:43 --> Session: Class initialized using 'CodeIgniter\Session\Handlers\FileHandler' driver.
DEBUG - 2025-07-18 16:29:25 --> Session: Class initialized using 'CodeIgniter\Session\Handlers\FileHandler' driver.
DEBUG - 2025-07-18 16:29:29 --> Session: Class initialized using 'CodeIgniter\Session\Handlers\FileHandler' driver.
DEBUG - 2025-07-18 16:30:59 --> Session: Class initialized using 'CodeIgniter\Session\Handlers\FileHandler' driver.
DEBUG - 2025-07-18 16:33:23 --> Session: Class initialized using 'CodeIgniter\Session\Handlers\FileHandler' driver.
DEBUG - 2025-07-18 16:33:27 --> Session: Class initialized using 'CodeIgniter\Session\Handlers\FileHandler' driver.
DEBUG - 2025-07-18 16:33:31 --> Session: Class initialized using 'CodeIgniter\Session\Handlers\FileHandler' driver.
DEBUG - 2025-07-18 16:33:45 --> Session: Class initialized using 'CodeIgniter\Session\Handlers\FileHandler' driver.
DEBUG - 2025-07-18 16:33:47 --> Session: Class initialized using 'CodeIgniter\Session\Handlers\FileHandler' driver.
DEBUG - 2025-07-18 16:33:48 --> Session: Class initialized using 'CodeIgniter\Session\Handlers\FileHandler' driver.
DEBUG - 2025-07-18 16:33:53 --> Session: Class initialized using 'CodeIgniter\Session\Handlers\FileHandler' driver.
DEBUG - 2025-07-18 16:33:53 --> User tidak login saat akses checkout.
DEBUG - 2025-07-18 16:34:10 --> Session: Class initialized using 'CodeIgniter\Session\Handlers\FileHandler' driver.
DEBUG - 2025-07-18 16:34:10 --> Memulai proses pesanan di processOrder().
DEBUG - 2025-07-18 16:34:10 --> Validasi dasar form BERHASIL.
DEBUG - 2025-07-18 16:34:10 --> Keranjang memiliki 1 item.
DEBUG - 2025-07-18 16:34:10 --> Subtotal produk: 250000
DEBUG - 2025-07-18 16:34:10 --> Tipe pengantaran: Self-Pickup. Biaya: 0.
DEBUG - 2025-07-18 16:34:10 --> Total keseluruhan pesanan (produk + pengiriman): 250000
DEBUG - 2025-07-18 16:34:10 --> Nama Penerima Lengkap: Ardi Wibowo
DEBUG - 2025-07-18 16:34:10 --> Nomor HP Penerima: 
DEBUG - 2025-07-18 16:34:10 --> Alamat Teks: 
DEBUG - 2025-07-18 16:34:10 --> Nomor Pemesan: 083854672921
DEBUG - 2025-07-18 16:34:10 --> Tanggal Pengantaran: 2025-07-18T21:37
DEBUG - 2025-07-18 16:34:10 --> Metode Pembayaran: Direct Bank Transfer
DEBUG - 2025-07-18 16:34:10 --> Initial $orderDataTemp: {"user_id":null,"tanggal_pesan":"2025-07-18 16:34:10","status_pesanan":"Menunggu Bukti Transfer","total_harga":250000,"metode_pembayaran":"Direct Bank Transfer","tanggal_pengantaran":"2025-07-18T21:37","tipe_pengantaran":"Self-Pickup","catatan_penerima":"","penerima_nama":"Ardi Wibowo","penerima_nomor_hp":"","alamat_pengiriman_teks":"","alamat_latitude":null,"alamat_longitude":null,"bukti_bayar":null,"nomor_pemesan":"083854672921"}
DEBUG - 2025-07-18 16:34:10 --> Order awal berhasil diinsert dengan ID: 42
DEBUG - 2025-07-18 16:34:10 --> Semua order items berhasil diinsert.
DEBUG - 2025-07-18 16:34:10 --> Bank Transfer dipilih, redirect ke halaman konfirmasi Bank untuk order ID: 42
DEBUG - 2025-07-18 16:34:10 --> Session: Class initialized using 'CodeIgniter\Session\Handlers\FileHandler' driver.
DEBUG - 2025-07-18 16:34:16 --> Session: Class initialized using 'CodeIgniter\Session\Handlers\FileHandler' driver.
DEBUG - 2025-07-18 16:34:18 --> Session: Class initialized using 'CodeIgniter\Session\Handlers\FileHandler' driver.
DEBUG - 2025-07-18 16:34:22 --> Session: Class initialized using 'CodeIgniter\Session\Handlers\FileHandler' driver.
DEBUG - 2025-07-18 16:34:22 --> Session: Class initialized using 'CodeIgniter\Session\Handlers\FileHandler' driver.
DEBUG - 2025-07-18 16:34:33 --> Session: Class initialized using 'CodeIgniter\Session\Handlers\FileHandler' driver.
DEBUG - 2025-07-18 16:34:50 --> Session: Class initialized using 'CodeIgniter\Session\Handlers\FileHandler' driver.
DEBUG - 2025-07-18 16:39:48 --> Session: Class initialized using 'CodeIgniter\Session\Handlers\FileHandler' driver.
DEBUG - 2025-07-18 16:51:09 --> Session: Class initialized using 'CodeIgniter\Session\Handlers\FileHandler' driver.
DEBUG - 2025-07-18 16:52:57 --> Session: Class initialized using 'CodeIgniter\Session\Handlers\FileHandler' driver.
DEBUG - 2025-07-18 16:57:28 --> Session: Class initialized using 'CodeIgniter\Session\Handlers\FileHandler' driver.
DEBUG - 2025-07-18 16:59:09 --> Session: Class initialized using 'CodeIgniter\Session\Handlers\FileHandler' driver.
DEBUG - 2025-07-18 17:01:45 --> Session: Class initialized using 'CodeIgniter\Session\Handlers\FileHandler' driver.
DEBUG - 2025-07-18 17:04:04 --> Session: Class initialized using 'CodeIgniter\Session\Handlers\FileHandler' driver.
DEBUG - 2025-07-18 17:08:35 --> Session: Class initialized using 'CodeIgniter\Session\Handlers\FileHandler' driver.
DEBUG - 2025-07-18 17:08:38 --> Session: Class initialized using 'CodeIgniter\Session\Handlers\FileHandler' driver.
DEBUG - 2025-07-18 17:10:37 --> Session: Class initialized using 'CodeIgniter\Session\Handlers\FileHandler' driver.
DEBUG - 2025-07-18 17:13:16 --> Session: Class initialized using 'CodeIgniter\Session\Handlers\FileHandler' driver.
DEBUG - 2025-07-18 17:13:18 --> Session: Class initialized using 'CodeIgniter\Session\Handlers\FileHandler' driver.
DEBUG - 2025-07-18 17:13:26 --> Session: Class initialized using 'CodeIgniter\Session\Handlers\FileHandler' driver.
DEBUG - 2025-07-18 17:13:31 --> Session: Class initialized using 'CodeIgniter\Session\Handlers\FileHandler' driver.
DEBUG - 2025-07-18 17:13:33 --> Session: Class initialized using 'CodeIgniter\Session\Handlers\FileHandler' driver.
DEBUG - 2025-07-18 17:13:37 --> Session: Class initialized using 'CodeIgniter\Session\Handlers\FileHandler' driver.
DEBUG - 2025-07-18 17:17:30 --> Session: Class initialized using 'CodeIgniter\Session\Handlers\FileHandler' driver.
DEBUG - 2025-07-18 17:20:20 --> Session: Class initialized using 'CodeIgniter\Session\Handlers\FileHandler' driver.
DEBUG - 2025-07-18 17:24:01 --> Session: Class initialized using 'CodeIgniter\Session\Handlers\FileHandler' driver.
DEBUG - 2025-07-18 17:32:09 --> Session: Class initialized using 'CodeIgniter\Session\Handlers\FileHandler' driver.
DEBUG - 2025-07-18 17:35:54 --> Session: Class initialized using 'CodeIgniter\Session\Handlers\FileHandler' driver.
DEBUG - 2025-07-18 17:38:44 --> Session: Class initialized using 'CodeIgniter\Session\Handlers\FileHandler' driver.
DEBUG - 2025-07-18 17:38:50 --> Session: Class initialized using 'CodeIgniter\Session\Handlers\FileHandler' driver.
DEBUG - 2025-07-18 17:38:52 --> Session: Class initialized using 'CodeIgniter\Session\Handlers\FileHandler' driver.
DEBUG - 2025-07-18 17:58:18 --> Session: Class initialized using 'CodeIgniter\Session\Handlers\FileHandler' driver.
DEBUG - 2025-07-18 17:59:47 --> Session: Class initialized using 'CodeIgniter\Session\Handlers\FileHandler' driver.
DEBUG - 2025-07-18 18:04:24 --> Session: Class initialized using 'CodeIgniter\Session\Handlers\FileHandler' driver.
DEBUG - 2025-07-18 18:08:29 --> Session: Class initialized using 'CodeIgniter\Session\Handlers\FileHandler' driver.
DEBUG - 2025-07-18 18:11:15 --> Session: Class initialized using 'CodeIgniter\Session\Handlers\FileHandler' driver.
DEBUG - 2025-07-18 18:11:21 --> Session: Class initialized using 'CodeIgniter\Session\Handlers\FileHandler' driver.
DEBUG - 2025-07-18 18:11:22 --> Session: Class initialized using 'CodeIgniter\Session\Handlers\FileHandler' driver.
DEBUG - 2025-07-18 18:11:37 --> Session: Class initialized using 'CodeIgniter\Session\Handlers\FileHandler' driver.
DEBUG - 2025-07-18 18:11:37 --> Session: Class initialized using 'CodeIgniter\Session\Handlers\FileHandler' driver.
DEBUG - 2025-07-18 18:12:03 --> Session: Class initialized using 'CodeIgniter\Session\Handlers\FileHandler' driver.
DEBUG - 2025-07-18 18:17:33 --> Session: Class initialized using 'CodeIgniter\Session\Handlers\FileHandler' driver.
DEBUG - 2025-07-18 18:18:41 --> Session: Class initialized using 'CodeIgniter\Session\Handlers\FileHandler' driver.
DEBUG - 2025-07-18 18:19:06 --> Session: Class initialized using 'CodeIgniter\Session\Handlers\FileHandler' driver.
DEBUG - 2025-07-18 18:19:06 --> Session: Class initialized using 'CodeIgniter\Session\Handlers\FileHandler' driver.
CRITICAL - 2025-07-18 18:19:11 --> CodeIgniter\View\Exceptions\ViewException: Invalid file: "admin/articles/edit.php"
[Method: GET, Route: admin/articles/edit/3]
in SYSTEMPATH\Exceptions\FrameworkException.php on line 39.
 1 SYSTEMPATH\View\View.php(212): CodeIgniter\Exceptions\FrameworkException::forInvalidFile('admin/articles/edit.php')
 2 SYSTEMPATH\Common.php(1173): CodeIgniter\View\View->render('admin/articles/edit', [], true)
 3 APPPATH\Controllers\Admin\ArticleController.php(97): view('admin/articles/edit', [...])
 4 SYSTEMPATH\CodeIgniter.php(933): App\Controllers\Admin\ArticleController->edit('3')
 5 SYSTEMPATH\CodeIgniter.php(507): CodeIgniter\CodeIgniter->runController(Object(App\Controllers\Admin\ArticleController))
 6 SYSTEMPATH\CodeIgniter.php(354): CodeIgniter\CodeIgniter->handleRequest(null, Object(Config\Cache), false)
 7 SYSTEMPATH\Boot.php(334): CodeIgniter\CodeIgniter->run()
 8 SYSTEMPATH\Boot.php(67): CodeIgniter\Boot::runCodeIgniter(Object(CodeIgniter\CodeIgniter))
 9 FCPATH\index.php(59): CodeIgniter\Boot::bootWeb(Object(Config\Paths))
10 SYSTEMPATH\rewrite.php(44): require_once('C:\\xampp\\htdocs\\jsflorist\\public\\index.php')
DEBUG - 2025-07-18 18:19:14 --> Session: Class initialized using 'CodeIgniter\Session\Handlers\FileHandler' driver.
DEBUG - 2025-07-18 18:19:17 --> Session: Class initialized using 'CodeIgniter\Session\Handlers\FileHandler' driver.
DEBUG - 2025-07-18 18:19:18 --> Session: Class initialized using 'CodeIgniter\Session\Handlers\FileHandler' driver.
DEBUG - 2025-07-18 18:19:25 --> Session: Class initialized using 'CodeIgniter\Session\Handlers\FileHandler' driver.
DEBUG - 2025-07-18 18:20:00 --> Session: Class initialized using 'CodeIgniter\Session\Handlers\FileHandler' driver.
DEBUG - 2025-07-18 18:20:16 --> Session: Class initialized using 'CodeIgniter\Session\Handlers\FileHandler' driver.
DEBUG - 2025-07-18 18:22:37 --> Session: Class initialized using 'CodeIgniter\Session\Handlers\FileHandler' driver.
DEBUG - 2025-07-18 18:23:27 --> Session: Class initialized using 'CodeIgniter\Session\Handlers\FileHandler' driver.
DEBUG - 2025-07-18 18:23:34 --> Session: Class initialized using 'CodeIgniter\Session\Handlers\FileHandler' driver.
DEBUG - 2025-07-18 18:23:38 --> Session: Class initialized using 'CodeIgniter\Session\Handlers\FileHandler' driver.
DEBUG - 2025-07-18 18:23:40 --> Session: Class initialized using 'CodeIgniter\Session\Handlers\FileHandler' driver.
DEBUG - 2025-07-18 18:23:53 --> Session: Class initialized using 'CodeIgniter\Session\Handlers\FileHandler' driver.
DEBUG - 2025-07-18 18:24:06 --> Session: Class initialized using 'CodeIgniter\Session\Handlers\FileHandler' driver.
DEBUG - 2025-07-18 18:24:28 --> Session: Class initialized using 'CodeIgniter\Session\Handlers\FileHandler' driver.
DEBUG - 2025-07-18 18:24:36 --> Session: Class initialized using 'CodeIgniter\Session\Handlers\FileHandler' driver.
DEBUG - 2025-07-18 18:24:45 --> Session: Class initialized using 'CodeIgniter\Session\Handlers\FileHandler' driver.
DEBUG - 2025-07-18 18:27:15 --> Session: Class initialized using 'CodeIgniter\Session\Handlers\FileHandler' driver.
DEBUG - 2025-07-18 18:30:57 --> Session: Class initialized using 'CodeIgniter\Session\Handlers\FileHandler' driver.
DEBUG - 2025-07-18 18:31:37 --> Session: Class initialized using 'CodeIgniter\Session\Handlers\FileHandler' driver.
DEBUG - 2025-07-18 18:31:37 --> Session: Class initialized using 'CodeIgniter\Session\Handlers\FileHandler' driver.
DEBUG - 2025-07-18 18:31:45 --> Session: Class initialized using 'CodeIgniter\Session\Handlers\FileHandler' driver.
DEBUG - 2025-07-18 18:31:49 --> Session: Class initialized using 'CodeIgniter\Session\Handlers\FileHandler' driver.
DEBUG - 2025-07-18 18:32:03 --> Session: Class initialized using 'CodeIgniter\Session\Handlers\FileHandler' driver.
DEBUG - 2025-07-18 18:32:05 --> Session: Class initialized using 'CodeIgniter\Session\Handlers\FileHandler' driver.
DEBUG - 2025-07-18 18:32:08 --> Session: Class initialized using 'CodeIgniter\Session\Handlers\FileHandler' driver.
DEBUG - 2025-07-18 18:32:10 --> Session: Class initialized using 'CodeIgniter\Session\Handlers\FileHandler' driver.
