CRITICAL - 2026-04-15 01:41:10 --> ErrorException: Undefined array key "HTTP_HOST"
[Method: GET, Route: /]
in APPPATH/Controllers/BaseController.php on line 48.
 1 APPPATH/Controllers/BaseController.php(48): CodeIgniter\Debug\Exceptions->errorHandler()
 2 SYSTEMPATH/CodeIgniter.php(904): App\Controllers\BaseController->initController()
 3 SYSTEMPATH/CodeIgniter.php(498): CodeIgniter\CodeIgniter->createController()
 4 SYSTEMPATH/CodeIgniter.php(354): CodeIgniter\CodeIgniter->handleRequest()
 5 SYSTEMPATH/Boot.php(334): CodeIgniter\CodeIgniter->run()
 6 SYSTEMPATH/Boot.php(67): CodeIgniter\Boot::runCodeIgniter()
 7 FCPATH/index.php(59): CodeIgniter\Boot::bootWeb()
CRITICAL - 2026-04-15 03:22:03 --> CodeIgniter\HTTP\Exceptions\BadRequestException: The URI you submitted has disallowed characters: "BW (1).png"
[Method: GET, Route: assets/img/gambar/BW%20%281%29.png]
in SYSTEMPATH/Router/Router.php on line 741.
 1 SYSTEMPATH/Router/Router.php(207): CodeIgniter\Router\Router->checkDisallowedChars()
 2 SYSTEMPATH/CodeIgniter.php(832): CodeIgniter\Router\Router->handle()
 3 SYSTEMPATH/CodeIgniter.php(455): CodeIgniter\CodeIgniter->tryToRouteIt()
 4 SYSTEMPATH/CodeIgniter.php(354): CodeIgniter\CodeIgniter->handleRequest()
 5 SYSTEMPATH/Boot.php(334): CodeIgniter\CodeIgniter->run()
 6 SYSTEMPATH/Boot.php(67): CodeIgniter\Boot::runCodeIgniter()
 7 FCPATH/index.php(59): CodeIgniter\Boot::bootWeb()
CRITICAL - 2026-04-15 03:22:03 --> CodeIgniter\HTTP\Exceptions\BadRequestException: The URI you submitted has disallowed characters: "BW (2).png"
[Method: GET, Route: assets/img/gambar/BW%20%282%29.png]
in SYSTEMPATH/Router/Router.php on line 741.
 1 SYSTEMPATH/Router/Router.php(207): CodeIgniter\Router\Router->checkDisallowedChars()
 2 SYSTEMPATH/CodeIgniter.php(832): CodeIgniter\Router\Router->handle()
 3 SYSTEMPATH/CodeIgniter.php(455): CodeIgniter\CodeIgniter->tryToRouteIt()
 4 SYSTEMPATH/CodeIgniter.php(354): CodeIgniter\CodeIgniter->handleRequest()
 5 SYSTEMPATH/Boot.php(334): CodeIgniter\CodeIgniter->run()
 6 SYSTEMPATH/Boot.php(67): CodeIgniter\Boot::runCodeIgniter()
 7 FCPATH/index.php(59): CodeIgniter\Boot::bootWeb()
CRITICAL - 2026-04-15 03:22:03 --> CodeIgniter\HTTP\Exceptions\BadRequestException: The URI you submitted has disallowed characters: "BW (7).png"
[Method: GET, Route: assets/img/gambar/BW%20%287%29.png]
in SYSTEMPATH/Router/Router.php on line 741.
 1 SYSTEMPATH/Router/Router.php(207): CodeIgniter\Router\Router->checkDisallowedChars()
 2 SYSTEMPATH/CodeIgniter.php(832): CodeIgniter\Router\Router->handle()
 3 SYSTEMPATH/CodeIgniter.php(455): CodeIgniter\CodeIgniter->tryToRouteIt()
 4 SYSTEMPATH/CodeIgniter.php(354): CodeIgniter\CodeIgniter->handleRequest()
 5 SYSTEMPATH/Boot.php(334): CodeIgniter\CodeIgniter->run()
 6 SYSTEMPATH/Boot.php(67): CodeIgniter\Boot::runCodeIgniter()
 7 FCPATH/index.php(59): CodeIgniter\Boot::bootWeb()
CRITICAL - 2026-04-15 03:22:04 --> CodeIgniter\HTTP\Exceptions\BadRequestException: The URI you submitted has disallowed characters: "BW (5).png"
[Method: GET, Route: assets/img/gambar/BW%20%285%29.png]
in SYSTEMPATH/Router/Router.php on line 741.
 1 SYSTEMPATH/Router/Router.php(207): CodeIgniter\Router\Router->checkDisallowedChars()
 2 SYSTEMPATH/CodeIgniter.php(832): CodeIgniter\Router\Router->handle()
 3 SYSTEMPATH/CodeIgniter.php(455): CodeIgniter\CodeIgniter->tryToRouteIt()
 4 SYSTEMPATH/CodeIgniter.php(354): CodeIgniter\CodeIgniter->handleRequest()
 5 SYSTEMPATH/Boot.php(334): CodeIgniter\CodeIgniter->run()
 6 SYSTEMPATH/Boot.php(67): CodeIgniter\Boot::runCodeIgniter()
 7 FCPATH/index.php(59): CodeIgniter\Boot::bootWeb()
CRITICAL - 2026-04-15 03:22:04 --> CodeIgniter\HTTP\Exceptions\BadRequestException: The URI you submitted has disallowed characters: "BW (6).png"
[Method: GET, Route: assets/img/gambar/BW%20%286%29.png]
in SYSTEMPATH/Router/Router.php on line 741.
 1 SYSTEMPATH/Router/Router.php(207): CodeIgniter\Router\Router->checkDisallowedChars()
 2 SYSTEMPATH/CodeIgniter.php(832): CodeIgniter\Router\Router->handle()
 3 SYSTEMPATH/CodeIgniter.php(455): CodeIgniter\CodeIgniter->tryToRouteIt()
 4 SYSTEMPATH/CodeIgniter.php(354): CodeIgniter\CodeIgniter->handleRequest()
 5 SYSTEMPATH/Boot.php(334): CodeIgniter\CodeIgniter->run()
 6 SYSTEMPATH/Boot.php(67): CodeIgniter\Boot::runCodeIgniter()
 7 FCPATH/index.php(59): CodeIgniter\Boot::bootWeb()
CRITICAL - 2026-04-15 03:22:04 --> CodeIgniter\HTTP\Exceptions\BadRequestException: The URI you submitted has disallowed characters: "BW (3).png"
[Method: GET, Route: assets/img/gambar/BW%20%283%29.png]
in SYSTEMPATH/Router/Router.php on line 741.
 1 SYSTEMPATH/Router/Router.php(207): CodeIgniter\Router\Router->checkDisallowedChars()
 2 SYSTEMPATH/CodeIgniter.php(832): CodeIgniter\Router\Router->handle()
 3 SYSTEMPATH/CodeIgniter.php(455): CodeIgniter\CodeIgniter->tryToRouteIt()
 4 SYSTEMPATH/CodeIgniter.php(354): CodeIgniter\CodeIgniter->handleRequest()
 5 SYSTEMPATH/Boot.php(334): CodeIgniter\CodeIgniter->run()
 6 SYSTEMPATH/Boot.php(67): CodeIgniter\Boot::runCodeIgniter()
 7 FCPATH/index.php(59): CodeIgniter\Boot::bootWeb()
CRITICAL - 2026-04-15 03:22:04 --> CodeIgniter\HTTP\Exceptions\BadRequestException: The URI you submitted has disallowed characters: "BW (4).png"
[Method: GET, Route: assets/img/gambar/BW%20%284%29.png]
in SYSTEMPATH/Router/Router.php on line 741.
 1 SYSTEMPATH/Router/Router.php(207): CodeIgniter\Router\Router->checkDisallowedChars()
 2 SYSTEMPATH/CodeIgniter.php(832): CodeIgniter\Router\Router->handle()
 3 SYSTEMPATH/CodeIgniter.php(455): CodeIgniter\CodeIgniter->tryToRouteIt()
 4 SYSTEMPATH/CodeIgniter.php(354): CodeIgniter\CodeIgniter->handleRequest()
 5 SYSTEMPATH/Boot.php(334): CodeIgniter\CodeIgniter->run()
 6 SYSTEMPATH/Boot.php(67): CodeIgniter\Boot::runCodeIgniter()
 7 FCPATH/index.php(59): CodeIgniter\Boot::bootWeb()
CRITICAL - 2026-04-15 03:22:04 --> CodeIgniter\HTTP\Exceptions\BadRequestException: The URI you submitted has disallowed characters: "BW (8).png"
[Method: GET, Route: assets/img/gambar/BW%20%288%29.png]
in SYSTEMPATH/Router/Router.php on line 741.
 1 SYSTEMPATH/Router/Router.php(207): CodeIgniter\Router\Router->checkDisallowedChars()
 2 SYSTEMPATH/CodeIgniter.php(832): CodeIgniter\Router\Router->handle()
 3 SYSTEMPATH/CodeIgniter.php(455): CodeIgniter\CodeIgniter->tryToRouteIt()
 4 SYSTEMPATH/CodeIgniter.php(354): CodeIgniter\CodeIgniter->handleRequest()
 5 SYSTEMPATH/Boot.php(334): CodeIgniter\CodeIgniter->run()
 6 SYSTEMPATH/Boot.php(67): CodeIgniter\Boot::runCodeIgniter()
 7 FCPATH/index.php(59): CodeIgniter\Boot::bootWeb()
CRITICAL - 2026-04-15 03:22:04 --> CodeIgniter\HTTP\Exceptions\BadRequestException: The URI you submitted has disallowed characters: "BW (9).png"
[Method: GET, Route: assets/img/gambar/BW%20%289%29.png]
in SYSTEMPATH/Router/Router.php on line 741.
 1 SYSTEMPATH/Router/Router.php(207): CodeIgniter\Router\Router->checkDisallowedChars()
 2 SYSTEMPATH/CodeIgniter.php(832): CodeIgniter\Router\Router->handle()
 3 SYSTEMPATH/CodeIgniter.php(455): CodeIgniter\CodeIgniter->tryToRouteIt()
 4 SYSTEMPATH/CodeIgniter.php(354): CodeIgniter\CodeIgniter->handleRequest()
 5 SYSTEMPATH/Boot.php(334): CodeIgniter\CodeIgniter->run()
 6 SYSTEMPATH/Boot.php(67): CodeIgniter\Boot::runCodeIgniter()
 7 FCPATH/index.php(59): CodeIgniter\Boot::bootWeb()
CRITICAL - 2026-04-15 04:01:38 --> CodeIgniter\HTTP\Exceptions\BadRequestException: The URI you submitted has disallowed characters: "永远怀念"
[Method: GET, Route: products/%E6%B0%B8%E8%BF%9C%E6%80%80%E5%BF%B5]
in SYSTEMPATH/Router/Router.php on line 741.
 1 SYSTEMPATH/Router/Router.php(207): CodeIgniter\Router\Router->checkDisallowedChars()
 2 SYSTEMPATH/CodeIgniter.php(832): CodeIgniter\Router\Router->handle()
 3 SYSTEMPATH/CodeIgniter.php(455): CodeIgniter\CodeIgniter->tryToRouteIt()
 4 SYSTEMPATH/CodeIgniter.php(354): CodeIgniter\CodeIgniter->handleRequest()
 5 SYSTEMPATH/Boot.php(334): CodeIgniter\CodeIgniter->run()
 6 SYSTEMPATH/Boot.php(67): CodeIgniter\Boot::runCodeIgniter()
 7 FCPATH/index.php(59): CodeIgniter\Boot::bootWeb()
CRITICAL - 2026-04-15 04:05:17 --> CodeIgniter\HTTP\Exceptions\BadRequestException: The URI you submitted has disallowed characters: "恭喜发财"
[Method: GET, Route: products/%E6%81%AD%E5%96%9C%E5%8F%91%E8%B4%A2]
in SYSTEMPATH/Router/Router.php on line 741.
 1 SYSTEMPATH/Router/Router.php(207): CodeIgniter\Router\Router->checkDisallowedChars()
 2 SYSTEMPATH/CodeIgniter.php(832): CodeIgniter\Router\Router->handle()
 3 SYSTEMPATH/CodeIgniter.php(455): CodeIgniter\CodeIgniter->tryToRouteIt()
 4 SYSTEMPATH/CodeIgniter.php(354): CodeIgniter\CodeIgniter->handleRequest()
 5 SYSTEMPATH/Boot.php(334): CodeIgniter\CodeIgniter->run()
 6 SYSTEMPATH/Boot.php(67): CodeIgniter\Boot::runCodeIgniter()
 7 FCPATH/index.php(59): CodeIgniter\Boot::bootWeb()
CRITICAL - 2026-04-15 04:07:57 --> CodeIgniter\HTTP\Exceptions\BadRequestException: The URI you submitted has disallowed characters: "小熊毕业花束"
[Method: GET, Route: products/%E5%B0%8F%E7%86%8A%E6%AF%95%E4%B8%9A%E8%8A%B1%E6%9D%9F]
in SYSTEMPATH/Router/Router.php on line 741.
 1 SYSTEMPATH/Router/Router.php(207): CodeIgniter\Router\Router->checkDisallowedChars()
 2 SYSTEMPATH/CodeIgniter.php(832): CodeIgniter\Router\Router->handle()
 3 SYSTEMPATH/CodeIgniter.php(455): CodeIgniter\CodeIgniter->tryToRouteIt()
 4 SYSTEMPATH/CodeIgniter.php(354): CodeIgniter\CodeIgniter->handleRequest()
 5 SYSTEMPATH/Boot.php(334): CodeIgniter\CodeIgniter->run()
 6 SYSTEMPATH/Boot.php(67): CodeIgniter\Boot::runCodeIgniter()
 7 FCPATH/index.php(59): CodeIgniter\Boot::bootWeb()
CRITICAL - 2026-04-15 08:23:10 --> ErrorException: Undefined array key "HTTP_HOST"
[Method: GET, Route: /]
in APPPATH/Controllers/BaseController.php on line 48.
 1 APPPATH/Controllers/BaseController.php(48): CodeIgniter\Debug\Exceptions->errorHandler()
 2 SYSTEMPATH/CodeIgniter.php(904): App\Controllers\BaseController->initController()
 3 SYSTEMPATH/CodeIgniter.php(498): CodeIgniter\CodeIgniter->createController()
 4 SYSTEMPATH/CodeIgniter.php(354): CodeIgniter\CodeIgniter->handleRequest()
 5 SYSTEMPATH/Boot.php(334): CodeIgniter\CodeIgniter->run()
 6 SYSTEMPATH/Boot.php(67): CodeIgniter\Boot::runCodeIgniter()
 7 FCPATH/index.php(59): CodeIgniter\Boot::bootWeb()
CRITICAL - 2026-04-15 08:43:47 --> ErrorException: Undefined array key "HTTP_HOST"
[Method: GET, Route: /]
in APPPATH/Controllers/BaseController.php on line 48.
 1 APPPATH/Controllers/BaseController.php(48): CodeIgniter\Debug\Exceptions->errorHandler()
 2 SYSTEMPATH/CodeIgniter.php(904): App\Controllers\BaseController->initController()
 3 SYSTEMPATH/CodeIgniter.php(498): CodeIgniter\CodeIgniter->createController()
 4 SYSTEMPATH/CodeIgniter.php(354): CodeIgniter\CodeIgniter->handleRequest()
 5 SYSTEMPATH/Boot.php(334): CodeIgniter\CodeIgniter->run()
 6 SYSTEMPATH/Boot.php(67): CodeIgniter\Boot::runCodeIgniter()
 7 FCPATH/index.php(59): CodeIgniter\Boot::bootWeb()
CRITICAL - 2026-04-15 08:46:24 --> ErrorException: Undefined array key "HTTP_HOST"
[Method: GET, Route: /]
in APPPATH/Controllers/BaseController.php on line 48.
 1 APPPATH/Controllers/BaseController.php(48): CodeIgniter\Debug\Exceptions->errorHandler()
 2 SYSTEMPATH/CodeIgniter.php(904): App\Controllers\BaseController->initController()
 3 SYSTEMPATH/CodeIgniter.php(498): CodeIgniter\CodeIgniter->createController()
 4 SYSTEMPATH/CodeIgniter.php(354): CodeIgniter\CodeIgniter->handleRequest()
 5 SYSTEMPATH/Boot.php(334): CodeIgniter\CodeIgniter->run()
 6 SYSTEMPATH/Boot.php(67): CodeIgniter\Boot::runCodeIgniter()
 7 FCPATH/index.php(59): CodeIgniter\Boot::bootWeb()
CRITICAL - 2026-04-15 12:48:49 --> ErrorException: Undefined array key "HTTP_HOST"
[Method: GET, Route: /]
in APPPATH/Controllers/BaseController.php on line 48.
 1 APPPATH/Controllers/BaseController.php(48): CodeIgniter\Debug\Exceptions->errorHandler()
 2 SYSTEMPATH/CodeIgniter.php(904): App\Controllers\BaseController->initController()
 3 SYSTEMPATH/CodeIgniter.php(498): CodeIgniter\CodeIgniter->createController()
 4 SYSTEMPATH/CodeIgniter.php(354): CodeIgniter\CodeIgniter->handleRequest()
 5 SYSTEMPATH/Boot.php(334): CodeIgniter\CodeIgniter->run()
 6 SYSTEMPATH/Boot.php(67): CodeIgniter\Boot::runCodeIgniter()
 7 FCPATH/index.php(59): CodeIgniter\Boot::bootWeb()
CRITICAL - 2026-04-15 12:48:58 --> ErrorException: Undefined array key "HTTP_HOST"
[Method: GET, Route: /]
in APPPATH/Controllers/BaseController.php on line 48.
 1 APPPATH/Controllers/BaseController.php(48): CodeIgniter\Debug\Exceptions->errorHandler()
 2 SYSTEMPATH/CodeIgniter.php(904): App\Controllers\BaseController->initController()
 3 SYSTEMPATH/CodeIgniter.php(498): CodeIgniter\CodeIgniter->createController()
 4 SYSTEMPATH/CodeIgniter.php(354): CodeIgniter\CodeIgniter->handleRequest()
 5 SYSTEMPATH/Boot.php(334): CodeIgniter\CodeIgniter->run()
 6 SYSTEMPATH/Boot.php(67): CodeIgniter\Boot::runCodeIgniter()
 7 FCPATH/index.php(59): CodeIgniter\Boot::bootWeb()
ERROR - 2026-04-15 14:07:06 --> Error connecting to the database: mysqli_sql_exception: Too many connections in /home/jsff5967/CI4/vendor/codeigniter4/framework/system/Database/MySQLi/Connection.php:201
Stack trace:
#0 /home/jsff5967/CI4/vendor/codeigniter4/framework/system/Database/MySQLi/Connection.php(201): mysqli->real_connect()
#1 /home/jsff5967/CI4/vendor/codeigniter4/framework/system/Database/BaseConnection.php(421): CodeIgniter\Database\MySQLi\Connection->connect()
#2 /home/jsff5967/CI4/vendor/codeigniter4/framework/system/Database/BaseConnection.php(620): CodeIgniter\Database\BaseConnection->initialize()
#3 /home/jsff5967/CI4/vendor/codeigniter4/framework/system/Database/BaseBuilder.php(1649): CodeIgniter\Database\BaseConnection->query()
#4 /home/jsff5967/CI4/vendor/codeigniter4/framework/system/Model.php(286): CodeIgniter\Database\BaseBuilder->get()
#5 /home/jsff5967/CI4/vendor/codeigniter4/framework/system/BaseModel.php(679): CodeIgniter\Model->doFindAll()
#6 /home/jsff5967/CI4/app/Commands/BatalkanPesananOtomatis.php(73): CodeIgniter\BaseModel->findAll()
#7 /home/jsff5967/CI4/vendor/codeigniter4/framework/system/CLI/Commands.php(74): App\Commands\BatalkanPesananOtomatis->run()
#8 /home/jsff5967/CI4/vendor/codeigniter4/framework/system/CLI/Console.php(47): CodeIgniter\CLI\Commands->run()
#9 /home/jsff5967/CI4/vendor/codeigniter4/framework/system/Boot.php(360): CodeIgniter\CLI\Console->run()
#10 /home/jsff5967/CI4/vendor/codeigniter4/framework/system/Boot.php(104): CodeIgniter\Boot::runCommand()
#11 /home/jsff5967/CI4/spark(87): CodeIgniter\Boot::bootSpark()
#12 {main}

Next CodeIgniter\Database\Exceptions\DatabaseException: Too many connections in /home/jsff5967/CI4/vendor/codeigniter4/framework/system/Database/MySQLi/Connection.php:246
Stack trace:
#0 /home/jsff5967/CI4/vendor/codeigniter4/framework/system/Database/BaseConnection.php(421): CodeIgniter\Database\MySQLi\Connection->connect()
#1 /home/jsff5967/CI4/vendor/codeigniter4/framework/system/Database/BaseConnection.php(620): CodeIgniter\Database\BaseConnection->initialize()
#2 /home/jsff5967/CI4/vendor/codeigniter4/framework/system/Database/BaseBuilder.php(1649): CodeIgniter\Database\BaseConnection->query()
#3 /home/jsff5967/CI4/vendor/codeigniter4/framework/system/Model.php(286): CodeIgniter\Database\BaseBuilder->get()
#4 /home/jsff5967/CI4/vendor/codeigniter4/framework/system/BaseModel.php(679): CodeIgniter\Model->doFindAll()
#5 /home/jsff5967/CI4/app/Commands/BatalkanPesananOtomatis.php(73): CodeIgniter\BaseModel->findAll()
#6 /home/jsff5967/CI4/vendor/codeigniter4/framework/system/CLI/Commands.php(74): App\Commands\BatalkanPesananOtomatis->run()
#7 /home/jsff5967/CI4/vendor/codeigniter4/framework/system/CLI/Console.php(47): CodeIgniter\CLI\Commands->run()
#8 /home/jsff5967/CI4/vendor/codeigniter4/framework/system/Boot.php(360): CodeIgniter\CLI\Console->run()
#9 /home/jsff5967/CI4/vendor/codeigniter4/framework/system/Boot.php(104): CodeIgniter\Boot::runCommand()
#10 /home/jsff5967/CI4/spark(87): CodeIgniter\Boot::bootSpark()
#11 {main}
CRITICAL - 2026-04-15 14:07:06 --> CodeIgniter\Database\Exceptions\DatabaseException: Unable to connect to the database.
Main connection [MySQLi]: Too many connections
[Method: CLI, Route: pesanan:batalkan_otomatis]
in SYSTEMPATH/Database/BaseConnection.php on line 467.
 1 SYSTEMPATH/Database/BaseConnection.php(620): CodeIgniter\Database\BaseConnection->initialize()
 2 SYSTEMPATH/Database/BaseBuilder.php(1649): CodeIgniter\Database\BaseConnection->query()
 3 SYSTEMPATH/Model.php(286): CodeIgniter\Database\BaseBuilder->get()
 4 SYSTEMPATH/BaseModel.php(679): CodeIgniter\Model->doFindAll()
 5 APPPATH/Commands/BatalkanPesananOtomatis.php(73): CodeIgniter\BaseModel->findAll()
 6 SYSTEMPATH/CLI/Commands.php(74): App\Commands\BatalkanPesananOtomatis->run()
 7 SYSTEMPATH/CLI/Console.php(47): CodeIgniter\CLI\Commands->run()
 8 SYSTEMPATH/Boot.php(360): CodeIgniter\CLI\Console->run()
 9 SYSTEMPATH/Boot.php(104): CodeIgniter\Boot::runCommand()
10 ROOTPATH/spark(87): CodeIgniter\Boot::bootSpark()
ERROR - 2026-04-15 14:07:34 --> Error connecting to the database: mysqli_sql_exception: Too many connections in /home/jsff5967/CI4/vendor/codeigniter4/framework/system/Database/MySQLi/Connection.php:201
Stack trace:
#0 /home/jsff5967/CI4/vendor/codeigniter4/framework/system/Database/MySQLi/Connection.php(201): mysqli->real_connect()
#1 /home/jsff5967/CI4/vendor/codeigniter4/framework/system/Database/BaseConnection.php(421): CodeIgniter\Database\MySQLi\Connection->connect()
#2 /home/jsff5967/CI4/vendor/codeigniter4/framework/system/Database/BaseConnection.php(620): CodeIgniter\Database\BaseConnection->initialize()
#3 /home/jsff5967/CI4/vendor/codeigniter4/framework/system/Database/BaseBuilder.php(1649): CodeIgniter\Database\BaseConnection->query()
#4 /home/jsff5967/CI4/vendor/codeigniter4/framework/system/Model.php(330): CodeIgniter\Database\BaseBuilder->get()
#5 /home/jsff5967/CI4/vendor/codeigniter4/framework/system/BaseModel.php(717): CodeIgniter\Model->doFirst()
#6 /home/jsff5967/CI4/app/Models/SettingModel.php(28): CodeIgniter\BaseModel->first()
#7 /home/jsff5967/CI4/app/Controllers/BaseController.php(124): App\Models\SettingModel->getSetting()
#8 /home/jsff5967/CI4/vendor/codeigniter4/framework/system/CodeIgniter.php(904): App\Controllers\BaseController->initController()
#9 /home/jsff5967/CI4/vendor/codeigniter4/framework/system/CodeIgniter.php(498): CodeIgniter\CodeIgniter->createController()
#10 /home/jsff5967/CI4/vendor/codeigniter4/framework/system/CodeIgniter.php(354): CodeIgniter\CodeIgniter->handleRequest()
#11 /home/jsff5967/CI4/vendor/codeigniter4/framework/system/Boot.php(334): CodeIgniter\CodeIgniter->run()
#12 /home/jsff5967/CI4/vendor/codeigniter4/framework/system/Boot.php(67): CodeIgniter\Boot::runCodeIgniter()
#13 /home/jsff5967/public_html/index.php(59): CodeIgniter\Boot::bootWeb()
#14 {main}

Next CodeIgniter\Database\Exceptions\DatabaseException: Too many connections in /home/jsff5967/CI4/vendor/codeigniter4/framework/system/Database/MySQLi/Connection.php:246
Stack trace:
#0 /home/jsff5967/CI4/vendor/codeigniter4/framework/system/Database/BaseConnection.php(421): CodeIgniter\Database\MySQLi\Connection->connect()
#1 /home/jsff5967/CI4/vendor/codeigniter4/framework/system/Database/BaseConnection.php(620): CodeIgniter\Database\BaseConnection->initialize()
#2 /home/jsff5967/CI4/vendor/codeigniter4/framework/system/Database/BaseBuilder.php(1649): CodeIgniter\Database\BaseConnection->query()
#3 /home/jsff5967/CI4/vendor/codeigniter4/framework/system/Model.php(330): CodeIgniter\Database\BaseBuilder->get()
#4 /home/jsff5967/CI4/vendor/codeigniter4/framework/system/BaseModel.php(717): CodeIgniter\Model->doFirst()
#5 /home/jsff5967/CI4/app/Models/SettingModel.php(28): CodeIgniter\BaseModel->first()
#6 /home/jsff5967/CI4/app/Controllers/BaseController.php(124): App\Models\SettingModel->getSetting()
#7 /home/jsff5967/CI4/vendor/codeigniter4/framework/system/CodeIgniter.php(904): App\Controllers\BaseController->initController()
#8 /home/jsff5967/CI4/vendor/codeigniter4/framework/system/CodeIgniter.php(498): CodeIgniter\CodeIgniter->createController()
#9 /home/jsff5967/CI4/vendor/codeigniter4/framework/system/CodeIgniter.php(354): CodeIgniter\CodeIgniter->handleRequest()
#10 /home/jsff5967/CI4/vendor/codeigniter4/framework/system/Boot.php(334): CodeIgniter\CodeIgniter->run()
#11 /home/jsff5967/CI4/vendor/codeigniter4/framework/system/Boot.php(67): CodeIgniter\Boot::runCodeIgniter()
#12 /home/jsff5967/public_html/index.php(59): CodeIgniter\Boot::bootWeb()
#13 {main}
CRITICAL - 2026-04-15 14:07:34 --> CodeIgniter\Database\Exceptions\DatabaseException: Unable to connect to the database.
Main connection [MySQLi]: Too many connections
[Method: GET, Route: admin/check-new-orders]
in SYSTEMPATH/Database/BaseConnection.php on line 467.
 1 SYSTEMPATH/Database/BaseConnection.php(620): CodeIgniter\Database\BaseConnection->initialize()
 2 SYSTEMPATH/Database/BaseBuilder.php(1649): CodeIgniter\Database\BaseConnection->query()
 3 SYSTEMPATH/Model.php(330): CodeIgniter\Database\BaseBuilder->get()
 4 SYSTEMPATH/BaseModel.php(717): CodeIgniter\Model->doFirst()
 5 APPPATH/Models/SettingModel.php(28): CodeIgniter\BaseModel->first()
 6 APPPATH/Controllers/BaseController.php(124): App\Models\SettingModel->getSetting()
 7 SYSTEMPATH/CodeIgniter.php(904): App\Controllers\BaseController->initController()
 8 SYSTEMPATH/CodeIgniter.php(498): CodeIgniter\CodeIgniter->createController()
 9 SYSTEMPATH/CodeIgniter.php(354): CodeIgniter\CodeIgniter->handleRequest()
10 SYSTEMPATH/Boot.php(334): CodeIgniter\CodeIgniter->run()
11 SYSTEMPATH/Boot.php(67): CodeIgniter\Boot::runCodeIgniter()
12 FCPATH/index.php(59): CodeIgniter\Boot::bootWeb()
ERROR - 2026-04-15 14:08:05 --> Error connecting to the database: mysqli_sql_exception: Too many connections in /home/jsff5967/CI4/vendor/codeigniter4/framework/system/Database/MySQLi/Connection.php:201
Stack trace:
#0 /home/jsff5967/CI4/vendor/codeigniter4/framework/system/Database/MySQLi/Connection.php(201): mysqli->real_connect()
#1 /home/jsff5967/CI4/vendor/codeigniter4/framework/system/Database/BaseConnection.php(421): CodeIgniter\Database\MySQLi\Connection->connect()
#2 /home/jsff5967/CI4/vendor/codeigniter4/framework/system/Database/BaseConnection.php(620): CodeIgniter\Database\BaseConnection->initialize()
#3 /home/jsff5967/CI4/vendor/codeigniter4/framework/system/Database/BaseBuilder.php(1649): CodeIgniter\Database\BaseConnection->query()
#4 /home/jsff5967/CI4/vendor/codeigniter4/framework/system/Model.php(286): CodeIgniter\Database\BaseBuilder->get()
#5 /home/jsff5967/CI4/vendor/codeigniter4/framework/system/BaseModel.php(679): CodeIgniter\Model->doFindAll()
#6 /home/jsff5967/CI4/app/Commands/BatalkanPesananOtomatis.php(73): CodeIgniter\BaseModel->findAll()
#7 /home/jsff5967/CI4/vendor/codeigniter4/framework/system/CLI/Commands.php(74): App\Commands\BatalkanPesananOtomatis->run()
#8 /home/jsff5967/CI4/vendor/codeigniter4/framework/system/CLI/Console.php(47): CodeIgniter\CLI\Commands->run()
#9 /home/jsff5967/CI4/vendor/codeigniter4/framework/system/Boot.php(360): CodeIgniter\CLI\Console->run()
#10 /home/jsff5967/CI4/vendor/codeigniter4/framework/system/Boot.php(104): CodeIgniter\Boot::runCommand()
#11 /home/jsff5967/CI4/spark(87): CodeIgniter\Boot::bootSpark()
#12 {main}

Next CodeIgniter\Database\Exceptions\DatabaseException: Too many connections in /home/jsff5967/CI4/vendor/codeigniter4/framework/system/Database/MySQLi/Connection.php:246
Stack trace:
#0 /home/jsff5967/CI4/vendor/codeigniter4/framework/system/Database/BaseConnection.php(421): CodeIgniter\Database\MySQLi\Connection->connect()
#1 /home/jsff5967/CI4/vendor/codeigniter4/framework/system/Database/BaseConnection.php(620): CodeIgniter\Database\BaseConnection->initialize()
#2 /home/jsff5967/CI4/vendor/codeigniter4/framework/system/Database/BaseBuilder.php(1649): CodeIgniter\Database\BaseConnection->query()
#3 /home/jsff5967/CI4/vendor/codeigniter4/framework/system/Model.php(286): CodeIgniter\Database\BaseBuilder->get()
#4 /home/jsff5967/CI4/vendor/codeigniter4/framework/system/BaseModel.php(679): CodeIgniter\Model->doFindAll()
#5 /home/jsff5967/CI4/app/Commands/BatalkanPesananOtomatis.php(73): CodeIgniter\BaseModel->findAll()
#6 /home/jsff5967/CI4/vendor/codeigniter4/framework/system/CLI/Commands.php(74): App\Commands\BatalkanPesananOtomatis->run()
#7 /home/jsff5967/CI4/vendor/codeigniter4/framework/system/CLI/Console.php(47): CodeIgniter\CLI\Commands->run()
#8 /home/jsff5967/CI4/vendor/codeigniter4/framework/system/Boot.php(360): CodeIgniter\CLI\Console->run()
#9 /home/jsff5967/CI4/vendor/codeigniter4/framework/system/Boot.php(104): CodeIgniter\Boot::runCommand()
#10 /home/jsff5967/CI4/spark(87): CodeIgniter\Boot::bootSpark()
#11 {main}
CRITICAL - 2026-04-15 14:08:05 --> CodeIgniter\Database\Exceptions\DatabaseException: Unable to connect to the database.
Main connection [MySQLi]: Too many connections
[Method: CLI, Route: pesanan:batalkan_otomatis]
in SYSTEMPATH/Database/BaseConnection.php on line 467.
 1 SYSTEMPATH/Database/BaseConnection.php(620): CodeIgniter\Database\BaseConnection->initialize()
 2 SYSTEMPATH/Database/BaseBuilder.php(1649): CodeIgniter\Database\BaseConnection->query()
 3 SYSTEMPATH/Model.php(286): CodeIgniter\Database\BaseBuilder->get()
 4 SYSTEMPATH/BaseModel.php(679): CodeIgniter\Model->doFindAll()
 5 APPPATH/Commands/BatalkanPesananOtomatis.php(73): CodeIgniter\BaseModel->findAll()
 6 SYSTEMPATH/CLI/Commands.php(74): App\Commands\BatalkanPesananOtomatis->run()
 7 SYSTEMPATH/CLI/Console.php(47): CodeIgniter\CLI\Commands->run()
 8 SYSTEMPATH/Boot.php(360): CodeIgniter\CLI\Console->run()
 9 SYSTEMPATH/Boot.php(104): CodeIgniter\Boot::runCommand()
10 ROOTPATH/spark(87): CodeIgniter\Boot::bootSpark()
ERROR - 2026-04-15 14:08:34 --> Error connecting to the database: mysqli_sql_exception: Too many connections in /home/jsff5967/CI4/vendor/codeigniter4/framework/system/Database/MySQLi/Connection.php:201
Stack trace:
#0 /home/jsff5967/CI4/vendor/codeigniter4/framework/system/Database/MySQLi/Connection.php(201): mysqli->real_connect()
#1 /home/jsff5967/CI4/vendor/codeigniter4/framework/system/Database/BaseConnection.php(421): CodeIgniter\Database\MySQLi\Connection->connect()
#2 /home/jsff5967/CI4/vendor/codeigniter4/framework/system/Database/BaseConnection.php(620): CodeIgniter\Database\BaseConnection->initialize()
#3 /home/jsff5967/CI4/vendor/codeigniter4/framework/system/Database/BaseBuilder.php(1649): CodeIgniter\Database\BaseConnection->query()
#4 /home/jsff5967/CI4/vendor/codeigniter4/framework/system/Model.php(330): CodeIgniter\Database\BaseBuilder->get()
#5 /home/jsff5967/CI4/vendor/codeigniter4/framework/system/BaseModel.php(717): CodeIgniter\Model->doFirst()
#6 /home/jsff5967/CI4/app/Models/SettingModel.php(28): CodeIgniter\BaseModel->first()
#7 /home/jsff5967/CI4/app/Controllers/BaseController.php(124): App\Models\SettingModel->getSetting()
#8 /home/jsff5967/CI4/vendor/codeigniter4/framework/system/CodeIgniter.php(904): App\Controllers\BaseController->initController()
#9 /home/jsff5967/CI4/vendor/codeigniter4/framework/system/CodeIgniter.php(498): CodeIgniter\CodeIgniter->createController()
#10 /home/jsff5967/CI4/vendor/codeigniter4/framework/system/CodeIgniter.php(354): CodeIgniter\CodeIgniter->handleRequest()
#11 /home/jsff5967/CI4/vendor/codeigniter4/framework/system/Boot.php(334): CodeIgniter\CodeIgniter->run()
#12 /home/jsff5967/CI4/vendor/codeigniter4/framework/system/Boot.php(67): CodeIgniter\Boot::runCodeIgniter()
#13 /home/jsff5967/public_html/index.php(59): CodeIgniter\Boot::bootWeb()
#14 {main}

Next CodeIgniter\Database\Exceptions\DatabaseException: Too many connections in /home/jsff5967/CI4/vendor/codeigniter4/framework/system/Database/MySQLi/Connection.php:246
Stack trace:
#0 /home/jsff5967/CI4/vendor/codeigniter4/framework/system/Database/BaseConnection.php(421): CodeIgniter\Database\MySQLi\Connection->connect()
#1 /home/jsff5967/CI4/vendor/codeigniter4/framework/system/Database/BaseConnection.php(620): CodeIgniter\Database\BaseConnection->initialize()
#2 /home/jsff5967/CI4/vendor/codeigniter4/framework/system/Database/BaseBuilder.php(1649): CodeIgniter\Database\BaseConnection->query()
#3 /home/jsff5967/CI4/vendor/codeigniter4/framework/system/Model.php(330): CodeIgniter\Database\BaseBuilder->get()
#4 /home/jsff5967/CI4/vendor/codeigniter4/framework/system/BaseModel.php(717): CodeIgniter\Model->doFirst()
#5 /home/jsff5967/CI4/app/Models/SettingModel.php(28): CodeIgniter\BaseModel->first()
#6 /home/jsff5967/CI4/app/Controllers/BaseController.php(124): App\Models\SettingModel->getSetting()
#7 /home/jsff5967/CI4/vendor/codeigniter4/framework/system/CodeIgniter.php(904): App\Controllers\BaseController->initController()
#8 /home/jsff5967/CI4/vendor/codeigniter4/framework/system/CodeIgniter.php(498): CodeIgniter\CodeIgniter->createController()
#9 /home/jsff5967/CI4/vendor/codeigniter4/framework/system/CodeIgniter.php(354): CodeIgniter\CodeIgniter->handleRequest()
#10 /home/jsff5967/CI4/vendor/codeigniter4/framework/system/Boot.php(334): CodeIgniter\CodeIgniter->run()
#11 /home/jsff5967/CI4/vendor/codeigniter4/framework/system/Boot.php(67): CodeIgniter\Boot::runCodeIgniter()
#12 /home/jsff5967/public_html/index.php(59): CodeIgniter\Boot::bootWeb()
#13 {main}
CRITICAL - 2026-04-15 14:08:34 --> CodeIgniter\Database\Exceptions\DatabaseException: Unable to connect to the database.
Main connection [MySQLi]: Too many connections
[Method: GET, Route: admin/check-new-orders]
in SYSTEMPATH/Database/BaseConnection.php on line 467.
 1 SYSTEMPATH/Database/BaseConnection.php(620): CodeIgniter\Database\BaseConnection->initialize()
 2 SYSTEMPATH/Database/BaseBuilder.php(1649): CodeIgniter\Database\BaseConnection->query()
 3 SYSTEMPATH/Model.php(330): CodeIgniter\Database\BaseBuilder->get()
 4 SYSTEMPATH/BaseModel.php(717): CodeIgniter\Model->doFirst()
 5 APPPATH/Models/SettingModel.php(28): CodeIgniter\BaseModel->first()
 6 APPPATH/Controllers/BaseController.php(124): App\Models\SettingModel->getSetting()
 7 SYSTEMPATH/CodeIgniter.php(904): App\Controllers\BaseController->initController()
 8 SYSTEMPATH/CodeIgniter.php(498): CodeIgniter\CodeIgniter->createController()
 9 SYSTEMPATH/CodeIgniter.php(354): CodeIgniter\CodeIgniter->handleRequest()
10 SYSTEMPATH/Boot.php(334): CodeIgniter\CodeIgniter->run()
11 SYSTEMPATH/Boot.php(67): CodeIgniter\Boot::runCodeIgniter()
12 FCPATH/index.php(59): CodeIgniter\Boot::bootWeb()
ERROR - 2026-04-15 14:09:04 --> Error connecting to the database: mysqli_sql_exception: Too many connections in /home/jsff5967/CI4/vendor/codeigniter4/framework/system/Database/MySQLi/Connection.php:201
Stack trace:
#0 /home/jsff5967/CI4/vendor/codeigniter4/framework/system/Database/MySQLi/Connection.php(201): mysqli->real_connect()
#1 /home/jsff5967/CI4/vendor/codeigniter4/framework/system/Database/BaseConnection.php(421): CodeIgniter\Database\MySQLi\Connection->connect()
#2 /home/jsff5967/CI4/vendor/codeigniter4/framework/system/Database/BaseConnection.php(620): CodeIgniter\Database\BaseConnection->initialize()
#3 /home/jsff5967/CI4/vendor/codeigniter4/framework/system/Database/BaseBuilder.php(1649): CodeIgniter\Database\BaseConnection->query()
#4 /home/jsff5967/CI4/vendor/codeigniter4/framework/system/Model.php(286): CodeIgniter\Database\BaseBuilder->get()
#5 /home/jsff5967/CI4/vendor/codeigniter4/framework/system/BaseModel.php(679): CodeIgniter\Model->doFindAll()
#6 /home/jsff5967/CI4/app/Commands/BatalkanPesananOtomatis.php(73): CodeIgniter\BaseModel->findAll()
#7 /home/jsff5967/CI4/vendor/codeigniter4/framework/system/CLI/Commands.php(74): App\Commands\BatalkanPesananOtomatis->run()
#8 /home/jsff5967/CI4/vendor/codeigniter4/framework/system/CLI/Console.php(47): CodeIgniter\CLI\Commands->run()
#9 /home/jsff5967/CI4/vendor/codeigniter4/framework/system/Boot.php(360): CodeIgniter\CLI\Console->run()
#10 /home/jsff5967/CI4/vendor/codeigniter4/framework/system/Boot.php(104): CodeIgniter\Boot::runCommand()
#11 /home/jsff5967/CI4/spark(87): CodeIgniter\Boot::bootSpark()
#12 {main}

Next CodeIgniter\Database\Exceptions\DatabaseException: Too many connections in /home/jsff5967/CI4/vendor/codeigniter4/framework/system/Database/MySQLi/Connection.php:246
Stack trace:
#0 /home/jsff5967/CI4/vendor/codeigniter4/framework/system/Database/BaseConnection.php(421): CodeIgniter\Database\MySQLi\Connection->connect()
#1 /home/jsff5967/CI4/vendor/codeigniter4/framework/system/Database/BaseConnection.php(620): CodeIgniter\Database\BaseConnection->initialize()
#2 /home/jsff5967/CI4/vendor/codeigniter4/framework/system/Database/BaseBuilder.php(1649): CodeIgniter\Database\BaseConnection->query()
#3 /home/jsff5967/CI4/vendor/codeigniter4/framework/system/Model.php(286): CodeIgniter\Database\BaseBuilder->get()
#4 /home/jsff5967/CI4/vendor/codeigniter4/framework/system/BaseModel.php(679): CodeIgniter\Model->doFindAll()
#5 /home/jsff5967/CI4/app/Commands/BatalkanPesananOtomatis.php(73): CodeIgniter\BaseModel->findAll()
#6 /home/jsff5967/CI4/vendor/codeigniter4/framework/system/CLI/Commands.php(74): App\Commands\BatalkanPesananOtomatis->run()
#7 /home/jsff5967/CI4/vendor/codeigniter4/framework/system/CLI/Console.php(47): CodeIgniter\CLI\Commands->run()
#8 /home/jsff5967/CI4/vendor/codeigniter4/framework/system/Boot.php(360): CodeIgniter\CLI\Console->run()
#9 /home/jsff5967/CI4/vendor/codeigniter4/framework/system/Boot.php(104): CodeIgniter\Boot::runCommand()
#10 /home/jsff5967/CI4/spark(87): CodeIgniter\Boot::bootSpark()
#11 {main}
CRITICAL - 2026-04-15 14:09:04 --> CodeIgniter\Database\Exceptions\DatabaseException: Unable to connect to the database.
Main connection [MySQLi]: Too many connections
[Method: CLI, Route: pesanan:batalkan_otomatis]
in SYSTEMPATH/Database/BaseConnection.php on line 467.
 1 SYSTEMPATH/Database/BaseConnection.php(620): CodeIgniter\Database\BaseConnection->initialize()
 2 SYSTEMPATH/Database/BaseBuilder.php(1649): CodeIgniter\Database\BaseConnection->query()
 3 SYSTEMPATH/Model.php(286): CodeIgniter\Database\BaseBuilder->get()
 4 SYSTEMPATH/BaseModel.php(679): CodeIgniter\Model->doFindAll()
 5 APPPATH/Commands/BatalkanPesananOtomatis.php(73): CodeIgniter\BaseModel->findAll()
 6 SYSTEMPATH/CLI/Commands.php(74): App\Commands\BatalkanPesananOtomatis->run()
 7 SYSTEMPATH/CLI/Console.php(47): CodeIgniter\CLI\Commands->run()
 8 SYSTEMPATH/Boot.php(360): CodeIgniter\CLI\Console->run()
 9 SYSTEMPATH/Boot.php(104): CodeIgniter\Boot::runCommand()
10 ROOTPATH/spark(87): CodeIgniter\Boot::bootSpark()
ERROR - 2026-04-15 14:09:33 --> Error connecting to the database: mysqli_sql_exception: Too many connections in /home/jsff5967/CI4/vendor/codeigniter4/framework/system/Database/MySQLi/Connection.php:201
Stack trace:
#0 /home/jsff5967/CI4/vendor/codeigniter4/framework/system/Database/MySQLi/Connection.php(201): mysqli->real_connect()
#1 /home/jsff5967/CI4/vendor/codeigniter4/framework/system/Database/BaseConnection.php(421): CodeIgniter\Database\MySQLi\Connection->connect()
#2 /home/jsff5967/CI4/vendor/codeigniter4/framework/system/Database/BaseConnection.php(620): CodeIgniter\Database\BaseConnection->initialize()
#3 /home/jsff5967/CI4/vendor/codeigniter4/framework/system/Database/BaseBuilder.php(1649): CodeIgniter\Database\BaseConnection->query()
#4 /home/jsff5967/CI4/vendor/codeigniter4/framework/system/Model.php(330): CodeIgniter\Database\BaseBuilder->get()
#5 /home/jsff5967/CI4/vendor/codeigniter4/framework/system/BaseModel.php(717): CodeIgniter\Model->doFirst()
#6 /home/jsff5967/CI4/app/Models/SettingModel.php(28): CodeIgniter\BaseModel->first()
#7 /home/jsff5967/CI4/app/Controllers/BaseController.php(124): App\Models\SettingModel->getSetting()
#8 /home/jsff5967/CI4/vendor/codeigniter4/framework/system/CodeIgniter.php(904): App\Controllers\BaseController->initController()
#9 /home/jsff5967/CI4/vendor/codeigniter4/framework/system/CodeIgniter.php(498): CodeIgniter\CodeIgniter->createController()
#10 /home/jsff5967/CI4/vendor/codeigniter4/framework/system/CodeIgniter.php(354): CodeIgniter\CodeIgniter->handleRequest()
#11 /home/jsff5967/CI4/vendor/codeigniter4/framework/system/Boot.php(334): CodeIgniter\CodeIgniter->run()
#12 /home/jsff5967/CI4/vendor/codeigniter4/framework/system/Boot.php(67): CodeIgniter\Boot::runCodeIgniter()
#13 /home/jsff5967/public_html/index.php(59): CodeIgniter\Boot::bootWeb()
#14 {main}

Next CodeIgniter\Database\Exceptions\DatabaseException: Too many connections in /home/jsff5967/CI4/vendor/codeigniter4/framework/system/Database/MySQLi/Connection.php:246
Stack trace:
#0 /home/jsff5967/CI4/vendor/codeigniter4/framework/system/Database/BaseConnection.php(421): CodeIgniter\Database\MySQLi\Connection->connect()
#1 /home/jsff5967/CI4/vendor/codeigniter4/framework/system/Database/BaseConnection.php(620): CodeIgniter\Database\BaseConnection->initialize()
#2 /home/jsff5967/CI4/vendor/codeigniter4/framework/system/Database/BaseBuilder.php(1649): CodeIgniter\Database\BaseConnection->query()
#3 /home/jsff5967/CI4/vendor/codeigniter4/framework/system/Model.php(330): CodeIgniter\Database\BaseBuilder->get()
#4 /home/jsff5967/CI4/vendor/codeigniter4/framework/system/BaseModel.php(717): CodeIgniter\Model->doFirst()
#5 /home/jsff5967/CI4/app/Models/SettingModel.php(28): CodeIgniter\BaseModel->first()
#6 /home/jsff5967/CI4/app/Controllers/BaseController.php(124): App\Models\SettingModel->getSetting()
#7 /home/jsff5967/CI4/vendor/codeigniter4/framework/system/CodeIgniter.php(904): App\Controllers\BaseController->initController()
#8 /home/jsff5967/CI4/vendor/codeigniter4/framework/system/CodeIgniter.php(498): CodeIgniter\CodeIgniter->createController()
#9 /home/jsff5967/CI4/vendor/codeigniter4/framework/system/CodeIgniter.php(354): CodeIgniter\CodeIgniter->handleRequest()
#10 /home/jsff5967/CI4/vendor/codeigniter4/framework/system/Boot.php(334): CodeIgniter\CodeIgniter->run()
#11 /home/jsff5967/CI4/vendor/codeigniter4/framework/system/Boot.php(67): CodeIgniter\Boot::runCodeIgniter()
#12 /home/jsff5967/public_html/index.php(59): CodeIgniter\Boot::bootWeb()
#13 {main}
CRITICAL - 2026-04-15 14:09:33 --> CodeIgniter\Database\Exceptions\DatabaseException: Unable to connect to the database.
Main connection [MySQLi]: Too many connections
[Method: GET, Route: admin/check-new-orders]
in SYSTEMPATH/Database/BaseConnection.php on line 467.
 1 SYSTEMPATH/Database/BaseConnection.php(620): CodeIgniter\Database\BaseConnection->initialize()
 2 SYSTEMPATH/Database/BaseBuilder.php(1649): CodeIgniter\Database\BaseConnection->query()
 3 SYSTEMPATH/Model.php(330): CodeIgniter\Database\BaseBuilder->get()
 4 SYSTEMPATH/BaseModel.php(717): CodeIgniter\Model->doFirst()
 5 APPPATH/Models/SettingModel.php(28): CodeIgniter\BaseModel->first()
 6 APPPATH/Controllers/BaseController.php(124): App\Models\SettingModel->getSetting()
 7 SYSTEMPATH/CodeIgniter.php(904): App\Controllers\BaseController->initController()
 8 SYSTEMPATH/CodeIgniter.php(498): CodeIgniter\CodeIgniter->createController()
 9 SYSTEMPATH/CodeIgniter.php(354): CodeIgniter\CodeIgniter->handleRequest()
10 SYSTEMPATH/Boot.php(334): CodeIgniter\CodeIgniter->run()
11 SYSTEMPATH/Boot.php(67): CodeIgniter\Boot::runCodeIgniter()
12 FCPATH/index.php(59): CodeIgniter\Boot::bootWeb()
ERROR - 2026-04-15 14:10:07 --> Error connecting to the database: mysqli_sql_exception: Too many connections in /home/jsff5967/CI4/vendor/codeigniter4/framework/system/Database/MySQLi/Connection.php:201
Stack trace:
#0 /home/jsff5967/CI4/vendor/codeigniter4/framework/system/Database/MySQLi/Connection.php(201): mysqli->real_connect()
#1 /home/jsff5967/CI4/vendor/codeigniter4/framework/system/Database/BaseConnection.php(421): CodeIgniter\Database\MySQLi\Connection->connect()
#2 /home/jsff5967/CI4/vendor/codeigniter4/framework/system/Database/BaseConnection.php(620): CodeIgniter\Database\BaseConnection->initialize()
#3 /home/jsff5967/CI4/vendor/codeigniter4/framework/system/Database/BaseBuilder.php(1649): CodeIgniter\Database\BaseConnection->query()
#4 /home/jsff5967/CI4/vendor/codeigniter4/framework/system/Model.php(286): CodeIgniter\Database\BaseBuilder->get()
#5 /home/jsff5967/CI4/vendor/codeigniter4/framework/system/BaseModel.php(679): CodeIgniter\Model->doFindAll()
#6 /home/jsff5967/CI4/app/Commands/BatalkanPesananOtomatis.php(73): CodeIgniter\BaseModel->findAll()
#7 /home/jsff5967/CI4/vendor/codeigniter4/framework/system/CLI/Commands.php(74): App\Commands\BatalkanPesananOtomatis->run()
#8 /home/jsff5967/CI4/vendor/codeigniter4/framework/system/CLI/Console.php(47): CodeIgniter\CLI\Commands->run()
#9 /home/jsff5967/CI4/vendor/codeigniter4/framework/system/Boot.php(360): CodeIgniter\CLI\Console->run()
#10 /home/jsff5967/CI4/vendor/codeigniter4/framework/system/Boot.php(104): CodeIgniter\Boot::runCommand()
#11 /home/jsff5967/CI4/spark(87): CodeIgniter\Boot::bootSpark()
#12 {main}

Next CodeIgniter\Database\Exceptions\DatabaseException: Too many connections in /home/jsff5967/CI4/vendor/codeigniter4/framework/system/Database/MySQLi/Connection.php:246
Stack trace:
#0 /home/jsff5967/CI4/vendor/codeigniter4/framework/system/Database/BaseConnection.php(421): CodeIgniter\Database\MySQLi\Connection->connect()
#1 /home/jsff5967/CI4/vendor/codeigniter4/framework/system/Database/BaseConnection.php(620): CodeIgniter\Database\BaseConnection->initialize()
#2 /home/jsff5967/CI4/vendor/codeigniter4/framework/system/Database/BaseBuilder.php(1649): CodeIgniter\Database\BaseConnection->query()
#3 /home/jsff5967/CI4/vendor/codeigniter4/framework/system/Model.php(286): CodeIgniter\Database\BaseBuilder->get()
#4 /home/jsff5967/CI4/vendor/codeigniter4/framework/system/BaseModel.php(679): CodeIgniter\Model->doFindAll()
#5 /home/jsff5967/CI4/app/Commands/BatalkanPesananOtomatis.php(73): CodeIgniter\BaseModel->findAll()
#6 /home/jsff5967/CI4/vendor/codeigniter4/framework/system/CLI/Commands.php(74): App\Commands\BatalkanPesananOtomatis->run()
#7 /home/jsff5967/CI4/vendor/codeigniter4/framework/system/CLI/Console.php(47): CodeIgniter\CLI\Commands->run()
#8 /home/jsff5967/CI4/vendor/codeigniter4/framework/system/Boot.php(360): CodeIgniter\CLI\Console->run()
#9 /home/jsff5967/CI4/vendor/codeigniter4/framework/system/Boot.php(104): CodeIgniter\Boot::runCommand()
#10 /home/jsff5967/CI4/spark(87): CodeIgniter\Boot::bootSpark()
#11 {main}
CRITICAL - 2026-04-15 14:10:07 --> CodeIgniter\Database\Exceptions\DatabaseException: Unable to connect to the database.
Main connection [MySQLi]: Too many connections
[Method: CLI, Route: pesanan:batalkan_otomatis]
in SYSTEMPATH/Database/BaseConnection.php on line 467.
 1 SYSTEMPATH/Database/BaseConnection.php(620): CodeIgniter\Database\BaseConnection->initialize()
 2 SYSTEMPATH/Database/BaseBuilder.php(1649): CodeIgniter\Database\BaseConnection->query()
 3 SYSTEMPATH/Model.php(286): CodeIgniter\Database\BaseBuilder->get()
 4 SYSTEMPATH/BaseModel.php(679): CodeIgniter\Model->doFindAll()
 5 APPPATH/Commands/BatalkanPesananOtomatis.php(73): CodeIgniter\BaseModel->findAll()
 6 SYSTEMPATH/CLI/Commands.php(74): App\Commands\BatalkanPesananOtomatis->run()
 7 SYSTEMPATH/CLI/Console.php(47): CodeIgniter\CLI\Commands->run()
 8 SYSTEMPATH/Boot.php(360): CodeIgniter\CLI\Console->run()
 9 SYSTEMPATH/Boot.php(104): CodeIgniter\Boot::runCommand()
10 ROOTPATH/spark(87): CodeIgniter\Boot::bootSpark()
ERROR - 2026-04-15 14:10:34 --> Error connecting to the database: mysqli_sql_exception: Too many connections in /home/jsff5967/CI4/vendor/codeigniter4/framework/system/Database/MySQLi/Connection.php:201
Stack trace:
#0 /home/jsff5967/CI4/vendor/codeigniter4/framework/system/Database/MySQLi/Connection.php(201): mysqli->real_connect()
#1 /home/jsff5967/CI4/vendor/codeigniter4/framework/system/Database/BaseConnection.php(421): CodeIgniter\Database\MySQLi\Connection->connect()
#2 /home/jsff5967/CI4/vendor/codeigniter4/framework/system/Database/BaseConnection.php(620): CodeIgniter\Database\BaseConnection->initialize()
#3 /home/jsff5967/CI4/vendor/codeigniter4/framework/system/Database/BaseBuilder.php(1649): CodeIgniter\Database\BaseConnection->query()
#4 /home/jsff5967/CI4/vendor/codeigniter4/framework/system/Model.php(330): CodeIgniter\Database\BaseBuilder->get()
#5 /home/jsff5967/CI4/vendor/codeigniter4/framework/system/BaseModel.php(717): CodeIgniter\Model->doFirst()
#6 /home/jsff5967/CI4/app/Models/SettingModel.php(28): CodeIgniter\BaseModel->first()
#7 /home/jsff5967/CI4/app/Controllers/BaseController.php(124): App\Models\SettingModel->getSetting()
#8 /home/jsff5967/CI4/vendor/codeigniter4/framework/system/CodeIgniter.php(904): App\Controllers\BaseController->initController()
#9 /home/jsff5967/CI4/vendor/codeigniter4/framework/system/CodeIgniter.php(498): CodeIgniter\CodeIgniter->createController()
#10 /home/jsff5967/CI4/vendor/codeigniter4/framework/system/CodeIgniter.php(354): CodeIgniter\CodeIgniter->handleRequest()
#11 /home/jsff5967/CI4/vendor/codeigniter4/framework/system/Boot.php(334): CodeIgniter\CodeIgniter->run()
#12 /home/jsff5967/CI4/vendor/codeigniter4/framework/system/Boot.php(67): CodeIgniter\Boot::runCodeIgniter()
#13 /home/jsff5967/public_html/index.php(59): CodeIgniter\Boot::bootWeb()
#14 {main}

Next CodeIgniter\Database\Exceptions\DatabaseException: Too many connections in /home/jsff5967/CI4/vendor/codeigniter4/framework/system/Database/MySQLi/Connection.php:246
Stack trace:
#0 /home/jsff5967/CI4/vendor/codeigniter4/framework/system/Database/BaseConnection.php(421): CodeIgniter\Database\MySQLi\Connection->connect()
#1 /home/jsff5967/CI4/vendor/codeigniter4/framework/system/Database/BaseConnection.php(620): CodeIgniter\Database\BaseConnection->initialize()
#2 /home/jsff5967/CI4/vendor/codeigniter4/framework/system/Database/BaseBuilder.php(1649): CodeIgniter\Database\BaseConnection->query()
#3 /home/jsff5967/CI4/vendor/codeigniter4/framework/system/Model.php(330): CodeIgniter\Database\BaseBuilder->get()
#4 /home/jsff5967/CI4/vendor/codeigniter4/framework/system/BaseModel.php(717): CodeIgniter\Model->doFirst()
#5 /home/jsff5967/CI4/app/Models/SettingModel.php(28): CodeIgniter\BaseModel->first()
#6 /home/jsff5967/CI4/app/Controllers/BaseController.php(124): App\Models\SettingModel->getSetting()
#7 /home/jsff5967/CI4/vendor/codeigniter4/framework/system/CodeIgniter.php(904): App\Controllers\BaseController->initController()
#8 /home/jsff5967/CI4/vendor/codeigniter4/framework/system/CodeIgniter.php(498): CodeIgniter\CodeIgniter->createController()
#9 /home/jsff5967/CI4/vendor/codeigniter4/framework/system/CodeIgniter.php(354): CodeIgniter\CodeIgniter->handleRequest()
#10 /home/jsff5967/CI4/vendor/codeigniter4/framework/system/Boot.php(334): CodeIgniter\CodeIgniter->run()
#11 /home/jsff5967/CI4/vendor/codeigniter4/framework/system/Boot.php(67): CodeIgniter\Boot::runCodeIgniter()
#12 /home/jsff5967/public_html/index.php(59): CodeIgniter\Boot::bootWeb()
#13 {main}
CRITICAL - 2026-04-15 14:10:34 --> CodeIgniter\Database\Exceptions\DatabaseException: Unable to connect to the database.
Main connection [MySQLi]: Too many connections
[Method: GET, Route: admin/check-new-orders]
in SYSTEMPATH/Database/BaseConnection.php on line 467.
 1 SYSTEMPATH/Database/BaseConnection.php(620): CodeIgniter\Database\BaseConnection->initialize()
 2 SYSTEMPATH/Database/BaseBuilder.php(1649): CodeIgniter\Database\BaseConnection->query()
 3 SYSTEMPATH/Model.php(330): CodeIgniter\Database\BaseBuilder->get()
 4 SYSTEMPATH/BaseModel.php(717): CodeIgniter\Model->doFirst()
 5 APPPATH/Models/SettingModel.php(28): CodeIgniter\BaseModel->first()
 6 APPPATH/Controllers/BaseController.php(124): App\Models\SettingModel->getSetting()
 7 SYSTEMPATH/CodeIgniter.php(904): App\Controllers\BaseController->initController()
 8 SYSTEMPATH/CodeIgniter.php(498): CodeIgniter\CodeIgniter->createController()
 9 SYSTEMPATH/CodeIgniter.php(354): CodeIgniter\CodeIgniter->handleRequest()
10 SYSTEMPATH/Boot.php(334): CodeIgniter\CodeIgniter->run()
11 SYSTEMPATH/Boot.php(67): CodeIgniter\Boot::runCodeIgniter()
12 FCPATH/index.php(59): CodeIgniter\Boot::bootWeb()
ERROR - 2026-04-15 14:10:44 --> Error connecting to the database: mysqli_sql_exception: No such file or directory in /home/jsff5967/CI4/vendor/codeigniter4/framework/system/Database/MySQLi/Connection.php:201
Stack trace:
#0 /home/jsff5967/CI4/vendor/codeigniter4/framework/system/Database/MySQLi/Connection.php(201): mysqli->real_connect()
#1 /home/jsff5967/CI4/vendor/codeigniter4/framework/system/Database/BaseConnection.php(421): CodeIgniter\Database\MySQLi\Connection->connect()
#2 /home/jsff5967/CI4/vendor/codeigniter4/framework/system/Database/BaseConnection.php(620): CodeIgniter\Database\BaseConnection->initialize()
#3 /home/jsff5967/CI4/vendor/codeigniter4/framework/system/Database/BaseBuilder.php(1649): CodeIgniter\Database\BaseConnection->query()
#4 /home/jsff5967/CI4/vendor/codeigniter4/framework/system/Model.php(330): CodeIgniter\Database\BaseBuilder->get()
#5 /home/jsff5967/CI4/vendor/codeigniter4/framework/system/BaseModel.php(717): CodeIgniter\Model->doFirst()
#6 /home/jsff5967/CI4/app/Filters/TrafficLogFilter.php(154): CodeIgniter\BaseModel->first()
#7 /home/jsff5967/CI4/app/Filters/TrafficLogFilter.php(41): App\Filters\TrafficLogFilter->isRecentlyLogged()
#8 /home/jsff5967/CI4/vendor/codeigniter4/framework/system/Filters/Filters.php(241): App\Filters\TrafficLogFilter->before()
#9 /home/jsff5967/CI4/vendor/codeigniter4/framework/system/Filters/Filters.php(221): CodeIgniter\Filters\Filters->runBefore()
#10 /home/jsff5967/CI4/vendor/codeigniter4/framework/system/CodeIgniter.php(479): CodeIgniter\Filters\Filters->run()
#11 /home/jsff5967/CI4/vendor/codeigniter4/framework/system/CodeIgniter.php(354): CodeIgniter\CodeIgniter->handleRequest()
#12 /home/jsff5967/CI4/vendor/codeigniter4/framework/system/Boot.php(334): CodeIgniter\CodeIgniter->run()
#13 /home/jsff5967/CI4/vendor/codeigniter4/framework/system/Boot.php(67): CodeIgniter\Boot::runCodeIgniter()
#14 /home/jsff5967/public_html/index.php(59): CodeIgniter\Boot::bootWeb()
#15 {main}

Next CodeIgniter\Database\Exceptions\DatabaseException: No such file or directory in /home/jsff5967/CI4/vendor/codeigniter4/framework/system/Database/MySQLi/Connection.php:246
Stack trace:
#0 /home/jsff5967/CI4/vendor/codeigniter4/framework/system/Database/BaseConnection.php(421): CodeIgniter\Database\MySQLi\Connection->connect()
#1 /home/jsff5967/CI4/vendor/codeigniter4/framework/system/Database/BaseConnection.php(620): CodeIgniter\Database\BaseConnection->initialize()
#2 /home/jsff5967/CI4/vendor/codeigniter4/framework/system/Database/BaseBuilder.php(1649): CodeIgniter\Database\BaseConnection->query()
#3 /home/jsff5967/CI4/vendor/codeigniter4/framework/system/Model.php(330): CodeIgniter\Database\BaseBuilder->get()
#4 /home/jsff5967/CI4/vendor/codeigniter4/framework/system/BaseModel.php(717): CodeIgniter\Model->doFirst()
#5 /home/jsff5967/CI4/app/Filters/TrafficLogFilter.php(154): CodeIgniter\BaseModel->first()
#6 /home/jsff5967/CI4/app/Filters/TrafficLogFilter.php(41): App\Filters\TrafficLogFilter->isRecentlyLogged()
#7 /home/jsff5967/CI4/vendor/codeigniter4/framework/system/Filters/Filters.php(241): App\Filters\TrafficLogFilter->before()
#8 /home/jsff5967/CI4/vendor/codeigniter4/framework/system/Filters/Filters.php(221): CodeIgniter\Filters\Filters->runBefore()
#9 /home/jsff5967/CI4/vendor/codeigniter4/framework/system/CodeIgniter.php(479): CodeIgniter\Filters\Filters->run()
#10 /home/jsff5967/CI4/vendor/codeigniter4/framework/system/CodeIgniter.php(354): CodeIgniter\CodeIgniter->handleRequest()
#11 /home/jsff5967/CI4/vendor/codeigniter4/framework/system/Boot.php(334): CodeIgniter\CodeIgniter->run()
#12 /home/jsff5967/CI4/vendor/codeigniter4/framework/system/Boot.php(67): CodeIgniter\Boot::runCodeIgniter()
#13 /home/jsff5967/public_html/index.php(59): CodeIgniter\Boot::bootWeb()
#14 {main}
ERROR - 2026-04-15 14:10:44 --> Error checking recent visit: Unable to connect to the database.
Main connection [MySQLi]: No such file or directory
ERROR - 2026-04-15 14:10:44 --> Error connecting to the database: mysqli_sql_exception: No such file or directory in /home/jsff5967/CI4/vendor/codeigniter4/framework/system/Database/MySQLi/Connection.php:201
Stack trace:
#0 /home/jsff5967/CI4/vendor/codeigniter4/framework/system/Database/MySQLi/Connection.php(201): mysqli->real_connect()
#1 /home/jsff5967/CI4/vendor/codeigniter4/framework/system/Database/BaseConnection.php(421): CodeIgniter\Database\MySQLi\Connection->connect()
#2 /home/jsff5967/CI4/vendor/codeigniter4/framework/system/Database/BaseConnection.php(620): CodeIgniter\Database\BaseConnection->initialize()
#3 /home/jsff5967/CI4/vendor/codeigniter4/framework/system/Database/BaseBuilder.php(1649): CodeIgniter\Database\BaseConnection->query()
#4 /home/jsff5967/CI4/vendor/codeigniter4/framework/system/Model.php(330): CodeIgniter\Database\BaseBuilder->get()
#5 /home/jsff5967/CI4/vendor/codeigniter4/framework/system/BaseModel.php(717): CodeIgniter\Model->doFirst()
#6 /home/jsff5967/CI4/app/Models/TrafficLogModel.php(60): CodeIgniter\BaseModel->first()
#7 /home/jsff5967/CI4/app/Filters/TrafficLogFilter.php(61): App\Models\TrafficLogModel->logVisitor()
#8 /home/jsff5967/CI4/vendor/codeigniter4/framework/system/Filters/Filters.php(241): App\Filters\TrafficLogFilter->before()
#9 /home/jsff5967/CI4/vendor/codeigniter4/framework/system/Filters/Filters.php(221): CodeIgniter\Filters\Filters->runBefore()
#10 /home/jsff5967/CI4/vendor/codeigniter4/framework/system/CodeIgniter.php(479): CodeIgniter\Filters\Filters->run()
#11 /home/jsff5967/CI4/vendor/codeigniter4/framework/system/CodeIgniter.php(354): CodeIgniter\CodeIgniter->handleRequest()
#12 /home/jsff5967/CI4/vendor/codeigniter4/framework/system/Boot.php(334): CodeIgniter\CodeIgniter->run()
#13 /home/jsff5967/CI4/vendor/codeigniter4/framework/system/Boot.php(67): CodeIgniter\Boot::runCodeIgniter()
#14 /home/jsff5967/public_html/index.php(59): CodeIgniter\Boot::bootWeb()
#15 {main}

Next CodeIgniter\Database\Exceptions\DatabaseException: No such file or directory in /home/jsff5967/CI4/vendor/codeigniter4/framework/system/Database/MySQLi/Connection.php:246
Stack trace:
#0 /home/jsff5967/CI4/vendor/codeigniter4/framework/system/Database/BaseConnection.php(421): CodeIgniter\Database\MySQLi\Connection->connect()
#1 /home/jsff5967/CI4/vendor/codeigniter4/framework/system/Database/BaseConnection.php(620): CodeIgniter\Database\BaseConnection->initialize()
#2 /home/jsff5967/CI4/vendor/codeigniter4/framework/system/Database/BaseBuilder.php(1649): CodeIgniter\Database\BaseConnection->query()
#3 /home/jsff5967/CI4/vendor/codeigniter4/framework/system/Model.php(330): CodeIgniter\Database\BaseBuilder->get()
#4 /home/jsff5967/CI4/vendor/codeigniter4/framework/system/BaseModel.php(717): CodeIgniter\Model->doFirst()
#5 /home/jsff5967/CI4/app/Models/TrafficLogModel.php(60): CodeIgniter\BaseModel->first()
#6 /home/jsff5967/CI4/app/Filters/TrafficLogFilter.php(61): App\Models\TrafficLogModel->logVisitor()
#7 /home/jsff5967/CI4/vendor/codeigniter4/framework/system/Filters/Filters.php(241): App\Filters\TrafficLogFilter->before()
#8 /home/jsff5967/CI4/vendor/codeigniter4/framework/system/Filters/Filters.php(221): CodeIgniter\Filters\Filters->runBefore()
#9 /home/jsff5967/CI4/vendor/codeigniter4/framework/system/CodeIgniter.php(479): CodeIgniter\Filters\Filters->run()
#10 /home/jsff5967/CI4/vendor/codeigniter4/framework/system/CodeIgniter.php(354): CodeIgniter\CodeIgniter->handleRequest()
#11 /home/jsff5967/CI4/vendor/codeigniter4/framework/system/Boot.php(334): CodeIgniter\CodeIgniter->run()
#12 /home/jsff5967/CI4/vendor/codeigniter4/framework/system/Boot.php(67): CodeIgniter\Boot::runCodeIgniter()
#13 /home/jsff5967/public_html/index.php(59): CodeIgniter\Boot::bootWeb()
#14 {main}
ERROR - 2026-04-15 14:10:44 --> Failed to log visitor: Unable to connect to the database.
Main connection [MySQLi]: No such file or directory
ERROR - 2026-04-15 14:10:44 --> Error connecting to the database: mysqli_sql_exception: No such file or directory in /home/jsff5967/CI4/vendor/codeigniter4/framework/system/Database/MySQLi/Connection.php:201
Stack trace:
#0 /home/jsff5967/CI4/vendor/codeigniter4/framework/system/Database/MySQLi/Connection.php(201): mysqli->real_connect()
#1 /home/jsff5967/CI4/vendor/codeigniter4/framework/system/Database/BaseConnection.php(421): CodeIgniter\Database\MySQLi\Connection->connect()
#2 /home/jsff5967/CI4/vendor/codeigniter4/framework/system/Database/BaseConnection.php(849): CodeIgniter\Database\BaseConnection->initialize()
#3 /home/jsff5967/CI4/vendor/codeigniter4/framework/system/Database/BaseConnection.php(783): CodeIgniter\Database\BaseConnection->transBegin()
#4 /home/jsff5967/CI4/app/Models/SettingModel.php(42): CodeIgniter\Database\BaseConnection->transStart()
#5 /home/jsff5967/CI4/app/Controllers/BaseController.php(120): App\Models\SettingModel->increment()
#6 /home/jsff5967/CI4/vendor/codeigniter4/framework/system/CodeIgniter.php(904): App\Controllers\BaseController->initController()
#7 /home/jsff5967/CI4/vendor/codeigniter4/framework/system/CodeIgniter.php(498): CodeIgniter\CodeIgniter->createController()
#8 /home/jsff5967/CI4/vendor/codeigniter4/framework/system/CodeIgniter.php(354): CodeIgniter\CodeIgniter->handleRequest()
#9 /home/jsff5967/CI4/vendor/codeigniter4/framework/system/Boot.php(334): CodeIgniter\CodeIgniter->run()
#10 /home/jsff5967/CI4/vendor/codeigniter4/framework/system/Boot.php(67): CodeIgniter\Boot::runCodeIgniter()
#11 /home/jsff5967/public_html/index.php(59): CodeIgniter\Boot::bootWeb()
#12 {main}

Next CodeIgniter\Database\Exceptions\DatabaseException: No such file or directory in /home/jsff5967/CI4/vendor/codeigniter4/framework/system/Database/MySQLi/Connection.php:246
Stack trace:
#0 /home/jsff5967/CI4/vendor/codeigniter4/framework/system/Database/BaseConnection.php(421): CodeIgniter\Database\MySQLi\Connection->connect()
#1 /home/jsff5967/CI4/vendor/codeigniter4/framework/system/Database/BaseConnection.php(849): CodeIgniter\Database\BaseConnection->initialize()
#2 /home/jsff5967/CI4/vendor/codeigniter4/framework/system/Database/BaseConnection.php(783): CodeIgniter\Database\BaseConnection->transBegin()
#3 /home/jsff5967/CI4/app/Models/SettingModel.php(42): CodeIgniter\Database\BaseConnection->transStart()
#4 /home/jsff5967/CI4/app/Controllers/BaseController.php(120): App\Models\SettingModel->increment()
#5 /home/jsff5967/CI4/vendor/codeigniter4/framework/system/CodeIgniter.php(904): App\Controllers\BaseController->initController()
#6 /home/jsff5967/CI4/vendor/codeigniter4/framework/system/CodeIgniter.php(498): CodeIgniter\CodeIgniter->createController()
#7 /home/jsff5967/CI4/vendor/codeigniter4/framework/system/CodeIgniter.php(354): CodeIgniter\CodeIgniter->handleRequest()
#8 /home/jsff5967/CI4/vendor/codeigniter4/framework/system/Boot.php(334): CodeIgniter\CodeIgniter->run()
#9 /home/jsff5967/CI4/vendor/codeigniter4/framework/system/Boot.php(67): CodeIgniter\Boot::runCodeIgniter()
#10 /home/jsff5967/public_html/index.php(59): CodeIgniter\Boot::bootWeb()
#11 {main}
CRITICAL - 2026-04-15 14:10:44 --> CodeIgniter\Database\Exceptions\DatabaseException: Unable to connect to the database.
Main connection [MySQLi]: No such file or directory
[Method: GET, Route: api/shop/products/PRDK178]
in SYSTEMPATH/Database/BaseConnection.php on line 467.
 1 SYSTEMPATH/Database/BaseConnection.php(849): CodeIgniter\Database\BaseConnection->initialize()
 2 SYSTEMPATH/Database/BaseConnection.php(783): CodeIgniter\Database\BaseConnection->transBegin()
 3 APPPATH/Models/SettingModel.php(42): CodeIgniter\Database\BaseConnection->transStart()
 4 APPPATH/Controllers/BaseController.php(120): App\Models\SettingModel->increment()
 5 SYSTEMPATH/CodeIgniter.php(904): App\Controllers\BaseController->initController()
 6 SYSTEMPATH/CodeIgniter.php(498): CodeIgniter\CodeIgniter->createController()
 7 SYSTEMPATH/CodeIgniter.php(354): CodeIgniter\CodeIgniter->handleRequest()
 8 SYSTEMPATH/Boot.php(334): CodeIgniter\CodeIgniter->run()
 9 SYSTEMPATH/Boot.php(67): CodeIgniter\Boot::runCodeIgniter()
10 FCPATH/index.php(59): CodeIgniter\Boot::bootWeb()
ERROR - 2026-04-15 14:10:46 --> Error connecting to the database: mysqli_sql_exception: No such file or directory in /home/jsff5967/CI4/vendor/codeigniter4/framework/system/Database/MySQLi/Connection.php:201
Stack trace:
#0 /home/jsff5967/CI4/vendor/codeigniter4/framework/system/Database/MySQLi/Connection.php(201): mysqli->real_connect()
#1 /home/jsff5967/CI4/vendor/codeigniter4/framework/system/Database/BaseConnection.php(421): CodeIgniter\Database\MySQLi\Connection->connect()
#2 /home/jsff5967/CI4/vendor/codeigniter4/framework/system/Database/BaseConnection.php(620): CodeIgniter\Database\BaseConnection->initialize()
#3 /home/jsff5967/CI4/vendor/codeigniter4/framework/system/Database/BaseBuilder.php(1649): CodeIgniter\Database\BaseConnection->query()
#4 /home/jsff5967/CI4/vendor/codeigniter4/framework/system/Model.php(330): CodeIgniter\Database\BaseBuilder->get()
#5 /home/jsff5967/CI4/vendor/codeigniter4/framework/system/BaseModel.php(717): CodeIgniter\Model->doFirst()
#6 /home/jsff5967/CI4/app/Filters/TrafficLogFilter.php(154): CodeIgniter\BaseModel->first()
#7 /home/jsff5967/CI4/app/Filters/TrafficLogFilter.php(41): App\Filters\TrafficLogFilter->isRecentlyLogged()
#8 /home/jsff5967/CI4/vendor/codeigniter4/framework/system/Filters/Filters.php(241): App\Filters\TrafficLogFilter->before()
#9 /home/jsff5967/CI4/vendor/codeigniter4/framework/system/Filters/Filters.php(221): CodeIgniter\Filters\Filters->runBefore()
#10 /home/jsff5967/CI4/vendor/codeigniter4/framework/system/CodeIgniter.php(479): CodeIgniter\Filters\Filters->run()
#11 /home/jsff5967/CI4/vendor/codeigniter4/framework/system/CodeIgniter.php(354): CodeIgniter\CodeIgniter->handleRequest()
#12 /home/jsff5967/CI4/vendor/codeigniter4/framework/system/Boot.php(334): CodeIgniter\CodeIgniter->run()
#13 /home/jsff5967/CI4/vendor/codeigniter4/framework/system/Boot.php(67): CodeIgniter\Boot::runCodeIgniter()
#14 /home/jsff5967/public_html/index.php(59): CodeIgniter\Boot::bootWeb()
#15 {main}

Next CodeIgniter\Database\Exceptions\DatabaseException: No such file or directory in /home/jsff5967/CI4/vendor/codeigniter4/framework/system/Database/MySQLi/Connection.php:246
Stack trace:
#0 /home/jsff5967/CI4/vendor/codeigniter4/framework/system/Database/BaseConnection.php(421): CodeIgniter\Database\MySQLi\Connection->connect()
#1 /home/jsff5967/CI4/vendor/codeigniter4/framework/system/Database/BaseConnection.php(620): CodeIgniter\Database\BaseConnection->initialize()
#2 /home/jsff5967/CI4/vendor/codeigniter4/framework/system/Database/BaseBuilder.php(1649): CodeIgniter\Database\BaseConnection->query()
#3 /home/jsff5967/CI4/vendor/codeigniter4/framework/system/Model.php(330): CodeIgniter\Database\BaseBuilder->get()
#4 /home/jsff5967/CI4/vendor/codeigniter4/framework/system/BaseModel.php(717): CodeIgniter\Model->doFirst()
#5 /home/jsff5967/CI4/app/Filters/TrafficLogFilter.php(154): CodeIgniter\BaseModel->first()
#6 /home/jsff5967/CI4/app/Filters/TrafficLogFilter.php(41): App\Filters\TrafficLogFilter->isRecentlyLogged()
#7 /home/jsff5967/CI4/vendor/codeigniter4/framework/system/Filters/Filters.php(241): App\Filters\TrafficLogFilter->before()
#8 /home/jsff5967/CI4/vendor/codeigniter4/framework/system/Filters/Filters.php(221): CodeIgniter\Filters\Filters->runBefore()
#9 /home/jsff5967/CI4/vendor/codeigniter4/framework/system/CodeIgniter.php(479): CodeIgniter\Filters\Filters->run()
#10 /home/jsff5967/CI4/vendor/codeigniter4/framework/system/CodeIgniter.php(354): CodeIgniter\CodeIgniter->handleRequest()
#11 /home/jsff5967/CI4/vendor/codeigniter4/framework/system/Boot.php(334): CodeIgniter\CodeIgniter->run()
#12 /home/jsff5967/CI4/vendor/codeigniter4/framework/system/Boot.php(67): CodeIgniter\Boot::runCodeIgniter()
#13 /home/jsff5967/public_html/index.php(59): CodeIgniter\Boot::bootWeb()
#14 {main}
ERROR - 2026-04-15 14:10:46 --> Error checking recent visit: Unable to connect to the database.
Main connection [MySQLi]: No such file or directory
ERROR - 2026-04-15 14:10:46 --> Error connecting to the database: mysqli_sql_exception: No such file or directory in /home/jsff5967/CI4/vendor/codeigniter4/framework/system/Database/MySQLi/Connection.php:201
Stack trace:
#0 /home/jsff5967/CI4/vendor/codeigniter4/framework/system/Database/MySQLi/Connection.php(201): mysqli->real_connect()
#1 /home/jsff5967/CI4/vendor/codeigniter4/framework/system/Database/BaseConnection.php(421): CodeIgniter\Database\MySQLi\Connection->connect()
#2 /home/jsff5967/CI4/vendor/codeigniter4/framework/system/Database/BaseConnection.php(620): CodeIgniter\Database\BaseConnection->initialize()
#3 /home/jsff5967/CI4/vendor/codeigniter4/framework/system/Database/BaseBuilder.php(1649): CodeIgniter\Database\BaseConnection->query()
#4 /home/jsff5967/CI4/vendor/codeigniter4/framework/system/Model.php(330): CodeIgniter\Database\BaseBuilder->get()
#5 /home/jsff5967/CI4/vendor/codeigniter4/framework/system/BaseModel.php(717): CodeIgniter\Model->doFirst()
#6 /home/jsff5967/CI4/app/Models/TrafficLogModel.php(60): CodeIgniter\BaseModel->first()
#7 /home/jsff5967/CI4/app/Filters/TrafficLogFilter.php(61): App\Models\TrafficLogModel->logVisitor()
#8 /home/jsff5967/CI4/vendor/codeigniter4/framework/system/Filters/Filters.php(241): App\Filters\TrafficLogFilter->before()
#9 /home/jsff5967/CI4/vendor/codeigniter4/framework/system/Filters/Filters.php(221): CodeIgniter\Filters\Filters->runBefore()
#10 /home/jsff5967/CI4/vendor/codeigniter4/framework/system/CodeIgniter.php(479): CodeIgniter\Filters\Filters->run()
#11 /home/jsff5967/CI4/vendor/codeigniter4/framework/system/CodeIgniter.php(354): CodeIgniter\CodeIgniter->handleRequest()
#12 /home/jsff5967/CI4/vendor/codeigniter4/framework/system/Boot.php(334): CodeIgniter\CodeIgniter->run()
#13 /home/jsff5967/CI4/vendor/codeigniter4/framework/system/Boot.php(67): CodeIgniter\Boot::runCodeIgniter()
#14 /home/jsff5967/public_html/index.php(59): CodeIgniter\Boot::bootWeb()
#15 {main}

Next CodeIgniter\Database\Exceptions\DatabaseException: No such file or directory in /home/jsff5967/CI4/vendor/codeigniter4/framework/system/Database/MySQLi/Connection.php:246
Stack trace:
#0 /home/jsff5967/CI4/vendor/codeigniter4/framework/system/Database/BaseConnection.php(421): CodeIgniter\Database\MySQLi\Connection->connect()
#1 /home/jsff5967/CI4/vendor/codeigniter4/framework/system/Database/BaseConnection.php(620): CodeIgniter\Database\BaseConnection->initialize()
#2 /home/jsff5967/CI4/vendor/codeigniter4/framework/system/Database/BaseBuilder.php(1649): CodeIgniter\Database\BaseConnection->query()
#3 /home/jsff5967/CI4/vendor/codeigniter4/framework/system/Model.php(330): CodeIgniter\Database\BaseBuilder->get()
#4 /home/jsff5967/CI4/vendor/codeigniter4/framework/system/BaseModel.php(717): CodeIgniter\Model->doFirst()
#5 /home/jsff5967/CI4/app/Models/TrafficLogModel.php(60): CodeIgniter\BaseModel->first()
#6 /home/jsff5967/CI4/app/Filters/TrafficLogFilter.php(61): App\Models\TrafficLogModel->logVisitor()
#7 /home/jsff5967/CI4/vendor/codeigniter4/framework/system/Filters/Filters.php(241): App\Filters\TrafficLogFilter->before()
#8 /home/jsff5967/CI4/vendor/codeigniter4/framework/system/Filters/Filters.php(221): CodeIgniter\Filters\Filters->runBefore()
#9 /home/jsff5967/CI4/vendor/codeigniter4/framework/system/CodeIgniter.php(479): CodeIgniter\Filters\Filters->run()
#10 /home/jsff5967/CI4/vendor/codeigniter4/framework/system/CodeIgniter.php(354): CodeIgniter\CodeIgniter->handleRequest()
#11 /home/jsff5967/CI4/vendor/codeigniter4/framework/system/Boot.php(334): CodeIgniter\CodeIgniter->run()
#12 /home/jsff5967/CI4/vendor/codeigniter4/framework/system/Boot.php(67): CodeIgniter\Boot::runCodeIgniter()
#13 /home/jsff5967/public_html/index.php(59): CodeIgniter\Boot::bootWeb()
#14 {main}
ERROR - 2026-04-15 14:10:46 --> Failed to log visitor: Unable to connect to the database.
Main connection [MySQLi]: No such file or directory
ERROR - 2026-04-15 14:10:46 --> Error connecting to the database: mysqli_sql_exception: No such file or directory in /home/jsff5967/CI4/vendor/codeigniter4/framework/system/Database/MySQLi/Connection.php:201
Stack trace:
#0 /home/jsff5967/CI4/vendor/codeigniter4/framework/system/Database/MySQLi/Connection.php(201): mysqli->real_connect()
#1 /home/jsff5967/CI4/vendor/codeigniter4/framework/system/Database/BaseConnection.php(421): CodeIgniter\Database\MySQLi\Connection->connect()
#2 /home/jsff5967/CI4/vendor/codeigniter4/framework/system/Database/BaseConnection.php(849): CodeIgniter\Database\BaseConnection->initialize()
#3 /home/jsff5967/CI4/vendor/codeigniter4/framework/system/Database/BaseConnection.php(783): CodeIgniter\Database\BaseConnection->transBegin()
#4 /home/jsff5967/CI4/app/Models/SettingModel.php(42): CodeIgniter\Database\BaseConnection->transStart()
#5 /home/jsff5967/CI4/app/Controllers/BaseController.php(120): App\Models\SettingModel->increment()
#6 /home/jsff5967/CI4/vendor/codeigniter4/framework/system/CodeIgniter.php(904): App\Controllers\BaseController->initController()
#7 /home/jsff5967/CI4/vendor/codeigniter4/framework/system/CodeIgniter.php(498): CodeIgniter\CodeIgniter->createController()
#8 /home/jsff5967/CI4/vendor/codeigniter4/framework/system/CodeIgniter.php(354): CodeIgniter\CodeIgniter->handleRequest()
#9 /home/jsff5967/CI4/vendor/codeigniter4/framework/system/Boot.php(334): CodeIgniter\CodeIgniter->run()
#10 /home/jsff5967/CI4/vendor/codeigniter4/framework/system/Boot.php(67): CodeIgniter\Boot::runCodeIgniter()
#11 /home/jsff5967/public_html/index.php(59): CodeIgniter\Boot::bootWeb()
#12 {main}

Next CodeIgniter\Database\Exceptions\DatabaseException: No such file or directory in /home/jsff5967/CI4/vendor/codeigniter4/framework/system/Database/MySQLi/Connection.php:246
Stack trace:
#0 /home/jsff5967/CI4/vendor/codeigniter4/framework/system/Database/BaseConnection.php(421): CodeIgniter\Database\MySQLi\Connection->connect()
#1 /home/jsff5967/CI4/vendor/codeigniter4/framework/system/Database/BaseConnection.php(849): CodeIgniter\Database\BaseConnection->initialize()
#2 /home/jsff5967/CI4/vendor/codeigniter4/framework/system/Database/BaseConnection.php(783): CodeIgniter\Database\BaseConnection->transBegin()
#3 /home/jsff5967/CI4/app/Models/SettingModel.php(42): CodeIgniter\Database\BaseConnection->transStart()
#4 /home/jsff5967/CI4/app/Controllers/BaseController.php(120): App\Models\SettingModel->increment()
#5 /home/jsff5967/CI4/vendor/codeigniter4/framework/system/CodeIgniter.php(904): App\Controllers\BaseController->initController()
#6 /home/jsff5967/CI4/vendor/codeigniter4/framework/system/CodeIgniter.php(498): CodeIgniter\CodeIgniter->createController()
#7 /home/jsff5967/CI4/vendor/codeigniter4/framework/system/CodeIgniter.php(354): CodeIgniter\CodeIgniter->handleRequest()
#8 /home/jsff5967/CI4/vendor/codeigniter4/framework/system/Boot.php(334): CodeIgniter\CodeIgniter->run()
#9 /home/jsff5967/CI4/vendor/codeigniter4/framework/system/Boot.php(67): CodeIgniter\Boot::runCodeIgniter()
#10 /home/jsff5967/public_html/index.php(59): CodeIgniter\Boot::bootWeb()
#11 {main}
CRITICAL - 2026-04-15 14:10:46 --> CodeIgniter\Database\Exceptions\DatabaseException: Unable to connect to the database.
Main connection [MySQLi]: No such file or directory
[Method: GET, Route: shop/product/PRDK208]
in SYSTEMPATH/Database/BaseConnection.php on line 467.
 1 SYSTEMPATH/Database/BaseConnection.php(849): CodeIgniter\Database\BaseConnection->initialize()
 2 SYSTEMPATH/Database/BaseConnection.php(783): CodeIgniter\Database\BaseConnection->transBegin()
 3 APPPATH/Models/SettingModel.php(42): CodeIgniter\Database\BaseConnection->transStart()
 4 APPPATH/Controllers/BaseController.php(120): App\Models\SettingModel->increment()
 5 SYSTEMPATH/CodeIgniter.php(904): App\Controllers\BaseController->initController()
 6 SYSTEMPATH/CodeIgniter.php(498): CodeIgniter\CodeIgniter->createController()
 7 SYSTEMPATH/CodeIgniter.php(354): CodeIgniter\CodeIgniter->handleRequest()
 8 SYSTEMPATH/Boot.php(334): CodeIgniter\CodeIgniter->run()
 9 SYSTEMPATH/Boot.php(67): CodeIgniter\Boot::runCodeIgniter()
10 FCPATH/index.php(59): CodeIgniter\Boot::bootWeb()
ERROR - 2026-04-15 14:11:05 --> Error connecting to the database: mysqli_sql_exception: No such file or directory in /home/jsff5967/CI4/vendor/codeigniter4/framework/system/Database/MySQLi/Connection.php:201
Stack trace:
#0 /home/jsff5967/CI4/vendor/codeigniter4/framework/system/Database/MySQLi/Connection.php(201): mysqli->real_connect()
#1 /home/jsff5967/CI4/vendor/codeigniter4/framework/system/Database/BaseConnection.php(421): CodeIgniter\Database\MySQLi\Connection->connect()
#2 /home/jsff5967/CI4/vendor/codeigniter4/framework/system/Database/BaseConnection.php(620): CodeIgniter\Database\BaseConnection->initialize()
#3 /home/jsff5967/CI4/vendor/codeigniter4/framework/system/Database/BaseBuilder.php(1649): CodeIgniter\Database\BaseConnection->query()
#4 /home/jsff5967/CI4/vendor/codeigniter4/framework/system/Model.php(286): CodeIgniter\Database\BaseBuilder->get()
#5 /home/jsff5967/CI4/vendor/codeigniter4/framework/system/BaseModel.php(679): CodeIgniter\Model->doFindAll()
#6 /home/jsff5967/CI4/app/Commands/BatalkanPesananOtomatis.php(73): CodeIgniter\BaseModel->findAll()
#7 /home/jsff5967/CI4/vendor/codeigniter4/framework/system/CLI/Commands.php(74): App\Commands\BatalkanPesananOtomatis->run()
#8 /home/jsff5967/CI4/vendor/codeigniter4/framework/system/CLI/Console.php(47): CodeIgniter\CLI\Commands->run()
#9 /home/jsff5967/CI4/vendor/codeigniter4/framework/system/Boot.php(360): CodeIgniter\CLI\Console->run()
#10 /home/jsff5967/CI4/vendor/codeigniter4/framework/system/Boot.php(104): CodeIgniter\Boot::runCommand()
#11 /home/jsff5967/CI4/spark(87): CodeIgniter\Boot::bootSpark()
#12 {main}

Next CodeIgniter\Database\Exceptions\DatabaseException: No such file or directory in /home/jsff5967/CI4/vendor/codeigniter4/framework/system/Database/MySQLi/Connection.php:246
Stack trace:
#0 /home/jsff5967/CI4/vendor/codeigniter4/framework/system/Database/BaseConnection.php(421): CodeIgniter\Database\MySQLi\Connection->connect()
#1 /home/jsff5967/CI4/vendor/codeigniter4/framework/system/Database/BaseConnection.php(620): CodeIgniter\Database\BaseConnection->initialize()
#2 /home/jsff5967/CI4/vendor/codeigniter4/framework/system/Database/BaseBuilder.php(1649): CodeIgniter\Database\BaseConnection->query()
#3 /home/jsff5967/CI4/vendor/codeigniter4/framework/system/Model.php(286): CodeIgniter\Database\BaseBuilder->get()
#4 /home/jsff5967/CI4/vendor/codeigniter4/framework/system/BaseModel.php(679): CodeIgniter\Model->doFindAll()
#5 /home/jsff5967/CI4/app/Commands/BatalkanPesananOtomatis.php(73): CodeIgniter\BaseModel->findAll()
#6 /home/jsff5967/CI4/vendor/codeigniter4/framework/system/CLI/Commands.php(74): App\Commands\BatalkanPesananOtomatis->run()
#7 /home/jsff5967/CI4/vendor/codeigniter4/framework/system/CLI/Console.php(47): CodeIgniter\CLI\Commands->run()
#8 /home/jsff5967/CI4/vendor/codeigniter4/framework/system/Boot.php(360): CodeIgniter\CLI\Console->run()
#9 /home/jsff5967/CI4/vendor/codeigniter4/framework/system/Boot.php(104): CodeIgniter\Boot::runCommand()
#10 /home/jsff5967/CI4/spark(87): CodeIgniter\Boot::bootSpark()
#11 {main}
CRITICAL - 2026-04-15 14:11:05 --> CodeIgniter\Database\Exceptions\DatabaseException: Unable to connect to the database.
Main connection [MySQLi]: No such file or directory
[Method: CLI, Route: pesanan:batalkan_otomatis]
in SYSTEMPATH/Database/BaseConnection.php on line 467.
 1 SYSTEMPATH/Database/BaseConnection.php(620): CodeIgniter\Database\BaseConnection->initialize()
 2 SYSTEMPATH/Database/BaseBuilder.php(1649): CodeIgniter\Database\BaseConnection->query()
 3 SYSTEMPATH/Model.php(286): CodeIgniter\Database\BaseBuilder->get()
 4 SYSTEMPATH/BaseModel.php(679): CodeIgniter\Model->doFindAll()
 5 APPPATH/Commands/BatalkanPesananOtomatis.php(73): CodeIgniter\BaseModel->findAll()
 6 SYSTEMPATH/CLI/Commands.php(74): App\Commands\BatalkanPesananOtomatis->run()
 7 SYSTEMPATH/CLI/Console.php(47): CodeIgniter\CLI\Commands->run()
 8 SYSTEMPATH/Boot.php(360): CodeIgniter\CLI\Console->run()
 9 SYSTEMPATH/Boot.php(104): CodeIgniter\Boot::runCommand()
10 ROOTPATH/spark(87): CodeIgniter\Boot::bootSpark()
ERROR - 2026-04-15 14:11:34 --> Error connecting to the database: mysqli_sql_exception: No such file or directory in /home/jsff5967/CI4/vendor/codeigniter4/framework/system/Database/MySQLi/Connection.php:201
Stack trace:
#0 /home/jsff5967/CI4/vendor/codeigniter4/framework/system/Database/MySQLi/Connection.php(201): mysqli->real_connect()
#1 /home/jsff5967/CI4/vendor/codeigniter4/framework/system/Database/BaseConnection.php(421): CodeIgniter\Database\MySQLi\Connection->connect()
#2 /home/jsff5967/CI4/vendor/codeigniter4/framework/system/Database/BaseConnection.php(620): CodeIgniter\Database\BaseConnection->initialize()
#3 /home/jsff5967/CI4/vendor/codeigniter4/framework/system/Database/BaseBuilder.php(1649): CodeIgniter\Database\BaseConnection->query()
#4 /home/jsff5967/CI4/vendor/codeigniter4/framework/system/Model.php(330): CodeIgniter\Database\BaseBuilder->get()
#5 /home/jsff5967/CI4/vendor/codeigniter4/framework/system/BaseModel.php(717): CodeIgniter\Model->doFirst()
#6 /home/jsff5967/CI4/app/Models/SettingModel.php(28): CodeIgniter\BaseModel->first()
#7 /home/jsff5967/CI4/app/Controllers/BaseController.php(124): App\Models\SettingModel->getSetting()
#8 /home/jsff5967/CI4/vendor/codeigniter4/framework/system/CodeIgniter.php(904): App\Controllers\BaseController->initController()
#9 /home/jsff5967/CI4/vendor/codeigniter4/framework/system/CodeIgniter.php(498): CodeIgniter\CodeIgniter->createController()
#10 /home/jsff5967/CI4/vendor/codeigniter4/framework/system/CodeIgniter.php(354): CodeIgniter\CodeIgniter->handleRequest()
#11 /home/jsff5967/CI4/vendor/codeigniter4/framework/system/Boot.php(334): CodeIgniter\CodeIgniter->run()
#12 /home/jsff5967/CI4/vendor/codeigniter4/framework/system/Boot.php(67): CodeIgniter\Boot::runCodeIgniter()
#13 /home/jsff5967/public_html/index.php(59): CodeIgniter\Boot::bootWeb()
#14 {main}

Next CodeIgniter\Database\Exceptions\DatabaseException: No such file or directory in /home/jsff5967/CI4/vendor/codeigniter4/framework/system/Database/MySQLi/Connection.php:246
Stack trace:
#0 /home/jsff5967/CI4/vendor/codeigniter4/framework/system/Database/BaseConnection.php(421): CodeIgniter\Database\MySQLi\Connection->connect()
#1 /home/jsff5967/CI4/vendor/codeigniter4/framework/system/Database/BaseConnection.php(620): CodeIgniter\Database\BaseConnection->initialize()
#2 /home/jsff5967/CI4/vendor/codeigniter4/framework/system/Database/BaseBuilder.php(1649): CodeIgniter\Database\BaseConnection->query()
#3 /home/jsff5967/CI4/vendor/codeigniter4/framework/system/Model.php(330): CodeIgniter\Database\BaseBuilder->get()
#4 /home/jsff5967/CI4/vendor/codeigniter4/framework/system/BaseModel.php(717): CodeIgniter\Model->doFirst()
#5 /home/jsff5967/CI4/app/Models/SettingModel.php(28): CodeIgniter\BaseModel->first()
#6 /home/jsff5967/CI4/app/Controllers/BaseController.php(124): App\Models\SettingModel->getSetting()
#7 /home/jsff5967/CI4/vendor/codeigniter4/framework/system/CodeIgniter.php(904): App\Controllers\BaseController->initController()
#8 /home/jsff5967/CI4/vendor/codeigniter4/framework/system/CodeIgniter.php(498): CodeIgniter\CodeIgniter->createController()
#9 /home/jsff5967/CI4/vendor/codeigniter4/framework/system/CodeIgniter.php(354): CodeIgniter\CodeIgniter->handleRequest()
#10 /home/jsff5967/CI4/vendor/codeigniter4/framework/system/Boot.php(334): CodeIgniter\CodeIgniter->run()
#11 /home/jsff5967/CI4/vendor/codeigniter4/framework/system/Boot.php(67): CodeIgniter\Boot::runCodeIgniter()
#12 /home/jsff5967/public_html/index.php(59): CodeIgniter\Boot::bootWeb()
#13 {main}
CRITICAL - 2026-04-15 14:11:34 --> CodeIgniter\Database\Exceptions\DatabaseException: Unable to connect to the database.
Main connection [MySQLi]: No such file or directory
[Method: GET, Route: admin/check-new-orders]
in SYSTEMPATH/Database/BaseConnection.php on line 467.
 1 SYSTEMPATH/Database/BaseConnection.php(620): CodeIgniter\Database\BaseConnection->initialize()
 2 SYSTEMPATH/Database/BaseBuilder.php(1649): CodeIgniter\Database\BaseConnection->query()
 3 SYSTEMPATH/Model.php(330): CodeIgniter\Database\BaseBuilder->get()
 4 SYSTEMPATH/BaseModel.php(717): CodeIgniter\Model->doFirst()
 5 APPPATH/Models/SettingModel.php(28): CodeIgniter\BaseModel->first()
 6 APPPATH/Controllers/BaseController.php(124): App\Models\SettingModel->getSetting()
 7 SYSTEMPATH/CodeIgniter.php(904): App\Controllers\BaseController->initController()
 8 SYSTEMPATH/CodeIgniter.php(498): CodeIgniter\CodeIgniter->createController()
 9 SYSTEMPATH/CodeIgniter.php(354): CodeIgniter\CodeIgniter->handleRequest()
10 SYSTEMPATH/Boot.php(334): CodeIgniter\CodeIgniter->run()
11 SYSTEMPATH/Boot.php(67): CodeIgniter\Boot::runCodeIgniter()
12 FCPATH/index.php(59): CodeIgniter\Boot::bootWeb()
ERROR - 2026-04-15 14:12:04 --> Error connecting to the database: mysqli_sql_exception: No such file or directory in /home/jsff5967/CI4/vendor/codeigniter4/framework/system/Database/MySQLi/Connection.php:201
Stack trace:
#0 /home/jsff5967/CI4/vendor/codeigniter4/framework/system/Database/MySQLi/Connection.php(201): mysqli->real_connect()
#1 /home/jsff5967/CI4/vendor/codeigniter4/framework/system/Database/BaseConnection.php(421): CodeIgniter\Database\MySQLi\Connection->connect()
#2 /home/jsff5967/CI4/vendor/codeigniter4/framework/system/Database/BaseConnection.php(620): CodeIgniter\Database\BaseConnection->initialize()
#3 /home/jsff5967/CI4/vendor/codeigniter4/framework/system/Database/BaseBuilder.php(1649): CodeIgniter\Database\BaseConnection->query()
#4 /home/jsff5967/CI4/vendor/codeigniter4/framework/system/Model.php(286): CodeIgniter\Database\BaseBuilder->get()
#5 /home/jsff5967/CI4/vendor/codeigniter4/framework/system/BaseModel.php(679): CodeIgniter\Model->doFindAll()
#6 /home/jsff5967/CI4/app/Commands/BatalkanPesananOtomatis.php(73): CodeIgniter\BaseModel->findAll()
#7 /home/jsff5967/CI4/vendor/codeigniter4/framework/system/CLI/Commands.php(74): App\Commands\BatalkanPesananOtomatis->run()
#8 /home/jsff5967/CI4/vendor/codeigniter4/framework/system/CLI/Console.php(47): CodeIgniter\CLI\Commands->run()
#9 /home/jsff5967/CI4/vendor/codeigniter4/framework/system/Boot.php(360): CodeIgniter\CLI\Console->run()
#10 /home/jsff5967/CI4/vendor/codeigniter4/framework/system/Boot.php(104): CodeIgniter\Boot::runCommand()
#11 /home/jsff5967/CI4/spark(87): CodeIgniter\Boot::bootSpark()
#12 {main}

Next CodeIgniter\Database\Exceptions\DatabaseException: No such file or directory in /home/jsff5967/CI4/vendor/codeigniter4/framework/system/Database/MySQLi/Connection.php:246
Stack trace:
#0 /home/jsff5967/CI4/vendor/codeigniter4/framework/system/Database/BaseConnection.php(421): CodeIgniter\Database\MySQLi\Connection->connect()
#1 /home/jsff5967/CI4/vendor/codeigniter4/framework/system/Database/BaseConnection.php(620): CodeIgniter\Database\BaseConnection->initialize()
#2 /home/jsff5967/CI4/vendor/codeigniter4/framework/system/Database/BaseBuilder.php(1649): CodeIgniter\Database\BaseConnection->query()
#3 /home/jsff5967/CI4/vendor/codeigniter4/framework/system/Model.php(286): CodeIgniter\Database\BaseBuilder->get()
#4 /home/jsff5967/CI4/vendor/codeigniter4/framework/system/BaseModel.php(679): CodeIgniter\Model->doFindAll()
#5 /home/jsff5967/CI4/app/Commands/BatalkanPesananOtomatis.php(73): CodeIgniter\BaseModel->findAll()
#6 /home/jsff5967/CI4/vendor/codeigniter4/framework/system/CLI/Commands.php(74): App\Commands\BatalkanPesananOtomatis->run()
#7 /home/jsff5967/CI4/vendor/codeigniter4/framework/system/CLI/Console.php(47): CodeIgniter\CLI\Commands->run()
#8 /home/jsff5967/CI4/vendor/codeigniter4/framework/system/Boot.php(360): CodeIgniter\CLI\Console->run()
#9 /home/jsff5967/CI4/vendor/codeigniter4/framework/system/Boot.php(104): CodeIgniter\Boot::runCommand()
#10 /home/jsff5967/CI4/spark(87): CodeIgniter\Boot::bootSpark()
#11 {main}
CRITICAL - 2026-04-15 14:12:04 --> CodeIgniter\Database\Exceptions\DatabaseException: Unable to connect to the database.
Main connection [MySQLi]: No such file or directory
[Method: CLI, Route: pesanan:batalkan_otomatis]
in SYSTEMPATH/Database/BaseConnection.php on line 467.
 1 SYSTEMPATH/Database/BaseConnection.php(620): CodeIgniter\Database\BaseConnection->initialize()
 2 SYSTEMPATH/Database/BaseBuilder.php(1649): CodeIgniter\Database\BaseConnection->query()
 3 SYSTEMPATH/Model.php(286): CodeIgniter\Database\BaseBuilder->get()
 4 SYSTEMPATH/BaseModel.php(679): CodeIgniter\Model->doFindAll()
 5 APPPATH/Commands/BatalkanPesananOtomatis.php(73): CodeIgniter\BaseModel->findAll()
 6 SYSTEMPATH/CLI/Commands.php(74): App\Commands\BatalkanPesananOtomatis->run()
 7 SYSTEMPATH/CLI/Console.php(47): CodeIgniter\CLI\Commands->run()
 8 SYSTEMPATH/Boot.php(360): CodeIgniter\CLI\Console->run()
 9 SYSTEMPATH/Boot.php(104): CodeIgniter\Boot::runCommand()
10 ROOTPATH/spark(87): CodeIgniter\Boot::bootSpark()
CRITICAL - 2026-04-15 22:45:57 --> CodeIgniter\HTTP\Exceptions\BadRequestException: The URI you submitted has disallowed characters: "80 X 100, 2 titik.png"
[Method: GET, Route: assets/img/gambar/80%20X%20100,%202%20titik.png]
in SYSTEMPATH/Router/Router.php on line 741.
 1 SYSTEMPATH/Router/Router.php(207): CodeIgniter\Router\Router->checkDisallowedChars()
 2 SYSTEMPATH/CodeIgniter.php(832): CodeIgniter\Router\Router->handle()
 3 SYSTEMPATH/CodeIgniter.php(455): CodeIgniter\CodeIgniter->tryToRouteIt()
 4 SYSTEMPATH/CodeIgniter.php(354): CodeIgniter\CodeIgniter->handleRequest()
 5 SYSTEMPATH/Boot.php(334): CodeIgniter\CodeIgniter->run()
 6 SYSTEMPATH/Boot.php(67): CodeIgniter\Boot::runCodeIgniter()
 7 FCPATH/index.php(59): CodeIgniter\Boot::bootWeb()
CRITICAL - 2026-04-15 22:45:57 --> CodeIgniter\HTTP\Exceptions\BadRequestException: The URI you submitted has disallowed characters: "80 X 60, 2 titik full.png"
[Method: GET, Route: assets/img/gambar/80%20X%2060,%202%20titik%20full.png]
in SYSTEMPATH/Router/Router.php on line 741.
 1 SYSTEMPATH/Router/Router.php(207): CodeIgniter\Router\Router->checkDisallowedChars()
 2 SYSTEMPATH/CodeIgniter.php(832): CodeIgniter\Router\Router->handle()
 3 SYSTEMPATH/CodeIgniter.php(455): CodeIgniter\CodeIgniter->tryToRouteIt()
 4 SYSTEMPATH/CodeIgniter.php(354): CodeIgniter\CodeIgniter->handleRequest()
 5 SYSTEMPATH/Boot.php(334): CodeIgniter\CodeIgniter->run()
 6 SYSTEMPATH/Boot.php(67): CodeIgniter\Boot::runCodeIgniter()
 7 FCPATH/index.php(59): CodeIgniter\Boot::bootWeb()
CRITICAL - 2026-04-15 23:43:45 --> CodeIgniter\HTTP\Exceptions\BadRequestException: The URI you submitted has disallowed characters: "BW (10).png"
[Method: GET, Route: assets/img/gambar/BW%20%2810%29.png]
in SYSTEMPATH/Router/Router.php on line 741.
 1 SYSTEMPATH/Router/Router.php(207): CodeIgniter\Router\Router->checkDisallowedChars()
 2 SYSTEMPATH/CodeIgniter.php(832): CodeIgniter\Router\Router->handle()
 3 SYSTEMPATH/CodeIgniter.php(455): CodeIgniter\CodeIgniter->tryToRouteIt()
 4 SYSTEMPATH/CodeIgniter.php(354): CodeIgniter\CodeIgniter->handleRequest()
 5 SYSTEMPATH/Boot.php(334): CodeIgniter\CodeIgniter->run()
 6 SYSTEMPATH/Boot.php(67): CodeIgniter\Boot::runCodeIgniter()
 7 FCPATH/index.php(59): CodeIgniter\Boot::bootWeb()
CRITICAL - 2026-04-15 23:43:45 --> CodeIgniter\HTTP\Exceptions\BadRequestException: The URI you submitted has disallowed characters: "BW (11).png"
[Method: GET, Route: assets/img/gambar/BW%20%2811%29.png]
in SYSTEMPATH/Router/Router.php on line 741.
 1 SYSTEMPATH/Router/Router.php(207): CodeIgniter\Router\Router->checkDisallowedChars()
 2 SYSTEMPATH/CodeIgniter.php(832): CodeIgniter\Router\Router->handle()
 3 SYSTEMPATH/CodeIgniter.php(455): CodeIgniter\CodeIgniter->tryToRouteIt()
 4 SYSTEMPATH/CodeIgniter.php(354): CodeIgniter\CodeIgniter->handleRequest()
 5 SYSTEMPATH/Boot.php(334): CodeIgniter\CodeIgniter->run()
 6 SYSTEMPATH/Boot.php(67): CodeIgniter\Boot::runCodeIgniter()
 7 FCPATH/index.php(59): CodeIgniter\Boot::bootWeb()
CRITICAL - 2026-04-15 23:43:45 --> CodeIgniter\HTTP\Exceptions\BadRequestException: The URI you submitted has disallowed characters: "BW (12).png"
[Method: GET, Route: assets/img/gambar/BW%20%2812%29.png]
in SYSTEMPATH/Router/Router.php on line 741.
 1 SYSTEMPATH/Router/Router.php(207): CodeIgniter\Router\Router->checkDisallowedChars()
 2 SYSTEMPATH/CodeIgniter.php(832): CodeIgniter\Router\Router->handle()
 3 SYSTEMPATH/CodeIgniter.php(455): CodeIgniter\CodeIgniter->tryToRouteIt()
 4 SYSTEMPATH/CodeIgniter.php(354): CodeIgniter\CodeIgniter->handleRequest()
 5 SYSTEMPATH/Boot.php(334): CodeIgniter\CodeIgniter->run()
 6 SYSTEMPATH/Boot.php(67): CodeIgniter\Boot::runCodeIgniter()
 7 FCPATH/index.php(59): CodeIgniter\Boot::bootWeb()
CRITICAL - 2026-04-15 23:43:45 --> CodeIgniter\HTTP\Exceptions\BadRequestException: The URI you submitted has disallowed characters: "FVK (16).png"
[Method: GET, Route: assets/img/gambar/FVK%20%2816%29.png]
in SYSTEMPATH/Router/Router.php on line 741.
 1 SYSTEMPATH/Router/Router.php(207): CodeIgniter\Router\Router->checkDisallowedChars()
 2 SYSTEMPATH/CodeIgniter.php(832): CodeIgniter\Router\Router->handle()
 3 SYSTEMPATH/CodeIgniter.php(455): CodeIgniter\CodeIgniter->tryToRouteIt()
 4 SYSTEMPATH/CodeIgniter.php(354): CodeIgniter\CodeIgniter->handleRequest()
 5 SYSTEMPATH/Boot.php(334): CodeIgniter\CodeIgniter->run()
 6 SYSTEMPATH/Boot.php(67): CodeIgniter\Boot::runCodeIgniter()
 7 FCPATH/index.php(59): CodeIgniter\Boot::bootWeb()
CRITICAL - 2026-04-15 23:43:45 --> CodeIgniter\HTTP\Exceptions\BadRequestException: The URI you submitted has disallowed characters: "FVK (10).png"
[Method: GET, Route: assets/img/gambar/FVK%20%2810%29.png]
in SYSTEMPATH/Router/Router.php on line 741.
 1 SYSTEMPATH/Router/Router.php(207): CodeIgniter\Router\Router->checkDisallowedChars()
 2 SYSTEMPATH/CodeIgniter.php(832): CodeIgniter\Router\Router->handle()
 3 SYSTEMPATH/CodeIgniter.php(455): CodeIgniter\CodeIgniter->tryToRouteIt()
 4 SYSTEMPATH/CodeIgniter.php(354): CodeIgniter\CodeIgniter->handleRequest()
 5 SYSTEMPATH/Boot.php(334): CodeIgniter\CodeIgniter->run()
 6 SYSTEMPATH/Boot.php(67): CodeIgniter\Boot::runCodeIgniter()
 7 FCPATH/index.php(59): CodeIgniter\Boot::bootWeb()
CRITICAL - 2026-04-15 23:51:35 --> ErrorException: Undefined array key "HTTP_HOST"
[Method: GET, Route: /]
in APPPATH/Controllers/BaseController.php on line 48.
 1 APPPATH/Controllers/BaseController.php(48): CodeIgniter\Debug\Exceptions->errorHandler()
 2 SYSTEMPATH/CodeIgniter.php(904): App\Controllers\BaseController->initController()
 3 SYSTEMPATH/CodeIgniter.php(498): CodeIgniter\CodeIgniter->createController()
 4 SYSTEMPATH/CodeIgniter.php(354): CodeIgniter\CodeIgniter->handleRequest()
 5 SYSTEMPATH/Boot.php(334): CodeIgniter\CodeIgniter->run()
 6 SYSTEMPATH/Boot.php(67): CodeIgniter\Boot::runCodeIgniter()
 7 FCPATH/index.php(59): CodeIgniter\Boot::bootWeb()
CRITICAL - 2026-04-15 23:51:47 --> ErrorException: Undefined array key "HTTP_HOST"
[Method: GET, Route: /]
in APPPATH/Controllers/BaseController.php on line 48.
 1 APPPATH/Controllers/BaseController.php(48): CodeIgniter\Debug\Exceptions->errorHandler()
 2 SYSTEMPATH/CodeIgniter.php(904): App\Controllers\BaseController->initController()
 3 SYSTEMPATH/CodeIgniter.php(498): CodeIgniter\CodeIgniter->createController()
 4 SYSTEMPATH/CodeIgniter.php(354): CodeIgniter\CodeIgniter->handleRequest()
 5 SYSTEMPATH/Boot.php(334): CodeIgniter\CodeIgniter->run()
 6 SYSTEMPATH/Boot.php(67): CodeIgniter\Boot::runCodeIgniter()
 7 FCPATH/index.php(59): CodeIgniter\Boot::bootWeb()
CRITICAL - 2026-04-15 23:58:35 --> ErrorException: Undefined array key "HTTP_HOST"
[Method: GET, Route: /]
in APPPATH/Controllers/BaseController.php on line 48.
 1 APPPATH/Controllers/BaseController.php(48): CodeIgniter\Debug\Exceptions->errorHandler()
 2 SYSTEMPATH/CodeIgniter.php(904): App\Controllers\BaseController->initController()
 3 SYSTEMPATH/CodeIgniter.php(498): CodeIgniter\CodeIgniter->createController()
 4 SYSTEMPATH/CodeIgniter.php(354): CodeIgniter\CodeIgniter->handleRequest()
 5 SYSTEMPATH/Boot.php(334): CodeIgniter\CodeIgniter->run()
 6 SYSTEMPATH/Boot.php(67): CodeIgniter\Boot::runCodeIgniter()
 7 FCPATH/index.php(59): CodeIgniter\Boot::bootWeb()
