CRITICAL - 2026-05-09 02:57:31 --> CodeIgniter\HTTP\Exceptions\BadRequestException: The URI you submitted has disallowed characters: "FFB (1).png"
[Method: GET, Route: assets/img/gambar/FFB%20%281%29.png]
in SYSTEMPATH/Router/Router.php on line 741.
 1 SYSTEMPATH/Router/Router.php(207): CodeIgniter\Router\Router->checkDisallowedChars()
 2 SYSTEMPATH/CodeIgniter.php(832): CodeIgniter\Router\Router->handle()
 3 SYSTEMPATH/CodeIgniter.php(455): CodeIgniter\CodeIgniter->tryToRouteIt()
 4 SYSTEMPATH/CodeIgniter.php(354): CodeIgniter\CodeIgniter->handleRequest()
 5 SYSTEMPATH/Boot.php(334): CodeIgniter\CodeIgniter->run()
 6 SYSTEMPATH/Boot.php(67): CodeIgniter\Boot::runCodeIgniter()
 7 FCPATH/index.php(59): CodeIgniter\Boot::bootWeb()
CRITICAL - 2026-05-09 02:57:31 --> CodeIgniter\HTTP\Exceptions\BadRequestException: The URI you submitted has disallowed characters: "FVK (15).png"
[Method: GET, Route: assets/img/gambar/FVK%20%2815%29.png]
in SYSTEMPATH/Router/Router.php on line 741.
 1 SYSTEMPATH/Router/Router.php(207): CodeIgniter\Router\Router->checkDisallowedChars()
 2 SYSTEMPATH/CodeIgniter.php(832): CodeIgniter\Router\Router->handle()
 3 SYSTEMPATH/CodeIgniter.php(455): CodeIgniter\CodeIgniter->tryToRouteIt()
 4 SYSTEMPATH/CodeIgniter.php(354): CodeIgniter\CodeIgniter->handleRequest()
 5 SYSTEMPATH/Boot.php(334): CodeIgniter\CodeIgniter->run()
 6 SYSTEMPATH/Boot.php(67): CodeIgniter\Boot::runCodeIgniter()
 7 FCPATH/index.php(59): CodeIgniter\Boot::bootWeb()
CRITICAL - 2026-05-09 02:57:31 --> CodeIgniter\HTTP\Exceptions\BadRequestException: The URI you submitted has disallowed characters: "FBC (6).png"
[Method: GET, Route: assets/img/gambar/FBC%20%286%29.png]
in SYSTEMPATH/Router/Router.php on line 741.
 1 SYSTEMPATH/Router/Router.php(207): CodeIgniter\Router\Router->checkDisallowedChars()
 2 SYSTEMPATH/CodeIgniter.php(832): CodeIgniter\Router\Router->handle()
 3 SYSTEMPATH/CodeIgniter.php(455): CodeIgniter\CodeIgniter->tryToRouteIt()
 4 SYSTEMPATH/CodeIgniter.php(354): CodeIgniter\CodeIgniter->handleRequest()
 5 SYSTEMPATH/Boot.php(334): CodeIgniter\CodeIgniter->run()
 6 SYSTEMPATH/Boot.php(67): CodeIgniter\Boot::runCodeIgniter()
 7 FCPATH/index.php(59): CodeIgniter\Boot::bootWeb()
CRITICAL - 2026-05-09 02:57:31 --> CodeIgniter\HTTP\Exceptions\BadRequestException: The URI you submitted has disallowed characters: "FVK (18).png"
[Method: GET, Route: assets/img/gambar/FVK%20%2818%29.png]
in SYSTEMPATH/Router/Router.php on line 741.
 1 SYSTEMPATH/Router/Router.php(207): CodeIgniter\Router\Router->checkDisallowedChars()
 2 SYSTEMPATH/CodeIgniter.php(832): CodeIgniter\Router\Router->handle()
 3 SYSTEMPATH/CodeIgniter.php(455): CodeIgniter\CodeIgniter->tryToRouteIt()
 4 SYSTEMPATH/CodeIgniter.php(354): CodeIgniter\CodeIgniter->handleRequest()
 5 SYSTEMPATH/Boot.php(334): CodeIgniter\CodeIgniter->run()
 6 SYSTEMPATH/Boot.php(67): CodeIgniter\Boot::runCodeIgniter()
 7 FCPATH/index.php(59): CodeIgniter\Boot::bootWeb()
CRITICAL - 2026-05-09 02:57:31 --> CodeIgniter\HTTP\Exceptions\BadRequestException: The URI you submitted has disallowed characters: "FFB (4).png"
[Method: GET, Route: assets/img/gambar/FFB%20%284%29.png]
in SYSTEMPATH/Router/Router.php on line 741.
 1 SYSTEMPATH/Router/Router.php(207): CodeIgniter\Router\Router->checkDisallowedChars()
 2 SYSTEMPATH/CodeIgniter.php(832): CodeIgniter\Router\Router->handle()
 3 SYSTEMPATH/CodeIgniter.php(455): CodeIgniter\CodeIgniter->tryToRouteIt()
 4 SYSTEMPATH/CodeIgniter.php(354): CodeIgniter\CodeIgniter->handleRequest()
 5 SYSTEMPATH/Boot.php(334): CodeIgniter\CodeIgniter->run()
 6 SYSTEMPATH/Boot.php(67): CodeIgniter\Boot::runCodeIgniter()
 7 FCPATH/index.php(59): CodeIgniter\Boot::bootWeb()
CRITICAL - 2026-05-09 10:50:49 --> CodeIgniter\HTTP\Exceptions\BadRequestException: The URI you submitted has disallowed characters: "小熊毕业花束"
[Method: GET, Route: products/%E5%B0%8F%E7%86%8A%E6%AF%95%E4%B8%9A%E8%8A%B1%E6%9D%9F]
in SYSTEMPATH/Router/Router.php on line 741.
 1 SYSTEMPATH/Router/Router.php(207): CodeIgniter\Router\Router->checkDisallowedChars()
 2 SYSTEMPATH/CodeIgniter.php(832): CodeIgniter\Router\Router->handle()
 3 SYSTEMPATH/CodeIgniter.php(455): CodeIgniter\CodeIgniter->tryToRouteIt()
 4 SYSTEMPATH/CodeIgniter.php(354): CodeIgniter\CodeIgniter->handleRequest()
 5 SYSTEMPATH/Boot.php(334): CodeIgniter\CodeIgniter->run()
 6 SYSTEMPATH/Boot.php(67): CodeIgniter\Boot::runCodeIgniter()
 7 FCPATH/index.php(59): CodeIgniter\Boot::bootWeb()
ERROR - 2026-05-09 11:23:32 --> [CHECKOUT DEBUG] Menerima data POST: {"csrf_test_name":"45bf8e030d00f030be99eb13c7b6d0f8","geocode_mismatch":"0","rev_address_json":"","pickup_location":"Banjarbaru","nama_depan":"Shervie","nama_belakang":"Tjitrarukmana","penerima_nomor_hp":"","nomor_pemesan":"082154947217","alamat_pengiriman_teks":"","alamat_detail":"","alamat_latitude":"","alamat_longitude":"","email_anda":"sharonerainvi93@gmail.com","tanggal_pengantaran":"2026-05-12T10:30","tipe_pengantaran":"Self-Pickup","catatan_penerima":"Request tema warna bunga, warna wrap dan cara wrap by WA","metode_pembayaran":"Direct Bank Transfer"}
CRITICAL - 2026-05-09 12:03:16 --> ErrorException: Undefined array key "HTTP_HOST"
[Method: GET, Route: /]
in APPPATH/Controllers/BaseController.php on line 48.
 1 APPPATH/Controllers/BaseController.php(48): CodeIgniter\Debug\Exceptions->errorHandler()
 2 SYSTEMPATH/CodeIgniter.php(904): App\Controllers\BaseController->initController()
 3 SYSTEMPATH/CodeIgniter.php(498): CodeIgniter\CodeIgniter->createController()
 4 SYSTEMPATH/CodeIgniter.php(354): CodeIgniter\CodeIgniter->handleRequest()
 5 SYSTEMPATH/Boot.php(334): CodeIgniter\CodeIgniter->run()
 6 SYSTEMPATH/Boot.php(67): CodeIgniter\Boot::runCodeIgniter()
 7 FCPATH/index.php(59): CodeIgniter\Boot::bootWeb()
ERROR - 2026-05-09 12:07:10 --> [CHECKOUT DEBUG] Menerima data POST: {"csrf_test_name":"6a89d45a194e25f9da503813e8913089","geocode_mismatch":"0","rev_address_json":"{\"road\":\"Jalan Nusantara II\",\"village\":\"Loktabat Selatan\",\"city\":\"Banjarbaru\",\"state\":\"South Kalimantan\",\"ISO3166-2-lvl4\":\"ID-KS\",\"region\":\"Kalimantan\",\"ISO3166-2-lvl3\":\"ID-KA\",\"postcode\":\"70712\",\"country\":\"Indonesia\",\"country_code\":\"id\"}","pickup_location":"","nama_depan":"ww","nama_belakang":"ww","penerima_nomor_hp":"1234","nomor_pemesan":"123","alamat_pengiriman_teks":"Jalan Nusantara II, Loktabat Selatan, Banjarbaru, South Kalimantan, Kalimantan, 70712, Indonesia","alamat_detail":"12","alamat_latitude":"-3.4493885","alamat_longitude":"114.8143702","email_anda":"admin@jsflorist.com","tanggal_pengantaran":"2026-05-09T15:06","tipe_pengantaran":"Delivery","catatan_penerima":"","metode_pembayaran":"QRIS"}
ERROR - 2026-05-09 12:07:10 --> [CHECKOUT DEBUG] Validasi Gagal: {"nama_depan":"The nama_depan field must be at least 3 characters in length."}
ERROR - 2026-05-09 12:07:37 --> [CHECKOUT DEBUG] Menerima data POST: {"csrf_test_name":"6a89d45a194e25f9da503813e8913089","geocode_mismatch":"0","rev_address_json":"{\"road\":\"marjan\",\"village\":\"Loktabat Selatan\",\"city\":\"Banjarbaru\",\"state\":\"South Kalimantan\",\"ISO3166-2-lvl4\":\"ID-KS\",\"region\":\"Kalimantan\",\"ISO3166-2-lvl3\":\"ID-KA\",\"postcode\":\"70712\",\"country\":\"Indonesia\",\"country_code\":\"id\"}","pickup_location":"","nama_depan":"wwr","nama_belakang":"ww","penerima_nomor_hp":"1234","nomor_pemesan":"123","alamat_pengiriman_teks":"marjan, Loktabat Selatan, Banjarbaru, South Kalimantan, Kalimantan, 70712, Indonesia","alamat_detail":"12","alamat_latitude":"-3.436772391925631","alamat_longitude":"114.82074737461518","email_anda":"admin@jsflorist.com","tanggal_pengantaran":"2026-05-09T15:06","tipe_pengantaran":"Delivery","catatan_penerima":"","metode_pembayaran":"QRIS"}
ERROR - 2026-05-09 12:12:35 --> [CHECKOUT DEBUG] Menerima data POST: {"csrf_test_name":"6a89d45a194e25f9da503813e8913089","geocode_mismatch":"0","rev_address_json":"","pickup_location":"Banjarbaru","nama_depan":"tes","nama_belakang":"ting","penerima_nomor_hp":"","nomor_pemesan":"987","alamat_pengiriman_teks":"","alamat_detail":"","alamat_latitude":"","alamat_longitude":"","email_anda":"admin@jsflorist.com","tanggal_pengantaran":"2026-05-09T15:12","tipe_pengantaran":"Self-Pickup","catatan_penerima":"","metode_pembayaran":"QRIS"}
ERROR - 2026-05-09 12:13:59 --> [CHECKOUT DEBUG] Menerima data POST: {"csrf_test_name":"6a89d45a194e25f9da503813e8913089","geocode_mismatch":"0","rev_address_json":"","pickup_location":"Banjarbaru","nama_depan":"wee","nama_belakang":"tes","penerima_nomor_hp":"","nomor_pemesan":"345","alamat_pengiriman_teks":"","alamat_detail":"","alamat_latitude":"","alamat_longitude":"","email_anda":"admin@jsflorist.com","tanggal_pengantaran":"2026-05-09T15:13","tipe_pengantaran":"Self-Pickup","catatan_penerima":"","metode_pembayaran":"Direct Bank Transfer"}
ERROR - 2026-05-09 12:30:00 --> [CHECKOUT DEBUG] Menerima data POST: {"csrf_test_name":"6a89d45a194e25f9da503813e8913089","geocode_mismatch":"0","rev_address_json":"","pickup_location":"Banjarbaru","nama_depan":"tes","nama_belakang":"satu","penerima_nomor_hp":"","nomor_pemesan":"234","alamat_pengiriman_teks":"","alamat_detail":"","alamat_latitude":"","alamat_longitude":"","email_anda":"admin@jsflorist.com","tanggal_pengantaran":"2026-05-09T16:29","tipe_pengantaran":"Self-Pickup","catatan_penerima":"","metode_pembayaran":"QRIS"}
ERROR - 2026-05-09 12:32:16 --> [CHECKOUT DEBUG] Menerima data POST: {"csrf_test_name":"6a89d45a194e25f9da503813e8913089","geocode_mismatch":"0","rev_address_json":"","pickup_location":"Banjarbaru","nama_depan":"set","nama_belakang":"tiga","penerima_nomor_hp":"","nomor_pemesan":"657","alamat_pengiriman_teks":"","alamat_detail":"","alamat_latitude":"","alamat_longitude":"","email_anda":"admin@jsflorist.com","tanggal_pengantaran":"2026-05-09T15:32","tipe_pengantaran":"Self-Pickup","catatan_penerima":"","metode_pembayaran":"Direct Bank Transfer"}
CRITICAL - 2026-05-09 18:27:47 --> CodeIgniter\HTTP\Exceptions\BadRequestException: The URI you submitted has disallowed characters: "恭喜发财"
[Method: GET, Route: products/%E6%81%AD%E5%96%9C%E5%8F%91%E8%B4%A2]
in SYSTEMPATH/Router/Router.php on line 741.
 1 SYSTEMPATH/Router/Router.php(207): CodeIgniter\Router\Router->checkDisallowedChars()
 2 SYSTEMPATH/CodeIgniter.php(832): CodeIgniter\Router\Router->handle()
 3 SYSTEMPATH/CodeIgniter.php(455): CodeIgniter\CodeIgniter->tryToRouteIt()
 4 SYSTEMPATH/CodeIgniter.php(354): CodeIgniter\CodeIgniter->handleRequest()
 5 SYSTEMPATH/Boot.php(334): CodeIgniter\CodeIgniter->run()
 6 SYSTEMPATH/Boot.php(67): CodeIgniter\Boot::runCodeIgniter()
 7 FCPATH/index.php(59): CodeIgniter\Boot::bootWeb()
CRITICAL - 2026-05-09 20:16:59 --> CodeIgniter\HTTP\Exceptions\BadRequestException: The URI you submitted has disallowed characters: "喜迎春"
[Method: GET, Route: products/%E5%96%9C%E8%BF%8E%E6%98%A5]
in SYSTEMPATH/Router/Router.php on line 741.
 1 SYSTEMPATH/Router/Router.php(207): CodeIgniter\Router\Router->checkDisallowedChars()
 2 SYSTEMPATH/CodeIgniter.php(832): CodeIgniter\Router\Router->handle()
 3 SYSTEMPATH/CodeIgniter.php(455): CodeIgniter\CodeIgniter->tryToRouteIt()
 4 SYSTEMPATH/CodeIgniter.php(354): CodeIgniter\CodeIgniter->handleRequest()
 5 SYSTEMPATH/Boot.php(334): CodeIgniter\CodeIgniter->run()
 6 SYSTEMPATH/Boot.php(67): CodeIgniter\Boot::runCodeIgniter()
 7 FCPATH/index.php(59): CodeIgniter\Boot::bootWeb()
