CRITICAL - 2026-05-11 06:45:32 --> ErrorException: Undefined array key "HTTP_HOST"
[Method: GET, Route: /]
in APPPATH/Controllers/BaseController.php on line 48.
 1 APPPATH/Controllers/BaseController.php(48): CodeIgniter\Debug\Exceptions->errorHandler()
 2 SYSTEMPATH/CodeIgniter.php(904): App\Controllers\BaseController->initController()
 3 SYSTEMPATH/CodeIgniter.php(498): CodeIgniter\CodeIgniter->createController()
 4 SYSTEMPATH/CodeIgniter.php(354): CodeIgniter\CodeIgniter->handleRequest()
 5 SYSTEMPATH/Boot.php(334): CodeIgniter\CodeIgniter->run()
 6 SYSTEMPATH/Boot.php(67): CodeIgniter\Boot::runCodeIgniter()
 7 FCPATH/index.php(59): CodeIgniter\Boot::bootWeb()
CRITICAL - 2026-05-11 06:45:57 --> ErrorException: Undefined array key "HTTP_HOST"
[Method: GET, Route: /]
in APPPATH/Controllers/BaseController.php on line 48.
 1 APPPATH/Controllers/BaseController.php(48): CodeIgniter\Debug\Exceptions->errorHandler()
 2 SYSTEMPATH/CodeIgniter.php(904): App\Controllers\BaseController->initController()
 3 SYSTEMPATH/CodeIgniter.php(498): CodeIgniter\CodeIgniter->createController()
 4 SYSTEMPATH/CodeIgniter.php(354): CodeIgniter\CodeIgniter->handleRequest()
 5 SYSTEMPATH/Boot.php(334): CodeIgniter\CodeIgniter->run()
 6 SYSTEMPATH/Boot.php(67): CodeIgniter\Boot::runCodeIgniter()
 7 FCPATH/index.php(59): CodeIgniter\Boot::bootWeb()
ERROR - 2026-05-11 10:45:41 --> [CHECKOUT DEBUG] Menerima data POST: {"csrf_test_name":"e6d91988737533e3148a594be0791d01","geocode_mismatch":"0","rev_address_json":"","pickup_location":"Banjarbaru","nama_depan":"qafkha","nama_belakang":"qafkha","penerima_nomor_hp":"","nomor_pemesan":"085947589277","alamat_pengiriman_teks":"","alamat_detail":"","alamat_latitude":"","alamat_longitude":"","email_anda":"qafka86@gmail.com","tanggal_pengantaran":"2026-05-11T15:00","tipe_pengantaran":"Self-Pickup","catatan_penerima":"Happy Graduation Queensha Rizqita Azzahra","metode_pembayaran":"QRIS"}
ERROR - 2026-05-11 10:48:09 --> [CHECKOUT DEBUG] Menerima data POST: {"csrf_test_name":"e6d91988737533e3148a594be0791d01","geocode_mismatch":"0","rev_address_json":"","pickup_location":"Banjarbaru","nama_depan":"qafkha","nama_belakang":"qafkha","penerima_nomor_hp":"","nomor_pemesan":"085947589277","alamat_pengiriman_teks":"","alamat_detail":"","alamat_latitude":"","alamat_longitude":"","email_anda":"qafka86@gmail.com","tanggal_pengantaran":"2026-05-11T15:00","tipe_pengantaran":"Self-Pickup","catatan_penerima":"Happy Graduation Queensha Rizqita Azzahra","metode_pembayaran":"QRIS"}
ERROR - 2026-05-11 10:48:21 --> [CHECKOUT DEBUG] Menerima data POST: {"csrf_test_name":"e6d91988737533e3148a594be0791d01","geocode_mismatch":"0","rev_address_json":"","pickup_location":"Banjarbaru","nama_depan":"qafkha","nama_belakang":"qafkha","penerima_nomor_hp":"","nomor_pemesan":"085947589277","alamat_pengiriman_teks":"","alamat_detail":"","alamat_latitude":"","alamat_longitude":"","email_anda":"qafka86@gmail.com","tanggal_pengantaran":"2026-05-11T15:00","tipe_pengantaran":"Self-Pickup","catatan_penerima":"Happy Graduation Queensha Rizqita Azzahra","metode_pembayaran":"QRIS"}
ERROR - 2026-05-11 10:48:32 --> [CHECKOUT DEBUG] Menerima data POST: {"csrf_test_name":"e6d91988737533e3148a594be0791d01","geocode_mismatch":"0","rev_address_json":"","pickup_location":"Banjarbaru","nama_depan":"qafkha","nama_belakang":"qafkha","penerima_nomor_hp":"","nomor_pemesan":"085947589277","alamat_pengiriman_teks":"","alamat_detail":"","alamat_latitude":"","alamat_longitude":"","email_anda":"qafka86@gmail.com","tanggal_pengantaran":"2026-05-11T15:00","tipe_pengantaran":"Self-Pickup","catatan_penerima":"Happy Graduation Queensha Rizqita Azzahra","metode_pembayaran":"QRIS"}
ERROR - 2026-05-11 10:49:54 --> [CHECKOUT DEBUG] Menerima data POST: {"csrf_test_name":"e6d91988737533e3148a594be0791d01","geocode_mismatch":"0","rev_address_json":"","pickup_location":"Banjarbaru","nama_depan":"qafkha","nama_belakang":"qafkha","penerima_nomor_hp":"","nomor_pemesan":"085947589277","alamat_pengiriman_teks":"","alamat_detail":"","alamat_latitude":"","alamat_longitude":"","email_anda":"qafka86@gmail.com","tanggal_pengantaran":"2026-05-11T15:30","tipe_pengantaran":"Self-Pickup","catatan_penerima":"Happy Graduation Queensha Rizqita Azzahra","metode_pembayaran":"QRIS"}
ERROR - 2026-05-11 10:49:54 --> [CHECKOUT DEBUG] Menerima data POST: {"csrf_test_name":"e6d91988737533e3148a594be0791d01","geocode_mismatch":"0","rev_address_json":"","pickup_location":"Banjarbaru","nama_depan":"qafkha","nama_belakang":"qafkha","penerima_nomor_hp":"","nomor_pemesan":"085947589277","alamat_pengiriman_teks":"","alamat_detail":"","alamat_latitude":"","alamat_longitude":"","email_anda":"qafka86@gmail.com","tanggal_pengantaran":"2026-05-11T15:30","tipe_pengantaran":"Self-Pickup","catatan_penerima":"Happy Graduation Queensha Rizqita Azzahra","metode_pembayaran":"QRIS"}
CRITICAL - 2026-05-11 17:30:56 --> ErrorException: Undefined array key "HTTP_HOST"
[Method: GET, Route: /]
in APPPATH/Controllers/BaseController.php on line 48.
 1 APPPATH/Controllers/BaseController.php(48): CodeIgniter\Debug\Exceptions->errorHandler()
 2 SYSTEMPATH/CodeIgniter.php(904): App\Controllers\BaseController->initController()
 3 SYSTEMPATH/CodeIgniter.php(498): CodeIgniter\CodeIgniter->createController()
 4 SYSTEMPATH/CodeIgniter.php(354): CodeIgniter\CodeIgniter->handleRequest()
 5 SYSTEMPATH/Boot.php(334): CodeIgniter\CodeIgniter->run()
 6 SYSTEMPATH/Boot.php(67): CodeIgniter\Boot::runCodeIgniter()
 7 FCPATH/index.php(59): CodeIgniter\Boot::bootWeb()
CRITICAL - 2026-05-11 17:31:15 --> ErrorException: Undefined array key "HTTP_HOST"
[Method: GET, Route: /]
in APPPATH/Controllers/BaseController.php on line 48.
 1 APPPATH/Controllers/BaseController.php(48): CodeIgniter\Debug\Exceptions->errorHandler()
 2 SYSTEMPATH/CodeIgniter.php(904): App\Controllers\BaseController->initController()
 3 SYSTEMPATH/CodeIgniter.php(498): CodeIgniter\CodeIgniter->createController()
 4 SYSTEMPATH/CodeIgniter.php(354): CodeIgniter\CodeIgniter->handleRequest()
 5 SYSTEMPATH/Boot.php(334): CodeIgniter\CodeIgniter->run()
 6 SYSTEMPATH/Boot.php(67): CodeIgniter\Boot::runCodeIgniter()
 7 FCPATH/index.php(59): CodeIgniter\Boot::bootWeb()
CRITICAL - 2026-05-11 17:31:20 --> ErrorException: Undefined array key "HTTP_HOST"
[Method: GET, Route: /]
in APPPATH/Controllers/BaseController.php on line 48.
 1 APPPATH/Controllers/BaseController.php(48): CodeIgniter\Debug\Exceptions->errorHandler()
 2 SYSTEMPATH/CodeIgniter.php(904): App\Controllers\BaseController->initController()
 3 SYSTEMPATH/CodeIgniter.php(498): CodeIgniter\CodeIgniter->createController()
 4 SYSTEMPATH/CodeIgniter.php(354): CodeIgniter\CodeIgniter->handleRequest()
 5 SYSTEMPATH/Boot.php(334): CodeIgniter\CodeIgniter->run()
 6 SYSTEMPATH/Boot.php(67): CodeIgniter\Boot::runCodeIgniter()
 7 FCPATH/index.php(59): CodeIgniter\Boot::bootWeb()
CRITICAL - 2026-05-11 20:07:15 --> CodeIgniter\HTTP\Exceptions\BadRequestException: The URI you submitted has disallowed characters: "紫馨"
[Method: GET, Route: products/%E7%B4%AB%E9%A6%A8]
in SYSTEMPATH/Router/Router.php on line 741.
 1 SYSTEMPATH/Router/Router.php(207): CodeIgniter\Router\Router->checkDisallowedChars()
 2 SYSTEMPATH/CodeIgniter.php(832): CodeIgniter\Router\Router->handle()
 3 SYSTEMPATH/CodeIgniter.php(455): CodeIgniter\CodeIgniter->tryToRouteIt()
 4 SYSTEMPATH/CodeIgniter.php(354): CodeIgniter\CodeIgniter->handleRequest()
 5 SYSTEMPATH/Boot.php(334): CodeIgniter\CodeIgniter->run()
 6 SYSTEMPATH/Boot.php(67): CodeIgniter\Boot::runCodeIgniter()
 7 FCPATH/index.php(59): CodeIgniter\Boot::bootWeb()
CRITICAL - 2026-05-11 20:46:53 --> CodeIgniter\HTTP\Exceptions\BadRequestException: The URI you submitted has disallowed characters: "六六大吉"
[Method: GET, Route: products/%E5%85%AD%E5%85%AD%E5%A4%A7%E5%90%89]
in SYSTEMPATH/Router/Router.php on line 741.
 1 SYSTEMPATH/Router/Router.php(207): CodeIgniter\Router\Router->checkDisallowedChars()
 2 SYSTEMPATH/CodeIgniter.php(832): CodeIgniter\Router\Router->handle()
 3 SYSTEMPATH/CodeIgniter.php(455): CodeIgniter\CodeIgniter->tryToRouteIt()
 4 SYSTEMPATH/CodeIgniter.php(354): CodeIgniter\CodeIgniter->handleRequest()
 5 SYSTEMPATH/Boot.php(334): CodeIgniter\CodeIgniter->run()
 6 SYSTEMPATH/Boot.php(67): CodeIgniter\Boot::runCodeIgniter()
 7 FCPATH/index.php(59): CodeIgniter\Boot::bootWeb()
